Archive member included to satisfy reference by file (symbol)

c:/st/stm32cubeide_1.11.0/stm32cubeide/plugins/com.st.stm32cube.ide.mcu.externaltools.gnu-tools-for-stm32.10.3-2021.10.win32_1.0.100.202210260954/tools/bin/../lib/gcc/arm-none-eabi/10.3.1/../../../../arm-none-eabi/lib/thumb/v6-m/nofp\libc_nano.a(lib_a-errno.o)
                              ./Core/Src/syscalls.o (__errno)
c:/st/stm32cubeide_1.11.0/stm32cubeide/plugins/com.st.stm32cube.ide.mcu.externaltools.gnu-tools-for-stm32.10.3-2021.10.win32_1.0.100.202210260954/tools/bin/../lib/gcc/arm-none-eabi/10.3.1/../../../../arm-none-eabi/lib/thumb/v6-m/nofp\libc_nano.a(lib_a-exit.o)
                              c:/st/stm32cubeide_1.11.0/stm32cubeide/plugins/com.st.stm32cube.ide.mcu.externaltools.gnu-tools-for-stm32.10.3-2021.10.win32_1.0.100.202210260954/tools/bin/../lib/gcc/arm-none-eabi/10.3.1/../../../../arm-none-eabi/lib/thumb/v6-m/nofp/crt0.o (exit)
c:/st/stm32cubeide_1.11.0/stm32cubeide/plugins/com.st.stm32cube.ide.mcu.externaltools.gnu-tools-for-stm32.10.3-2021.10.win32_1.0.100.202210260954/tools/bin/../lib/gcc/arm-none-eabi/10.3.1/../../../../arm-none-eabi/lib/thumb/v6-m/nofp\libc_nano.a(lib_a-impure.o)
                              c:/st/stm32cubeide_1.11.0/stm32cubeide/plugins/com.st.stm32cube.ide.mcu.externaltools.gnu-tools-for-stm32.10.3-2021.10.win32_1.0.100.202210260954/tools/bin/../lib/gcc/arm-none-eabi/10.3.1/../../../../arm-none-eabi/lib/thumb/v6-m/nofp\libc_nano.a(lib_a-exit.o) (_global_impure_ptr)
c:/st/stm32cubeide_1.11.0/stm32cubeide/plugins/com.st.stm32cube.ide.mcu.externaltools.gnu-tools-for-stm32.10.3-2021.10.win32_1.0.100.202210260954/tools/bin/../lib/gcc/arm-none-eabi/10.3.1/../../../../arm-none-eabi/lib/thumb/v6-m/nofp\libc_nano.a(lib_a-init.o)
                              c:/st/stm32cubeide_1.11.0/stm32cubeide/plugins/com.st.stm32cube.ide.mcu.externaltools.gnu-tools-for-stm32.10.3-2021.10.win32_1.0.100.202210260954/tools/bin/../lib/gcc/arm-none-eabi/10.3.1/../../../../arm-none-eabi/lib/thumb/v6-m/nofp/crt0.o (__libc_init_array)
c:/st/stm32cubeide_1.11.0/stm32cubeide/plugins/com.st.stm32cube.ide.mcu.externaltools.gnu-tools-for-stm32.10.3-2021.10.win32_1.0.100.202210260954/tools/bin/../lib/gcc/arm-none-eabi/10.3.1/../../../../arm-none-eabi/lib/thumb/v6-m/nofp\libc_nano.a(lib_a-memset.o)
                              c:/st/stm32cubeide_1.11.0/stm32cubeide/plugins/com.st.stm32cube.ide.mcu.externaltools.gnu-tools-for-stm32.10.3-2021.10.win32_1.0.100.202210260954/tools/bin/../lib/gcc/arm-none-eabi/10.3.1/../../../../arm-none-eabi/lib/thumb/v6-m/nofp/crt0.o (memset)
c:/st/stm32cubeide_1.11.0/stm32cubeide/plugins/com.st.stm32cube.ide.mcu.externaltools.gnu-tools-for-stm32.10.3-2021.10.win32_1.0.100.202210260954/tools/bin/../lib/gcc/arm-none-eabi/10.3.1/thumb/v6-m/nofp\libgcc.a(_udivsi3.o)
                              ./Core/Src/ULP_Effects.o (__aeabi_uidiv)
c:/st/stm32cubeide_1.11.0/stm32cubeide/plugins/com.st.stm32cube.ide.mcu.externaltools.gnu-tools-for-stm32.10.3-2021.10.win32_1.0.100.202210260954/tools/bin/../lib/gcc/arm-none-eabi/10.3.1/thumb/v6-m/nofp\libgcc.a(_divsi3.o)
                              ./Core/Src/ULP_Effects.o (__aeabi_idiv)
c:/st/stm32cubeide_1.11.0/stm32cubeide/plugins/com.st.stm32cube.ide.mcu.externaltools.gnu-tools-for-stm32.10.3-2021.10.win32_1.0.100.202210260954/tools/bin/../lib/gcc/arm-none-eabi/10.3.1/thumb/v6-m/nofp\libgcc.a(_dvmd_tls.o)
                              c:/st/stm32cubeide_1.11.0/stm32cubeide/plugins/com.st.stm32cube.ide.mcu.externaltools.gnu-tools-for-stm32.10.3-2021.10.win32_1.0.100.202210260954/tools/bin/../lib/gcc/arm-none-eabi/10.3.1/thumb/v6-m/nofp\libgcc.a(_udivsi3.o) (__aeabi_idiv0)
c:/st/stm32cubeide_1.11.0/stm32cubeide/plugins/com.st.stm32cube.ide.mcu.externaltools.gnu-tools-for-stm32.10.3-2021.10.win32_1.0.100.202210260954/tools/bin/../lib/gcc/arm-none-eabi/10.3.1/thumb/v6-m/nofp\libgcc.a(_aeabi_uldivmod.o)
                              ./Drivers/STM32G0xx_HAL_Driver/Src/stm32g0xx_hal_uart.o (__aeabi_uldivmod)
c:/st/stm32cubeide_1.11.0/stm32cubeide/plugins/com.st.stm32cube.ide.mcu.externaltools.gnu-tools-for-stm32.10.3-2021.10.win32_1.0.100.202210260954/tools/bin/../lib/gcc/arm-none-eabi/10.3.1/thumb/v6-m/nofp\libgcc.a(_udivmoddi4.o)
                              c:/st/stm32cubeide_1.11.0/stm32cubeide/plugins/com.st.stm32cube.ide.mcu.externaltools.gnu-tools-for-stm32.10.3-2021.10.win32_1.0.100.202210260954/tools/bin/../lib/gcc/arm-none-eabi/10.3.1/thumb/v6-m/nofp\libgcc.a(_aeabi_uldivmod.o) (__udivmoddi4)
c:/st/stm32cubeide_1.11.0/stm32cubeide/plugins/com.st.stm32cube.ide.mcu.externaltools.gnu-tools-for-stm32.10.3-2021.10.win32_1.0.100.202210260954/tools/bin/../lib/gcc/arm-none-eabi/10.3.1/thumb/v6-m/nofp\libgcc.a(_clzdi2.o)
[...]
Memory Configuration

Name             Origin             Length             Attributes
RAM              0x0000000020000000 0x0000000000009000 xrw
FLASH            0x0000000008000000 0x0000000000020000 xr
*default*        0x0000000000000000 0xffffffffffffffff

Linker script and memory map

LOAD c:/st/stm32cubeide_1.11.0/stm32cubeide/plugins/com.st.stm32cube.ide.mcu.externaltools.gnu-tools-for-stm32.10.3-2021.10.win32_1.0.100.202210260954/tools/bin/../lib/gcc/arm-none-eabi/10.3.1/thumb/v6-m/nofp/crti.o
LOAD c:/st/stm32cubeide_1.11.0/stm32cubeide/plugins/com.st.stm32cube.ide.mcu.externaltools.gnu-tools-for-stm32.10.3-2021.10.win32_1.0.100.202210260954/tools/bin/../lib/gcc/arm-none-eabi/10.3.1/thumb/v6-m/nofp/crtbegin.o
LOAD c:/st/stm32cubeide_1.11.0/stm32cubeide/plugins/com.st.stm32cube.ide.mcu.externaltools.gnu-tools-for-stm32.10.3-2021.10.win32_1.0.100.202210260954/tools/bin/../lib/gcc/arm-none-eabi/10.3.1/../../../../arm-none-eabi/lib/thumb/v6-m/nofp/crt0.o
LOAD ./Core/Src/ULP_Effects.o
LOAD ./Core/Src/ULP_utilities.o
LOAD ./Core/Src/ULP_ws2812b.o
LOAD ./Core/Src/dma.o
LOAD ./Core/Src/gpio.o
LOAD ./Core/Src/main.o
LOAD ./Core/Src/stm32g0xx_hal_msp.o
LOAD ./Core/Src/stm32g0xx_it.o
LOAD ./Core/Src/syscalls.o
LOAD ./Core/Src/sysmem.o
LOAD ./Core/Src/system_stm32g0xx.o
LOAD ./Core/Src/tim.o
LOAD ./Core/Src/usart.o
LOAD ./Core/Startup/startup_stm32g071rbtx.o
LOAD ./Drivers/STM32G0xx_HAL_Driver/Src/stm32g0xx_hal.o
LOAD ./Drivers/STM32G0xx_HAL_Driver/Src/stm32g0xx_hal_cortex.o
LOAD ./Drivers/STM32G0xx_HAL_Driver/Src/stm32g0xx_hal_dma.o
LOAD ./Drivers/STM32G0xx_HAL_Driver/Src/stm32g0xx_hal_dma_ex.o
LOAD ./Drivers/STM32G0xx_HAL_Driver/Src/stm32g0xx_hal_exti.o
LOAD ./Drivers/STM32G0xx_HAL_Driver/Src/stm32g0xx_hal_flash.o
LOAD ./Drivers/STM32G0xx_HAL_Driver/Src/stm32g0xx_hal_flash_ex.o
LOAD ./Drivers/STM32G0xx_HAL_Driver/Src/stm32g0xx_hal_gpio.o
LOAD ./Drivers/STM32G0xx_HAL_Driver/Src/stm32g0xx_hal_pwr.o
LOAD ./Drivers/STM32G0xx_HAL_Driver/Src/stm32g0xx_hal_pwr_ex.o
LOAD ./Drivers/STM32G0xx_HAL_Driver/Src/stm32g0xx_hal_rcc.o
LOAD ./Drivers/STM32G0xx_HAL_Driver/Src/stm32g0xx_hal_rcc_ex.o
LOAD ./Drivers/STM32G0xx_HAL_Driver/Src/stm32g0xx_hal_tim.o
LOAD ./Drivers/STM32G0xx_HAL_Driver/Src/stm32g0xx_hal_tim_ex.o
LOAD ./Drivers/STM32G0xx_HAL_Driver/Src/stm32g0xx_hal_uart.o
LOAD ./Drivers/STM32G0xx_HAL_Driver/Src/stm32g0xx_hal_uart_ex.o
LOAD ./Drivers/STM32G0xx_HAL_Driver/Src/stm32g0xx_ll_dma.o
LOAD ./Drivers/STM32G0xx_HAL_Driver/Src/stm32g0xx_ll_rcc.o
START GROUP
LOAD c:/st/stm32cubeide_1.11.0/stm32cubeide/plugins/com.st.stm32cube.ide.mcu.externaltools.gnu-tools-for-stm32.10.3-2021.10.win32_1.0.100.202210260954/tools/bin/../lib/gcc/arm-none-eabi/10.3.1/../../../../arm-none-eabi/lib/thumb/v6-m/nofp\libc_nano.a
LOAD c:/st/stm32cubeide_1.11.0/stm32cubeide/plugins/com.st.stm32cube.ide.mcu.externaltools.gnu-tools-for-stm32.10.3-2021.10.win32_1.0.100.202210260954/tools/bin/../lib/gcc/arm-none-eabi/10.3.1/../../../../arm-none-eabi/lib/thumb/v6-m/nofp\libm.a
END GROUP
START GROUP
LOAD c:/st/stm32cubeide_1.11.0/stm32cubeide/plugins/com.st.stm32cube.ide.mcu.externaltools.gnu-tools-for-stm32.10.3-2021.10.win32_1.0.100.202210260954/tools/bin/../lib/gcc/arm-none-eabi/10.3.1/thumb/v6-m/nofp\libgcc.a
LOAD c:/st/stm32cubeide_1.11.0/stm32cubeide/plugins/com.st.stm32cube.ide.mcu.externaltools.gnu-tools-for-stm32.10.3-2021.10.win32_1.0.100.202210260954/tools/bin/../lib/gcc/arm-none-eabi/10.3.1/../../../../arm-none-eabi/lib/thumb/v6-m/nofp\libc_nano.a
END GROUP
START GROUP
LOAD c:/st/stm32cubeide_1.11.0/stm32cubeide/plugins/com.st.stm32cube.ide.mcu.externaltools.gnu-tools-for-stm32.10.3-2021.10.win32_1.0.100.202210260954/tools/bin/../lib/gcc/arm-none-eabi/10.3.1/thumb/v6-m/nofp\libgcc.a
LOAD c:/st/stm32cubeide_1.11.0/stm32cubeide/plugins/com.st.stm32cube.ide.mcu.externaltools.gnu-tools-for-stm32.10.3-2021.10.win32_1.0.100.202210260954/tools/bin/../lib/gcc/arm-none-eabi/10.3.1/../../../../arm-none-eabi/lib/thumb/v6-m/nofp\libc_nano.a
LOAD c:/st/stm32cubeide_1.11.0/stm32cubeide/plugins/com.st.stm32cube.ide.mcu.externaltools.gnu-tools-for-stm32.10.3-2021.10.win32_1.0.100.202210260954/tools/bin/../lib/gcc/arm-none-eabi/10.3.1/../../../../arm-none-eabi/lib/thumb/v6-m/nofp\libnosys.a
END GROUP
START GROUP
LOAD c:/st/stm32cubeide_1.11.0/stm32cubeide/plugins/com.st.stm32cube.ide.mcu.externaltools.gnu-tools-for-stm32.10.3-2021.10.win32_1.0.100.202210260954/tools/bin/../lib/gcc/arm-none-eabi/10.3.1/thumb/v6-m/nofp\libgcc.a
LOAD c:/st/stm32cubeide_1.11.0/stm32cubeide/plugins/com.st.stm32cube.ide.mcu.externaltools.gnu-tools-for-stm32.10.3-2021.10.win32_1.0.100.202210260954/tools/bin/../lib/gcc/arm-none-eabi/10.3.1/../../../../arm-none-eabi/lib/thumb/v6-m/nofp\libc_nano.a
LOAD c:/st/stm32cubeide_1.11.0/stm32cubeide/plugins/com.st.stm32cube.ide.mcu.externaltools.gnu-tools-for-stm32.10.3-2021.10.win32_1.0.100.202210260954/tools/bin/../lib/gcc/arm-none-eabi/10.3.1/../../../../arm-none-eabi/lib/thumb/v6-m/nofp\libnosys.a
END GROUP
LOAD c:/st/stm32cubeide_1.11.0/stm32cubeide/plugins/com.st.stm32cube.ide.mcu.externaltools.gnu-tools-for-stm32.10.3-2021.10.win32_1.0.100.202210260954/tools/bin/../lib/gcc/arm-none-eabi/10.3.1/thumb/v6-m/nofp/crtend.o
LOAD c:/st/stm32cubeide_1.11.0/stm32cubeide/plugins/com.st.stm32cube.ide.mcu.externaltools.gnu-tools-for-stm32.10.3-2021.10.win32_1.0.100.202210260954/tools/bin/../lib/gcc/arm-none-eabi/10.3.1/thumb/v6-m/nofp/crtn.o
                0x0000000020009000                _estack = (ORIGIN (RAM) + LENGTH (RAM))
                0x0000000000000200                _Min_Heap_Size = 0x200
                0x0000000000000400                _Min_Stack_Size = 0x400

.isr_vector     0x0000000008000000       0xbc
                0x0000000008000000                . = ALIGN (0x4)
 *(.isr_vector)
 .isr_vector    0x0000000008000000       0xbc ./Core/Startup/startup_stm32g071rbtx.o
                0x0000000008000000                g_pfnVectors
                0x00000000080000bc                . = ALIGN (0x4)

.text           0x00000000080000bc     0x79e0
                0x00000000080000bc                . = ALIGN (0x4)
 *(.text)
 .text          0x00000000080000bc       0x48 c:/st/stm32cubeide_1.11.0/stm32cubeide/plugins/com.st.stm32cube.ide.mcu.externaltools.gnu-tools-for-stm32.10.3-2021.10.win32_1.0.100.202210260954/tools/bin/../lib/gcc/arm-none-eabi/10.3.1/thumb/v6-m/nofp/crtbegin.o
 .text          0x0000000008000104      0x114 c:/st/stm32cubeide_1.11.0/stm32cubeide/plugins/com.st.stm32cube.ide.mcu.externaltools.gnu-tools-for-stm32.10.3-2021.10.win32_1.0.100.202210260954/tools/bin/../lib/gcc/arm-none-eabi/10.3.1/thumb/v6-m/nofp\libgcc.a(_udivsi3.o)
                0x0000000008000104                __aeabi_uidiv
                0x0000000008000104                __udivsi3
                0x0000000008000210                __aeabi_uidivmod
 .text          0x0000000008000218      0x1d4 c:/st/stm32cubeide_1.11.0/stm32cubeide/plugins/com.st.stm32cube.ide.mcu.externaltools.gnu-tools-for-stm32.10.3-2021.10.win32_1.0.100.202210260954/tools/bin/../lib/gcc/arm-none-eabi/10.3.1/thumb/v6-m/nofp\libgcc.a(_divsi3.o)
                0x0000000008000218                __divsi3
                0x0000000008000218                __aeabi_idiv
                0x00000000080003e4                __aeabi_idivmod
 .text          0x00000000080003ec        0x4 c:/st/stm32cubeide_1.11.0/stm32cubeide/plugins/com.st.stm32cube.ide.mcu.externaltools.gnu-tools-for-stm32.10.3-2021.10.win32_1.0.100.202210260954/tools/bin/../lib/gcc/arm-none-eabi/10.3.1/thumb/v6-m/nofp\libgcc.a(_dvmd_tls.o)
                0x00000000080003ec                __aeabi_idiv0
                0x00000000080003ec                __aeabi_ldiv0
 .text          0x00000000080003f0       0x40 c:/st/stm32cubeide_1.11.0/stm32cubeide/plugins/com.st.stm32cube.ide.mcu.externaltools.gnu-tools-for-stm32.10.3-2021.10.win32_1.0.100.202210260954/tools/bin/../lib/gcc/arm-none-eabi/10.3.1/thumb/v6-m/nofp\libgcc.a(_aeabi_uldivmod.o)
                0x00000000080003f0                __aeabi_uldivmod
 .text          0x0000000008000430      0x198 c:/st/stm32cubeide_1.11.0/stm32cubeide/plugins/com.st.stm32cube.ide.mcu.externaltools.gnu-tools-for-stm32.10.3-2021.10.win32_1.0.100.202210260954/tools/bin/../lib/gcc/arm-none-eabi/10.3.1/thumb/v6-m/nofp\libgcc.a(_udivmoddi4.o)
                0x0000000008000430                __udivmoddi4
 .text          0x00000000080005c8       0x18 c:/st/stm32cubeide_1.11.0/stm32cubeide/plugins/com.st.stm32cube.ide.mcu.externaltools.gnu-tools-for-stm32.10.3-2021.10.win32_1.0.100.202210260954/tools/bin/../lib/gcc/arm-none-eabi/10.3.1/thumb/v6-m/nofp\libgcc.a(_clzdi2.o)
                0x00000000080005c8                __clzdi2
 .text          0x00000000080005e0       0x3c c:/st/stm32cubeide_1.11.0/stm32cubeide/plugins/com.st.stm32cube.ide.mcu.externaltools.gnu-tools-for-stm32.10.3-2021.10.win32_1.0.100.202210260954/tools/bin/../lib/gcc/arm-none-eabi/10.3.1/thumb/v6-m/nofp\libgcc.a(_clzsi2.o)
                0x00000000080005e0                __clzsi2
 *(.text*)
 .text.startup_effect_init
                0x000000000800061c       0x2e ./Core/Src/ULP_Effects.o
                0x000000000800061c                startup_effect_init
 .text.startup_effect_first
                0x000000000800064a      0x148 ./Core/Src/ULP_Effects.o
                0x000000000800064a                startup_effect_first
 .text.startup_effect_second
                0x0000000008000792       0xa4 ./Core/Src/ULP_Effects.o
                0x0000000008000792                startup_effect_second
 .text.startup_effect_third
                0x0000000008000836       0x94 ./Core/Src/ULP_Effects.o
                0x0000000008000836                startup_effect_third
 .text.startup_effect
                0x00000000080008ca       0xae ./Core/Src/ULP_Effects.o
                0x00000000080008ca                startup_effect
 .text.vu_effect
                0x0000000008000978       0xe4 ./Core/Src/ULP_Effects.o
                0x0000000008000978                vu_effect
 .text.linear_a
                0x0000000008000a5c       0x62 ./Core/Src/ULP_Effects.o
                0x0000000008000a5c                linear_a
 .text.linear_b
                0x0000000008000abe       0x3a ./Core/Src/ULP_Effects.o
                0x0000000008000abe                linear_b
 .text.eq_effect
                0x0000000008000af8      0x1f8 ./Core/Src/ULP_Effects.o
                0x0000000008000af8                eq_effect
 .text.map      0x0000000008000cf0       0x30 ./Core/Src/ULP_utilities.o
                0x0000000008000cf0                map
 .text.map_color
                0x0000000008000d20       0x30 ./Core/Src/ULP_utilities.o
                0x0000000008000d20                map_color
 .text.colorPixel
                0x0000000008000d50      0x172 ./Core/Src/ULP_ws2812b.o
                0x0000000008000d50                colorPixel
 .text.convert_brightness
                0x0000000008000ec2       0x40 ./Core/Src/ULP_ws2812b.o
                0x0000000008000ec2                convert_brightness
 .text.color_array_to_pixels
                0x0000000008000f02      0x100 ./Core/Src/ULP_ws2812b.o
                0x0000000008000f02                color_array_to_pixels
 .text.set_color_strip
                0x0000000008001002       0x8c ./Core/Src/ULP_ws2812b.o
                0x0000000008001002                set_color_strip
 .text.clear_led_strip
                0x000000000800108e       0x28 ./Core/Src/ULP_ws2812b.o
                0x000000000800108e                clear_led_strip
 .text.set_color
                0x00000000080010b6       0x66 ./Core/Src/ULP_ws2812b.o
                0x00000000080010b6                set_color
 .text.buffer_size
                0x000000000800111c       0x22 ./Core/Src/ULP_ws2812b.o
                0x000000000800111c                buffer_size
 *fill*         0x000000000800113e        0x2 
 .text.MX_DMA_Init
                0x0000000008001140       0x5c ./Core/Src/dma.o
                0x0000000008001140                MX_DMA_Init
 .text.MX_GPIO_Init
                0x000000000800119c      0x110 ./Core/Src/gpio.o
                0x000000000800119c                MX_GPIO_Init
 .text.HAL_TIM_PWM_PulseFinishedCallback
                0x00000000080012ac       0x60 ./Core/Src/main.o
                0x00000000080012ac                HAL_TIM_PWM_PulseFinishedCallback
 .text.HAL_UART_RxCpltCallback
                0x000000000800130c      0x33c ./Core/Src/main.o
                0x000000000800130c                HAL_UART_RxCpltCallback
 .text.main     0x0000000008001648      0x488 ./Core/Src/main.o
                0x0000000008001648                main
 .text.SystemClock_Config
                0x0000000008001ad0       0xbc ./Core/Src/main.o
                0x0000000008001ad0                SystemClock_Config
 .text.Error_Handler
                0x0000000008001b8c        0xa ./Core/Src/main.o
                0x0000000008001b8c                Error_Handler
 *fill*         0x0000000008001b96        0x2 
 .text.HAL_MspInit
                0x0000000008001b98       0x48 ./Core/Src/stm32g0xx_hal_msp.o
                0x0000000008001b98                HAL_MspInit
 .text.NMI_Handler
                0x0000000008001be0        0x6 ./Core/Src/stm32g0xx_it.o
                0x0000000008001be0                NMI_Handler
 .text.HardFault_Handler
                0x0000000008001be6        0x6 ./Core/Src/stm32g0xx_it.o
                0x0000000008001be6                HardFault_Handler
 .text.SVC_Handler
                0x0000000008001bec        0xa ./Core/Src/stm32g0xx_it.o
                0x0000000008001bec                SVC_Handler
 .text.PendSV_Handler
                0x0000000008001bf6        0xa ./Core/Src/stm32g0xx_it.o
                0x0000000008001bf6                PendSV_Handler
 .text.SysTick_Handler
                0x0000000008001c00        0xe ./Core/Src/stm32g0xx_it.o
                0x0000000008001c00                SysTick_Handler
 *fill*         0x0000000008001c0e        0x2 
 .text.DMA1_Channel1_IRQHandler
                0x0000000008001c10       0x18 ./Core/Src/stm32g0xx_it.o
                0x0000000008001c10                DMA1_Channel1_IRQHandler
 .text.DMA1_Channel2_3_IRQHandler
                0x0000000008001c28       0x24 ./Core/Src/stm32g0xx_it.o
                0x0000000008001c28                DMA1_Channel2_3_IRQHandler
 .text.DMA1_Ch4_7_DMAMUX1_OVR_IRQHandler
                0x0000000008001c4c       0x18 ./Core/Src/stm32g0xx_it.o
                0x0000000008001c4c                DMA1_Ch4_7_DMAMUX1_OVR_IRQHandler
 .text.USART1_IRQHandler
                0x0000000008001c64       0x18 ./Core/Src/stm32g0xx_it.o
                0x0000000008001c64                USART1_IRQHandler
 .text.SystemInit
                0x0000000008001c7c        0xa ./Core/Src/system_stm32g0xx.o
                0x0000000008001c7c                SystemInit
 *fill*         0x0000000008001c86        0x2 
 .text.MX_TIM1_Init
                0x0000000008001c88      0x1c0 ./Core/Src/tim.o
                0x0000000008001c88                MX_TIM1_Init
 .text.MX_TIM2_Init
                0x0000000008001e48       0xac ./Core/Src/tim.o
                0x0000000008001e48                MX_TIM2_Init
 .text.HAL_TIM_Base_MspInit
                0x0000000008001ef4      0x1a8 ./Core/Src/tim.o
                0x0000000008001ef4                HAL_TIM_Base_MspInit
 .text.HAL_TIM_MspPostInit
                0x000000000800209c       0xc4 ./Core/Src/tim.o
                0x000000000800209c                HAL_TIM_MspPostInit
 .text.MX_USART1_UART_Init
                0x0000000008002160       0x9c ./Core/Src/usart.o
                0x0000000008002160                MX_USART1_UART_Init
 .text.MX_USART2_UART_Init
                0x00000000080021fc       0x9c ./Core/Src/usart.o
                0x00000000080021fc                MX_USART2_UART_Init
 .text.HAL_UART_MspInit
                0x0000000008002298      0x1c0 ./Core/Src/usart.o
                0x0000000008002298                HAL_UART_MspInit
 .text.Reset_Handler
                0x0000000008002458       0x50 ./Core/Startup/startup_stm32g071rbtx.o
                0x0000000008002458                Reset_Handler
 .text.Default_Handler
                0x00000000080024a8        0x2 ./Core/Startup/startup_stm32g071rbtx.o
                0x00000000080024a8                USART3_4_LPUART1_IRQHandler
                0x00000000080024a8                TIM1_CC_IRQHandler
                0x00000000080024a8                ADC1_COMP_IRQHandler
                0x00000000080024a8                PVD_IRQHandler
                0x00000000080024a8                I2C1_IRQHandler
                0x00000000080024a8                TIM7_LPTIM2_IRQHandler
                0x00000000080024a8                RTC_TAMP_IRQHandler
                0x00000000080024a8                SPI1_IRQHandler
                0x00000000080024a8                EXTI2_3_IRQHandler
                0x00000000080024a8                I2C2_IRQHandler
                0x00000000080024a8                TIM17_IRQHandler
                0x00000000080024a8                TIM16_IRQHandler
                0x00000000080024a8                TIM3_IRQHandler
                0x00000000080024a8                EXTI4_15_IRQHandler
                0x00000000080024a8                RCC_IRQHandler
                0x00000000080024a8                Default_Handler
                0x00000000080024a8                CEC_IRQHandler
                0x00000000080024a8                TIM14_IRQHandler
                0x00000000080024a8                TIM15_IRQHandler
                0x00000000080024a8                EXTI0_1_IRQHandler
                0x00000000080024a8                SPI2_IRQHandler
                0x00000000080024a8                TIM6_DAC_LPTIM1_IRQHandler
                0x00000000080024a8                WWDG_IRQHandler
                0x00000000080024a8                TIM2_IRQHandler
                0x00000000080024a8                UCPD1_2_IRQHandler
                0x00000000080024a8                USART2_IRQHandler
                0x00000000080024a8                FLASH_IRQHandler
                0x00000000080024a8                TIM1_BRK_UP_TRG_COM_IRQHandler
 *fill*         0x00000000080024aa        0x2 
 .text.HAL_Init
                0x00000000080024ac       0x40 ./Drivers/STM32G0xx_HAL_Driver/Src/stm32g0xx_hal.o
                0x00000000080024ac                HAL_Init
 .text.HAL_InitTick
                0x00000000080024ec       0x94 ./Drivers/STM32G0xx_HAL_Driver/Src/stm32g0xx_hal.o
                0x00000000080024ec                HAL_InitTick
 .text.HAL_IncTick
                0x0000000008002580       0x24 ./Drivers/STM32G0xx_HAL_Driver/Src/stm32g0xx_hal.o
                0x0000000008002580                HAL_IncTick
 .text.HAL_GetTick
                0x00000000080025a4       0x14 ./Drivers/STM32G0xx_HAL_Driver/Src/stm32g0xx_hal.o
                0x00000000080025a4                HAL_GetTick
 .text.__NVIC_EnableIRQ
                0x00000000080025b8       0x34 ./Drivers/STM32G0xx_HAL_Driver/Src/stm32g0xx_hal_cortex.o
 .text.__NVIC_SetPriority
                0x00000000080025ec       0xdc ./Drivers/STM32G0xx_HAL_Driver/Src/stm32g0xx_hal_cortex.o
 .text.SysTick_Config
                0x00000000080026c8       0x48 ./Drivers/STM32G0xx_HAL_Driver/Src/stm32g0xx_hal_cortex.o
 .text.HAL_NVIC_SetPriority
                0x0000000008002710       0x2a ./Drivers/STM32G0xx_HAL_Driver/Src/stm32g0xx_hal_cortex.o
                0x0000000008002710                HAL_NVIC_SetPriority
 .text.HAL_NVIC_EnableIRQ
                0x000000000800273a       0x20 ./Drivers/STM32G0xx_HAL_Driver/Src/stm32g0xx_hal_cortex.o
                0x000000000800273a                HAL_NVIC_EnableIRQ
 .text.HAL_SYSTICK_Config
                0x000000000800275a       0x1a ./Drivers/STM32G0xx_HAL_Driver/Src/stm32g0xx_hal_cortex.o
                0x000000000800275a                HAL_SYSTICK_Config
 .text.HAL_DMA_Init
                0x0000000008002774      0x114 ./Drivers/STM32G0xx_HAL_Driver/Src/stm32g0xx_hal_dma.o
                0x0000000008002774                HAL_DMA_Init
 .text.HAL_DMA_Start_IT
                0x0000000008002888      0x10c ./Drivers/STM32G0xx_HAL_Driver/Src/stm32g0xx_hal_dma.o
                0x0000000008002888                HAL_DMA_Start_IT
 .text.HAL_DMA_Abort
                0x0000000008002994       0xc4 ./Drivers/STM32G0xx_HAL_Driver/Src/stm32g0xx_hal_dma.o
                0x0000000008002994                HAL_DMA_Abort
 .text.HAL_DMA_Abort_IT
                0x0000000008002a58       0xd4 ./Drivers/STM32G0xx_HAL_Driver/Src/stm32g0xx_hal_dma.o
                0x0000000008002a58                HAL_DMA_Abort_IT
 .text.HAL_DMA_IRQHandler
                0x0000000008002b2c      0x164 ./Drivers/STM32G0xx_HAL_Driver/Src/stm32g0xx_hal_dma.o
                0x0000000008002b2c                HAL_DMA_IRQHandler
 .text.DMA_SetConfig
                0x0000000008002c90       0x80 ./Drivers/STM32G0xx_HAL_Driver/Src/stm32g0xx_hal_dma.o
 .text.DMA_CalcDMAMUXChannelBaseAndMask
                0x0000000008002d10       0x58 ./Drivers/STM32G0xx_HAL_Driver/Src/stm32g0xx_hal_dma.o
 .text.DMA_CalcDMAMUXRequestGenBaseAndMask
                0x0000000008002d68       0x48 ./Drivers/STM32G0xx_HAL_Driver/Src/stm32g0xx_hal_dma.o
 .text.HAL_GPIO_Init
                0x0000000008002db0      0x2c8 ./Drivers/STM32G0xx_HAL_Driver/Src/stm32g0xx_hal_gpio.o
                0x0000000008002db0                HAL_GPIO_Init
 .text.HAL_GPIO_WritePin
                0x0000000008003078       0x3a ./Drivers/STM32G0xx_HAL_Driver/Src/stm32g0xx_hal_gpio.o
                0x0000000008003078                HAL_GPIO_WritePin
 *fill*         0x00000000080030b2        0x2 
 .text.HAL_PWREx_ControlVoltageScaling
                0x00000000080030b4       0x80 ./Drivers/STM32G0xx_HAL_Driver/Src/stm32g0xx_hal_pwr_ex.o
                0x00000000080030b4                HAL_PWREx_ControlVoltageScaling
 .text.LL_RCC_GetAPB1Prescaler
                0x0000000008003134       0x18 ./Drivers/STM32G0xx_HAL_Driver/Src/stm32g0xx_hal_rcc.o
 .text.HAL_RCC_OscConfig
                0x000000000800314c      0x634 ./Drivers/STM32G0xx_HAL_Driver/Src/stm32g0xx_hal_rcc.o
                0x000000000800314c                HAL_RCC_OscConfig
 .text.HAL_RCC_ClockConfig
                0x0000000008003780      0x210 ./Drivers/STM32G0xx_HAL_Driver/Src/stm32g0xx_hal_rcc.o
                0x0000000008003780                HAL_RCC_ClockConfig
 .text.HAL_RCC_GetSysClockFreq
                0x0000000008003990      0x104 ./Drivers/STM32G0xx_HAL_Driver/Src/stm32g0xx_hal_rcc.o
                0x0000000008003990                HAL_RCC_GetSysClockFreq
 .text.HAL_RCC_GetHCLKFreq
                0x0000000008003a94       0x14 ./Drivers/STM32G0xx_HAL_Driver/Src/stm32g0xx_hal_rcc.o
                0x0000000008003a94                HAL_RCC_GetHCLKFreq
 .text.HAL_RCC_GetPCLK1Freq
                0x0000000008003aa8       0x2c ./Drivers/STM32G0xx_HAL_Driver/Src/stm32g0xx_hal_rcc.o
                0x0000000008003aa8                HAL_RCC_GetPCLK1Freq
 .text.HAL_RCCEx_PeriphCLKConfig
                0x0000000008003ad4      0x370 ./Drivers/STM32G0xx_HAL_Driver/Src/stm32g0xx_hal_rcc_ex.o
                0x0000000008003ad4                HAL_RCCEx_PeriphCLKConfig
 .text.HAL_TIM_Base_Init
                0x0000000008003e44       0xb0 ./Drivers/STM32G0xx_HAL_Driver/Src/stm32g0xx_hal_tim.o
                0x0000000008003e44                HAL_TIM_Base_Init
 .text.HAL_TIM_Base_Start
                0x0000000008003ef4       0xa8 ./Drivers/STM32G0xx_HAL_Driver/Src/stm32g0xx_hal_tim.o
                0x0000000008003ef4                HAL_TIM_Base_Start
 .text.HAL_TIM_PWM_Init
                0x0000000008003f9c       0xb0 ./Drivers/STM32G0xx_HAL_Driver/Src/stm32g0xx_hal_tim.o
                0x0000000008003f9c                HAL_TIM_PWM_Init
 .text.HAL_TIM_PWM_MspInit
                0x000000000800404c       0x10 ./Drivers/STM32G0xx_HAL_Driver/Src/stm32g0xx_hal_tim.o
                0x000000000800404c                HAL_TIM_PWM_MspInit
 .text.HAL_TIM_PWM_Start_DMA
                0x000000000800405c      0x400 ./Drivers/STM32G0xx_HAL_Driver/Src/stm32g0xx_hal_tim.o
                0x000000000800405c                HAL_TIM_PWM_Start_DMA
 .text.HAL_TIM_PWM_Stop_DMA
                0x000000000800445c      0x1e0 ./Drivers/STM32G0xx_HAL_Driver/Src/stm32g0xx_hal_tim.o
                0x000000000800445c                HAL_TIM_PWM_Stop_DMA
 .text.HAL_TIM_PWM_ConfigChannel
                0x000000000800463c      0x200 ./Drivers/STM32G0xx_HAL_Driver/Src/stm32g0xx_hal_tim.o
                0x000000000800463c                HAL_TIM_PWM_ConfigChannel
 .text.HAL_TIM_ConfigClockSource
                0x000000000800483c      0x1ac ./Drivers/STM32G0xx_HAL_Driver/Src/stm32g0xx_hal_tim.o
                0x000000000800483c                HAL_TIM_ConfigClockSource
 .text.HAL_TIM_PWM_PulseFinishedHalfCpltCallback
                0x00000000080049e8       0x10 ./Drivers/STM32G0xx_HAL_Driver/Src/stm32g0xx_hal_tim.o
                0x00000000080049e8                HAL_TIM_PWM_PulseFinishedHalfCpltCallback
 .text.HAL_TIM_ErrorCallback
                0x00000000080049f8       0x10 ./Drivers/STM32G0xx_HAL_Driver/Src/stm32g0xx_hal_tim.o
                0x00000000080049f8                HAL_TIM_ErrorCallback
 .text.TIM_DMAError
                0x0000000008004a08       0x94 ./Drivers/STM32G0xx_HAL_Driver/Src/stm32g0xx_hal_tim.o
                0x0000000008004a08                TIM_DMAError
 .text.TIM_DMADelayPulseCplt
                0x0000000008004a9c       0xaa ./Drivers/STM32G0xx_HAL_Driver/Src/stm32g0xx_hal_tim.o
 .text.TIM_DMADelayPulseHalfCplt
                0x0000000008004b46       0x6a ./Drivers/STM32G0xx_HAL_Driver/Src/stm32g0xx_hal_tim.o
                0x0000000008004b46                TIM_DMADelayPulseHalfCplt
 .text.TIM_Base_SetConfig
                0x0000000008004bb0      0x100 ./Drivers/STM32G0xx_HAL_Driver/Src/stm32g0xx_hal_tim.o
                0x0000000008004bb0                TIM_Base_SetConfig
 .text.TIM_OC1_SetConfig
                0x0000000008004cb0      0x114 ./Drivers/STM32G0xx_HAL_Driver/Src/stm32g0xx_hal_tim.o
 .text.TIM_OC2_SetConfig
                0x0000000008004dc4      0x108 ./Drivers/STM32G0xx_HAL_Driver/Src/stm32g0xx_hal_tim.o
                0x0000000008004dc4                TIM_OC2_SetConfig
 .text.TIM_OC3_SetConfig
                0x0000000008004ecc      0x110 ./Drivers/STM32G0xx_HAL_Driver/Src/stm32g0xx_hal_tim.o
 .text.TIM_OC4_SetConfig
                0x0000000008004fdc       0xd4 ./Drivers/STM32G0xx_HAL_Driver/Src/stm32g0xx_hal_tim.o
 .text.TIM_OC5_SetConfig
                0x00000000080050b0       0xc0 ./Drivers/STM32G0xx_HAL_Driver/Src/stm32g0xx_hal_tim.o
 .text.TIM_OC6_SetConfig
                0x0000000008005170       0xc8 ./Drivers/STM32G0xx_HAL_Driver/Src/stm32g0xx_hal_tim.o
 .text.TIM_TI1_ConfigInputStage
                0x0000000008005238       0x5c ./Drivers/STM32G0xx_HAL_Driver/Src/stm32g0xx_hal_tim.o
 .text.TIM_TI2_ConfigInputStage
                0x0000000008005294       0x64 ./Drivers/STM32G0xx_HAL_Driver/Src/stm32g0xx_hal_tim.o
 .text.TIM_ITRx_SetConfig
                0x00000000080052f8       0x38 ./Drivers/STM32G0xx_HAL_Driver/Src/stm32g0xx_hal_tim.o
 .text.TIM_ETR_SetConfig
                0x0000000008005330       0x40 ./Drivers/STM32G0xx_HAL_Driver/Src/stm32g0xx_hal_tim.o
                0x0000000008005330                TIM_ETR_SetConfig
 .text.TIM_CCxChannelCmd
                0x0000000008005370       0x46 ./Drivers/STM32G0xx_HAL_Driver/Src/stm32g0xx_hal_tim.o
                0x0000000008005370                TIM_CCxChannelCmd
 *fill*         0x00000000080053b6        0x2 
 .text.HAL_TIMEx_MasterConfigSynchronization
                0x00000000080053b8       0xdc ./Drivers/STM32G0xx_HAL_Driver/Src/stm32g0xx_hal_tim_ex.o
                0x00000000080053b8                HAL_TIMEx_MasterConfigSynchronization
 .text.HAL_TIMEx_ConfigBreakDeadTime
                0x0000000008005494      0x14c ./Drivers/STM32G0xx_HAL_Driver/Src/stm32g0xx_hal_tim_ex.o
                0x0000000008005494                HAL_TIMEx_ConfigBreakDeadTime
 .text.HAL_UART_Init
                0x00000000080055e0       0xac ./Drivers/STM32G0xx_HAL_Driver/Src/stm32g0xx_hal_uart.o
                0x00000000080055e0                HAL_UART_Init
 .text.HAL_UART_Receive_IT
                0x000000000800568c       0xbc ./Drivers/STM32G0xx_HAL_Driver/Src/stm32g0xx_hal_uart.o
                0x000000000800568c                HAL_UART_Receive_IT
 .text.HAL_UART_Receive_DMA
                0x0000000008005748       0xbc ./Drivers/STM32G0xx_HAL_Driver/Src/stm32g0xx_hal_uart.o
                0x0000000008005748                HAL_UART_Receive_DMA
 .text.HAL_UART_IRQHandler
                0x0000000008005804      0x64c ./Drivers/STM32G0xx_HAL_Driver/Src/stm32g0xx_hal_uart.o
                0x0000000008005804                HAL_UART_IRQHandler
 .text.HAL_UART_TxCpltCallback
                0x0000000008005e50       0x10 ./Drivers/STM32G0xx_HAL_Driver/Src/stm32g0xx_hal_uart.o
                0x0000000008005e50                HAL_UART_TxCpltCallback
 .text.HAL_UART_RxHalfCpltCallback
                0x0000000008005e60       0x10 ./Drivers/STM32G0xx_HAL_Driver/Src/stm32g0xx_hal_uart.o
                0x0000000008005e60                HAL_UART_RxHalfCpltCallback
 .text.HAL_UART_ErrorCallback
                0x0000000008005e70       0x10 ./Drivers/STM32G0xx_HAL_Driver/Src/stm32g0xx_hal_uart.o
                0x0000000008005e70                HAL_UART_ErrorCallback
 .text.HAL_UARTEx_RxEventCallback
                0x0000000008005e80       0x16 ./Drivers/STM32G0xx_HAL_Driver/Src/stm32g0xx_hal_uart.o
                0x0000000008005e80                HAL_UARTEx_RxEventCallback
 *fill*         0x0000000008005e96        0x2 
 .text.UART_SetConfig
                0x0000000008005e98      0x57c ./Drivers/STM32G0xx_HAL_Driver/Src/stm32g0xx_hal_uart.o
                0x0000000008005e98                UART_SetConfig
 .text.UART_AdvFeatureConfig
                0x0000000008006414      0x168 ./Drivers/STM32G0xx_HAL_Driver/Src/stm32g0xx_hal_uart.o
                0x0000000008006414                UART_AdvFeatureConfig
 .text.UART_CheckIdleState
                0x000000000800657c       0x9c ./Drivers/STM32G0xx_HAL_Driver/Src/stm32g0xx_hal_uart.o
                0x000000000800657c                UART_CheckIdleState
 .text.UART_WaitOnFlagUntilTimeout
                0x0000000008006618      0x190 ./Drivers/STM32G0xx_HAL_Driver/Src/stm32g0xx_hal_uart.o
                0x0000000008006618                UART_WaitOnFlagUntilTimeout
 .text.UART_Start_Receive_IT
                0x00000000080067a8      0x248 ./Drivers/STM32G0xx_HAL_Driver/Src/stm32g0xx_hal_uart.o
                0x00000000080067a8                UART_Start_Receive_IT
 .text.UART_Start_Receive_DMA
                0x00000000080069f0      0x14c ./Drivers/STM32G0xx_HAL_Driver/Src/stm32g0xx_hal_uart.o
                0x00000000080069f0                UART_Start_Receive_DMA
 .text.UART_EndTxTransfer
                0x0000000008006b3c       0x80 ./Drivers/STM32G0xx_HAL_Driver/Src/stm32g0xx_hal_uart.o
 .text.UART_EndRxTransfer
                0x0000000008006bbc       0xcc ./Drivers/STM32G0xx_HAL_Driver/Src/stm32g0xx_hal_uart.o
 .text.UART_DMAReceiveCplt
                0x0000000008006c88      0x130 ./Drivers/STM32G0xx_HAL_Driver/Src/stm32g0xx_hal_uart.o
 .text.UART_DMARxHalfCplt
                0x0000000008006db8       0x42 ./Drivers/STM32G0xx_HAL_Driver/Src/stm32g0xx_hal_uart.o
 .text.UART_DMAError
                0x0000000008006dfa       0x86 ./Drivers/STM32G0xx_HAL_Driver/Src/stm32g0xx_hal_uart.o
 .text.UART_DMAAbortOnError
                0x0000000008006e80       0x2e ./Drivers/STM32G0xx_HAL_Driver/Src/stm32g0xx_hal_uart.o
 .text.UART_EndTransmit_IT
                0x0000000008006eae       0x58 ./Drivers/STM32G0xx_HAL_Driver/Src/stm32g0xx_hal_uart.o
 *fill*         0x0000000008006f06        0x2 
 .text.UART_RxISR_8BIT
                0x0000000008006f08      0x174 ./Drivers/STM32G0xx_HAL_Driver/Src/stm32g0xx_hal_uart.o
 .text.UART_RxISR_16BIT
                0x000000000800707c      0x174 ./Drivers/STM32G0xx_HAL_Driver/Src/stm32g0xx_hal_uart.o
 .text.UART_RxISR_8BIT_FIFOEN
                0x00000000080071f0      0x2ec ./Drivers/STM32G0xx_HAL_Driver/Src/stm32g0xx_hal_uart.o
 .text.UART_RxISR_16BIT_FIFOEN
                0x00000000080074dc      0x2ec ./Drivers/STM32G0xx_HAL_Driver/Src/stm32g0xx_hal_uart.o
 .text.HAL_UARTEx_WakeupCallback
                0x00000000080077c8       0x10 ./Drivers/STM32G0xx_HAL_Driver/Src/stm32g0xx_hal_uart_ex.o
                0x00000000080077c8                HAL_UARTEx_WakeupCallback
 .text.HAL_UARTEx_RxFifoFullCallback
                0x00000000080077d8       0x10 ./Drivers/STM32G0xx_HAL_Driver/Src/stm32g0xx_hal_uart_ex.o
                0x00000000080077d8                HAL_UARTEx_RxFifoFullCallback
 .text.HAL_UARTEx_TxFifoEmptyCallback
                0x00000000080077e8       0x10 ./Drivers/STM32G0xx_HAL_Driver/Src/stm32g0xx_hal_uart_ex.o
                0x00000000080077e8                HAL_UARTEx_TxFifoEmptyCallback
 .text.HAL_UARTEx_DisableFifoMode
                0x00000000080077f8       0x74 ./Drivers/STM32G0xx_HAL_Driver/Src/stm32g0xx_hal_uart_ex.o
                0x00000000080077f8                HAL_UARTEx_DisableFifoMode
 .text.HAL_UARTEx_SetTxFifoThreshold
                0x000000000800786c       0x7e ./Drivers/STM32G0xx_HAL_Driver/Src/stm32g0xx_hal_uart_ex.o
                0x000000000800786c                HAL_UARTEx_SetTxFifoThreshold
 *fill*         0x00000000080078ea        0x2 
 .text.HAL_UARTEx_SetRxFifoThreshold
                0x00000000080078ec       0x84 ./Drivers/STM32G0xx_HAL_Driver/Src/stm32g0xx_hal_uart_ex.o
                0x00000000080078ec                HAL_UARTEx_SetRxFifoThreshold
 .text.UARTEx_SetNbDataToProcess
                0x0000000008007970       0xbc ./Drivers/STM32G0xx_HAL_Driver/Src/stm32g0xx_hal_uart_ex.o
 .text.__libc_init_array
                0x0000000008007a2c       0x48 c:/st/stm32cubeide_1.11.0/stm32cubeide/plugins/com.st.stm32cube.ide.mcu.externaltools.gnu-tools-for-stm32.10.3-2021.10.win32_1.0.100.202210260954/tools/bin/../lib/gcc/arm-none-eabi/10.3.1/../../../../arm-none-eabi/lib/thumb/v6-m/nofp\libc_nano.a(lib_a-init.o)
                0x0000000008007a2c                __libc_init_array
 .text.memset   0x0000000008007a74       0x10 c:/st/stm32cubeide_1.11.0/stm32cubeide/plugins/com.st.stm32cube.ide.mcu.externaltools.gnu-tools-for-stm32.10.3-2021.10.win32_1.0.100.202210260954/tools/bin/../lib/gcc/arm-none-eabi/10.3.1/../../../../arm-none-eabi/lib/thumb/v6-m/nofp\libc_nano.a(lib_a-memset.o)
                0x0000000008007a74                memset
 *(.glue_7)
 .glue_7        0x0000000008007a84        0x0 linker stubs
 *(.glue_7t)
 .glue_7t       0x0000000008007a84        0x0 linker stubs
 *(.eh_frame)
 .eh_frame      0x0000000008007a84        0x0 c:/st/stm32cubeide_1.11.0/stm32cubeide/plugins/com.st.stm32cube.ide.mcu.externaltools.gnu-tools-for-stm32.10.3-2021.10.win32_1.0.100.202210260954/tools/bin/../lib/gcc/arm-none-eabi/10.3.1/thumb/v6-m/nofp/crtbegin.o
 *(.init)
 .init          0x0000000008007a84        0x4 c:/st/stm32cubeide_1.11.0/stm32cubeide/plugins/com.st.stm32cube.ide.mcu.externaltools.gnu-tools-for-stm32.10.3-2021.10.win32_1.0.100.202210260954/tools/bin/../lib/gcc/arm-none-eabi/10.3.1/thumb/v6-m/nofp/crti.o
                0x0000000008007a84                _init
 .init          0x0000000008007a88        0x8 c:/st/stm32cubeide_1.11.0/stm32cubeide/plugins/com.st.stm32cube.ide.mcu.externaltools.gnu-tools-for-stm32.10.3-2021.10.win32_1.0.100.202210260954/tools/bin/../lib/gcc/arm-none-eabi/10.3.1/thumb/v6-m/nofp/crtn.o
 *(.fini)
 .fini          0x0000000008007a90        0x4 c:/st/stm32cubeide_1.11.0/stm32cubeide/plugins/com.st.stm32cube.ide.mcu.externaltools.gnu-tools-for-stm32.10.3-2021.10.win32_1.0.100.202210260954/tools/bin/../lib/gcc/arm-none-eabi/10.3.1/thumb/v6-m/nofp/crti.o
                0x0000000008007a90                _fini
 .fini          0x0000000008007a94        0x8 c:/st/stm32cubeide_1.11.0/stm32cubeide/plugins/com.st.stm32cube.ide.mcu.externaltools.gnu-tools-for-stm32.10.3-2021.10.win32_1.0.100.202210260954/tools/bin/../lib/gcc/arm-none-eabi/10.3.1/thumb/v6-m/nofp/crtn.o
                0x0000000008007a9c                . = ALIGN (0x4)
                0x0000000008007a9c                _etext = .

.vfp11_veneer   0x0000000008007a9c        0x0
 .vfp11_veneer  0x0000000008007a9c        0x0 linker stubs

.v4_bx          0x0000000008007a9c        0x0
 .v4_bx         0x0000000008007a9c        0x0 linker stubs

.iplt           0x0000000008007a9c        0x0
 .iplt          0x0000000008007a9c        0x0 c:/st/stm32cubeide_1.11.0/stm32cubeide/plugins/com.st.stm32cube.ide.mcu.externaltools.gnu-tools-for-stm32.10.3-2021.10.win32_1.0.100.202210260954/tools/bin/../lib/gcc/arm-none-eabi/10.3.1/thumb/v6-m/nofp/crtbegin.o

.rodata         0x0000000008007a9c       0xdc
                0x0000000008007a9c                . = ALIGN (0x4)
 *(.rodata)
 *(.rodata*)
 .rodata.AHBPrescTable
                0x0000000008007a9c       0x40 ./Core/Src/system_stm32g0xx.o
                0x0000000008007a9c                AHBPrescTable
 .rodata.APBPrescTable
                0x0000000008007adc       0x20 ./Core/Src/system_stm32g0xx.o
                0x0000000008007adc                APBPrescTable
 .rodata.HAL_TIM_PWM_ConfigChannel
                0x0000000008007afc       0x54 ./Drivers/STM32G0xx_HAL_Driver/Src/stm32g0xx_hal_tim.o
 .rodata.UARTPrescTable
                0x0000000008007b50       0x18 ./Drivers/STM32G0xx_HAL_Driver/Src/stm32g0xx_hal_uart.o
                0x0000000008007b50                UARTPrescTable
 .rodata.numerator.1
                0x0000000008007b68        0x8 ./Drivers/STM32G0xx_HAL_Driver/Src/stm32g0xx_hal_uart_ex.o
 .rodata.denominator.0
                0x0000000008007b70        0x8 ./Drivers/STM32G0xx_HAL_Driver/Src/stm32g0xx_hal_uart_ex.o
                0x0000000008007b78                . = ALIGN (0x4)

.ARM.extab      0x0000000008007b78        0x0
                0x0000000008007b78                . = ALIGN (0x4)
 *(.ARM.extab* .gnu.linkonce.armextab.*)
                0x0000000008007b78                . = ALIGN (0x4)

.ARM            0x0000000008007b78        0x8
                0x0000000008007b78                . = ALIGN (0x4)
                0x0000000008007b78                __exidx_start = .
 *(.ARM.exidx*)
 .ARM.exidx     0x0000000008007b78        0x8 c:/st/stm32cubeide_1.11.0/stm32cubeide/plugins/com.st.stm32cube.ide.mcu.externaltools.gnu-tools-for-stm32.10.3-2021.10.win32_1.0.100.202210260954/tools/bin/../lib/gcc/arm-none-eabi/10.3.1/thumb/v6-m/nofp\libgcc.a(_udivmoddi4.o)
                0x0000000008007b80                __exidx_end = .
                0x0000000008007b80                . = ALIGN (0x4)

.rel.dyn        0x0000000008007b80        0x0
 .rel.iplt      0x0000000008007b80        0x0 c:/st/stm32cubeide_1.11.0/stm32cubeide/plugins/com.st.stm32cube.ide.mcu.externaltools.gnu-tools-for-stm32.10.3-2021.10.win32_1.0.100.202210260954/tools/bin/../lib/gcc/arm-none-eabi/10.3.1/thumb/v6-m/nofp/crtbegin.o

.preinit_array  0x0000000008007b80        0x0
                0x0000000008007b80                . = ALIGN (0x4)
                0x0000000008007b80                PROVIDE (__preinit_array_start = .)
 *(.preinit_array*)
                0x0000000008007b80                PROVIDE (__preinit_array_end = .)
                0x0000000008007b80                . = ALIGN (0x4)

.init_array     0x0000000008007b80        0x4
                0x0000000008007b80                . = ALIGN (0x4)
                0x0000000008007b80                PROVIDE (__init_array_start = .)
 *(SORT_BY_NAME(.init_array.*))
 *(.init_array*)
 .init_array    0x0000000008007b80        0x4 c:/st/stm32cubeide_1.11.0/stm32cubeide/plugins/com.st.stm32cube.ide.mcu.externaltools.gnu-tools-for-stm32.10.3-2021.10.win32_1.0.100.202210260954/tools/bin/../lib/gcc/arm-none-eabi/10.3.1/thumb/v6-m/nofp/crtbegin.o
                0x0000000008007b84                PROVIDE (__init_array_end = .)
                0x0000000008007b84                . = ALIGN (0x4)

.fini_array     0x0000000008007b84        0x4
                0x0000000008007b84                . = ALIGN (0x4)
                [!provide]                        PROVIDE (__fini_array_start = .)
 *(SORT_BY_NAME(.fini_array.*))
 *(.fini_array*)
 .fini_array    0x0000000008007b84        0x4 c:/st/stm32cubeide_1.11.0/stm32cubeide/plugins/com.st.stm32cube.ide.mcu.externaltools.gnu-tools-for-stm32.10.3-2021.10.win32_1.0.100.202210260954/tools/bin/../lib/gcc/arm-none-eabi/10.3.1/thumb/v6-m/nofp/crtbegin.o
                [!provide]                        PROVIDE (__fini_array_end = .)
                0x0000000008007b88                . = ALIGN (0x4)
                0x0000000008007b88                _sidata = LOADADDR (.data)

.data           0x0000000020000000       0x18 load address 0x0000000008007b88
                0x0000000020000000                . = ALIGN (0x4)
                0x0000000020000000                _sdata = .
 *(.data)
 *(.data*)
 .data.dma_flag
                0x0000000020000000        0x3 ./Core/Src/main.o
                0x0000000020000000                dma_flag
 *fill*         0x0000000020000003        0x1 
 .data.eq_sensetive
                0x0000000020000004        0x6 ./Core/Src/main.o
                0x0000000020000004                eq_sensetive
 *fill*         0x000000002000000a        0x2 
 .data.SystemCoreClock
                0x000000002000000c        0x4 ./Core/Src/system_stm32g0xx.o
                0x000000002000000c                SystemCoreClock
 .data.uwTickPrio
                0x0000000020000010        0x4 ./Drivers/STM32G0xx_HAL_Driver/Src/stm32g0xx_hal.o
                0x0000000020000010                uwTickPrio
 .data.uwTickFreq
                0x0000000020000014        0x1 ./Drivers/STM32G0xx_HAL_Driver/Src/stm32g0xx_hal.o
                0x0000000020000014                uwTickFreq
 *(.RamFunc)
 *(.RamFunc*)
                0x0000000020000018                . = ALIGN (0x4)
 *fill*         0x0000000020000015        0x3 
                0x0000000020000018                _edata = .

.igot.plt       0x0000000020000018        0x0 load address 0x0000000008007ba0
 .igot.plt      0x0000000020000018        0x0 c:/st/stm32cubeide_1.11.0/stm32cubeide/plugins/com.st.stm32cube.ide.mcu.externaltools.gnu-tools-for-stm32.10.3-2021.10.win32_1.0.100.202210260954/tools/bin/../lib/gcc/arm-none-eabi/10.3.1/thumb/v6-m/nofp/crtbegin.o
                0x0000000020000018                . = ALIGN (0x4)

.bss            0x0000000020000018     0x33c4 load address 0x0000000008007ba0
                0x0000000020000018                _sbss = .
                0x0000000020000018                __bss_start__ = _sbss
 *(.bss)
 .bss           0x0000000020000018       0x1c c:/st/stm32cubeide_1.11.0/stm32cubeide/plugins/com.st.stm32cube.ide.mcu.externaltools.gnu-tools-for-stm32.10.3-2021.10.win32_1.0.100.202210260954/tools/bin/../lib/gcc/arm-none-eabi/10.3.1/thumb/v6-m/nofp/crtbegin.o
 *(.bss*)
 .bss.application_buffer
                0x0000000020000034        0x7 ./Core/Src/main.o
                0x0000000020000034                application_buffer
 *fill*         0x000000002000003b        0x1 
 .bss.pc_buffer
                0x000000002000003c        0x8 ./Core/Src/main.o
                0x000000002000003c                pc_buffer
 .bss.main_color
                0x0000000020000044        0x9 ./Core/Src/main.o
                0x0000000020000044                main_color
 *fill*         0x000000002000004d        0x3 
 .bss.vu_color_a
                0x0000000020000050        0x9 ./Core/Src/main.o
                0x0000000020000050                vu_color_a
 *fill*         0x0000000020000059        0x3 
 .bss.vu_color_b
                0x000000002000005c        0x9 ./Core/Src/main.o
                0x000000002000005c                vu_color_b
 *fill*         0x0000000020000065        0x3 
 .bss.eq_color_a
                0x0000000020000068        0x9 ./Core/Src/main.o
                0x0000000020000068                eq_color_a
 *fill*         0x0000000020000071        0x3 
 .bss.eq_color_b
                0x0000000020000074        0x9 ./Core/Src/main.o
                0x0000000020000074                eq_color_b
 *fill*         0x000000002000007d        0x3 
 .bss.brightness
                0x0000000020000080        0x3 ./Core/Src/main.o
                0x0000000020000080                brightness
 *fill*         0x0000000020000083        0x1 
 .bss.channel_effect
                0x0000000020000084        0x3 ./Core/Src/main.o
                0x0000000020000084                channel_effect
 *fill*         0x0000000020000087        0x1 
 .bss.channel_flag
                0x0000000020000088        0x3 ./Core/Src/main.o
                0x0000000020000088                channel_flag
 *fill*         0x000000002000008b        0x1 
 .bss.vu_flag   0x000000002000008c        0x3 ./Core/Src/main.o
                0x000000002000008c                vu_flag
 *fill*         0x000000002000008f        0x1 
 .bss.eq_data   0x0000000020000090        0x7 ./Core/Src/main.o
                0x0000000020000090                eq_data
 *fill*         0x0000000020000097        0x1 
 .bss.eq_cut    0x0000000020000098        0x3 ./Core/Src/main.o
                0x0000000020000098                eq_cut
 *fill*         0x000000002000009b        0x1 
 .bss.color_array_A
                0x000000002000009c      0x1c2 ./Core/Src/main.o
                0x000000002000009c                color_array_A
 *fill*         0x000000002000025e        0x2 
 .bss.pixel_bit_buffer_A
                0x0000000020000260      0xe3d ./Core/Src/main.o
                0x0000000020000260                pixel_bit_buffer_A
 *fill*         0x000000002000109d        0x3 
 .bss.color_array_B
                0x00000000200010a0      0x1c2 ./Core/Src/main.o
                0x00000000200010a0                color_array_B
 *fill*         0x0000000020001262        0x2 
 .bss.pixel_bit_buffer_B
                0x0000000020001264      0xe3d ./Core/Src/main.o
                0x0000000020001264                pixel_bit_buffer_B
 *fill*         0x00000000200020a1        0x3 
 .bss.color_array_C
                0x00000000200020a4      0x1c2 ./Core/Src/main.o
                0x00000000200020a4                color_array_C
 *fill*         0x0000000020002266        0x2 
 .bss.pixel_bit_buffer_C
                0x0000000020002268      0xe3d ./Core/Src/main.o
                0x0000000020002268                pixel_bit_buffer_C
 *fill*         0x00000000200030a5        0x3 
 .bss.htim1     0x00000000200030a8       0x4c ./Core/Src/tim.o
                0x00000000200030a8                htim1
 .bss.htim2     0x00000000200030f4       0x4c ./Core/Src/tim.o
                0x00000000200030f4                htim2
 .bss.hdma_tim1_ch4
                0x0000000020003140       0x5c ./Core/Src/tim.o
                0x0000000020003140                hdma_tim1_ch4
 .bss.hdma_tim1_ch3
                0x000000002000319c       0x5c ./Core/Src/tim.o
                0x000000002000319c                hdma_tim1_ch3
 .bss.hdma_tim1_ch2
                0x00000000200031f8       0x5c ./Core/Src/tim.o
                0x00000000200031f8                hdma_tim1_ch2
 .bss.huart1    0x0000000020003254       0x94 ./Core/Src/usart.o
                0x0000000020003254                huart1
 .bss.huart2    0x00000000200032e8       0x94 ./Core/Src/usart.o
                0x00000000200032e8                huart2
 .bss.hdma_usart2_rx
                0x000000002000337c       0x5c ./Core/Src/usart.o
                0x000000002000337c                hdma_usart2_rx
 .bss.uwTick    0x00000000200033d8        0x4 ./Drivers/STM32G0xx_HAL_Driver/Src/stm32g0xx_hal.o
                0x00000000200033d8                uwTick
 *(COMMON)
                0x00000000200033dc                . = ALIGN (0x4)
                0x00000000200033dc                _ebss = .
                0x00000000200033dc                __bss_end__ = _ebss

._user_heap_stack
                0x00000000200033dc      0x604 load address 0x0000000008007ba0
                0x00000000200033e0                . = ALIGN (0x8)
 *fill*         0x00000000200033dc        0x4 
                [!provide]                        PROVIDE (end = .)
                0x00000000200033e0                PROVIDE (_end = .)
                0x00000000200035e0                . = (. + _Min_Heap_Size)
 *fill*         0x00000000200033e0      0x200 
                0x00000000200039e0                . = (. + _Min_Stack_Size)
 *fill*         0x00000000200035e0      0x400 
                0x00000000200039e0                . = ALIGN (0x8)

/DISCARD/
 libc.a(*)
 libm.a(*)
 libgcc.a(*)

.ARM.attributes
                0x0000000000000000       0x28
 *(.ARM.attributes)
 .ARM.attributes
                0x0000000000000000       0x1e c:/st/stm32cubeide_1.11.0/stm32cubeide/plugins/com.st.stm32cube.ide.mcu.externaltools.gnu-tools-for-stm32.10.3-2021.10.win32_1.0.100.202210260954/tools/bin/../lib/gcc/arm-none-eabi/10.3.1/thumb/v6-m/nofp/crti.o
 .ARM.attributes
                0x000000000000001e       0x2c c:/st/stm32cubeide_1.11.0/stm32cubeide/plugins/com.st.stm32cube.ide.mcu.externaltools.gnu-tools-for-stm32.10.3-2021.10.win32_1.0.100.202210260954/tools/bin/../lib/gcc/arm-none-eabi/10.3.1/thumb/v6-m/nofp/crtbegin.o
 .ARM.attributes
                0x000000000000004a       0x2c ./Core/Src/ULP_Effects.o
 .ARM.attributes
                0x0000000000000076       0x2c ./Core/Src/ULP_utilities.o
 .ARM.attributes
                0x00000000000000a2       0x2c ./Core/Src/ULP_ws2812b.o
 .ARM.attributes
                0x00000000000000ce       0x2c ./Core/Src/dma.o
 .ARM.attributes
                0x00000000000000fa       0x2c ./Core/Src/gpio.o
 .ARM.attributes
                0x0000000000000126       0x2c ./Core/Src/main.o
 .ARM.attributes
                0x0000000000000152       0x2c ./Core/Src/stm32g0xx_hal_msp.o
 .ARM.attributes
                0x000000000000017e       0x2c ./Core/Src/stm32g0xx_it.o
 .ARM.attributes
                0x00000000000001aa       0x2c ./Core/Src/system_stm32g0xx.o
 .ARM.attributes
                0x00000000000001d6       0x2c ./Core/Src/tim.o
 .ARM.attributes
                0x0000000000000202       0x2c ./Core/Src/usart.o
 .ARM.attributes
                0x000000000000022e       0x22 ./Core/Startup/startup_stm32g071rbtx.o
 .ARM.attributes
                0x0000000000000250       0x2c ./Drivers/STM32G0xx_HAL_Driver/Src/stm32g0xx_hal.o
 .ARM.attributes
                0x000000000000027c       0x2c ./Drivers/STM32G0xx_HAL_Driver/Src/stm32g0xx_hal_cortex.o
 .ARM.attributes
                0x00000000000002a8       0x2c ./Drivers/STM32G0xx_HAL_Driver/Src/stm32g0xx_hal_dma.o
 .ARM.attributes
                0x00000000000002d4       0x2c ./Drivers/STM32G0xx_HAL_Driver/Src/stm32g0xx_hal_gpio.o
 .ARM.attributes
                0x0000000000000300       0x2c ./Drivers/STM32G0xx_HAL_Driver/Src/stm32g0xx_hal_pwr_ex.o
 .ARM.attributes
                0x000000000000032c       0x2c ./Drivers/STM32G0xx_HAL_Driver/Src/stm32g0xx_hal_rcc.o
 .ARM.attributes
                0x0000000000000358       0x2c ./Drivers/STM32G0xx_HAL_Driver/Src/stm32g0xx_hal_rcc_ex.o
 .ARM.attributes
                0x0000000000000384       0x2c ./Drivers/STM32G0xx_HAL_Driver/Src/stm32g0xx_hal_tim.o
 .ARM.attributes
                0x00000000000003b0       0x2c ./Drivers/STM32G0xx_HAL_Driver/Src/stm32g0xx_hal_tim_ex.o
 .ARM.attributes
                0x00000000000003dc       0x2c ./Drivers/STM32G0xx_HAL_Driver/Src/stm32g0xx_hal_uart.o
 .ARM.attributes
                0x0000000000000408       0x2c ./Drivers/STM32G0xx_HAL_Driver/Src/stm32g0xx_hal_uart_ex.o
 .ARM.attributes
                0x0000000000000434       0x2c c:/st/stm32cubeide_1.11.0/stm32cubeide/plugins/com.st.stm32cube.ide.mcu.externaltools.gnu-tools-for-stm32.10.3-2021.10.win32_1.0.100.202210260954/tools/bin/../lib/gcc/arm-none-eabi/10.3.1/../../../../arm-none-eabi/lib/thumb/v6-m/nofp\libc_nano.a(lib_a-init.o)
 .ARM.attributes
                0x0000000000000460       0x2c c:/st/stm32cubeide_1.11.0/stm32cubeide/plugins/com.st.stm32cube.ide.mcu.externaltools.gnu-tools-for-stm32.10.3-2021.10.win32_1.0.100.202210260954/tools/bin/../lib/gcc/arm-none-eabi/10.3.1/../../../../arm-none-eabi/lib/thumb/v6-m/nofp\libc_nano.a(lib_a-memset.o)
 .ARM.attributes
                0x000000000000048c       0x1e c:/st/stm32cubeide_1.11.0/stm32cubeide/plugins/com.st.stm32cube.ide.mcu.externaltools.gnu-tools-for-stm32.10.3-2021.10.win32_1.0.100.202210260954/tools/bin/../lib/gcc/arm-none-eabi/10.3.1/thumb/v6-m/nofp\libgcc.a(_udivsi3.o)
 .ARM.attributes
                0x00000000000004aa       0x1e c:/st/stm32cubeide_1.11.0/stm32cubeide/plugins/com.st.stm32cube.ide.mcu.externaltools.gnu-tools-for-stm32.10.3-2021.10.win32_1.0.100.202210260954/tools/bin/../lib/gcc/arm-none-eabi/10.3.1/thumb/v6-m/nofp\libgcc.a(_divsi3.o)
 .ARM.attributes
                0x00000000000004c8       0x1e c:/st/stm32cubeide_1.11.0/stm32cubeide/plugins/com.st.stm32cube.ide.mcu.externaltools.gnu-tools-for-stm32.10.3-2021.10.win32_1.0.100.202210260954/tools/bin/../lib/gcc/arm-none-eabi/10.3.1/thumb/v6-m/nofp\libgcc.a(_dvmd_tls.o)
 .ARM.attributes
                0x00000000000004e6       0x1e c:/st/stm32cubeide_1.11.0/stm32cubeide/plugins/com.st.stm32cube.ide.mcu.externaltools.gnu-tools-for-stm32.10.3-2021.10.win32_1.0.100.202210260954/tools/bin/../lib/gcc/arm-none-eabi/10.3.1/thumb/v6-m/nofp\libgcc.a(_aeabi_uldivmod.o)
 .ARM.attributes
                0x0000000000000504       0x2c c:/st/stm32cubeide_1.11.0/stm32cubeide/plugins/com.st.stm32cube.ide.mcu.externaltools.gnu-tools-for-stm32.10.3-2021.10.win32_1.0.100.202210260954/tools/bin/../lib/gcc/arm-none-eabi/10.3.1/thumb/v6-m/nofp\libgcc.a(_udivmoddi4.o)
 .ARM.attributes
                0x0000000000000530       0x1e c:/st/stm32cubeide_1.11.0/stm32cubeide/plugins/com.st.stm32cube.ide.mcu.externaltools.gnu-tools-for-stm32.10.3-2021.10.win32_1.0.100.202210260954/tools/bin/../lib/gcc/arm-none-eabi/10.3.1/thumb/v6-m/nofp\libgcc.a(_clzdi2.o)
 .ARM.attributes
                0x000000000000054e       0x1e c:/st/stm32cubeide_1.11.0/stm32cubeide/plugins/com.st.stm32cube.ide.mcu.externaltools.gnu-tools-for-stm32.10.3-2021.10.win32_1.0.100.202210260954/tools/bin/../lib/gcc/arm-none-eabi/10.3.1/thumb/v6-m/nofp\libgcc.a(_clzsi2.o)
 .ARM.attributes
                0x000000000000056c       0x1e c:/st/stm32cubeide_1.11.0/stm32cubeide/plugins/com.st.stm32cube.ide.mcu.externaltools.gnu-tools-for-stm32.10.3-2021.10.win32_1.0.100.202210260954/tools/bin/../lib/gcc/arm-none-eabi/10.3.1/thumb/v6-m/nofp/crtn.o
OUTPUT(ULP2.0-stacjonarne.elf elf32-littlearm)
LOAD linker stubs
LOAD c:/st/stm32cubeide_1.11.0/stm32cubeide/plugins/com.st.stm32cube.ide.mcu.externaltools.gnu-tools-for-stm32.10.3-2021.10.win32_1.0.100.202210260954/tools/bin/../lib/gcc/arm-none-eabi/10.3.1/../../../../arm-none-eabi/lib/thumb/v6-m/nofp\libc.a
LOAD c:/st/stm32cubeide_1.11.0/stm32cubeide/plugins/com.st.stm32cube.ide.mcu.externaltools.gnu-tools-for-stm32.10.3-2021.10.win32_1.0.100.202210260954/tools/bin/../lib/gcc/arm-none-eabi/10.3.1/../../../../arm-none-eabi/lib/thumb/v6-m/nofp\libm.a
LOAD c:/st/stm32cubeide_1.11.0/stm32cubeide/plugins/com.st.stm32cube.ide.mcu.externaltools.gnu-tools-for-stm32.10.3-2021.10.win32_1.0.100.202210260954/tools/bin/../lib/gcc/arm-none-eabi/10.3.1/thumb/v6-m/nofp\libgcc.a

.debug_info     0x0000000000000000    0x13388
 .debug_info    0x0000000000000000      0x623 ./Core/Src/ULP_Effects.o
 .debug_info    0x0000000000000623       0xee ./Core/Src/ULP_utilities.o
 .debug_info    0x0000000000000711      0x37a ./Core/Src/ULP_ws2812b.o
 .debug_info    0x0000000000000a8b      0x39a ./Core/Src/dma.o
 .debug_info    0x0000000000000e25      0x46f ./Core/Src/gpio.o
 .debug_info    0x0000000000001294     0x1309 ./Core/Src/main.o
 .debug_info    0x000000000000259d      0x296 ./Core/Src/stm32g0xx_hal_msp.o
 .debug_info    0x0000000000002833      0x8a1 ./Core/Src/stm32g0xx_it.o
 .debug_info    0x00000000000030d4      0x34d ./Core/Src/system_stm32g0xx.o
 .debug_info    0x0000000000003421     0x1035 ./Core/Src/tim.o
 .debug_info    0x0000000000004456      0xe7a ./Core/Src/usart.o
 .debug_info    0x00000000000052d0       0x22 ./Core/Startup/startup_stm32g071rbtx.o
 .debug_info    0x00000000000052f2      0xa85 ./Drivers/STM32G0xx_HAL_Driver/Src/stm32g0xx_hal.o
 .debug_info    0x0000000000005d77      0x90d ./Drivers/STM32G0xx_HAL_Driver/Src/stm32g0xx_hal_cortex.o
 .debug_info    0x0000000000006684      0x8d6 ./Drivers/STM32G0xx_HAL_Driver/Src/stm32g0xx_hal_dma.o
 .debug_info    0x0000000000006f5a      0x61f ./Drivers/STM32G0xx_HAL_Driver/Src/stm32g0xx_hal_gpio.o
 .debug_info    0x0000000000007579      0x801 ./Drivers/STM32G0xx_HAL_Driver/Src/stm32g0xx_hal_pwr_ex.o
 .debug_info    0x0000000000007d7a      0xb6a ./Drivers/STM32G0xx_HAL_Driver/Src/stm32g0xx_hal_rcc.o
 .debug_info    0x00000000000088e4      0x82b ./Drivers/STM32G0xx_HAL_Driver/Src/stm32g0xx_hal_rcc_ex.o
 .debug_info    0x000000000000910f     0x2e23 ./Drivers/STM32G0xx_HAL_Driver/Src/stm32g0xx_hal_tim.o
 .debug_info    0x000000000000bf32     0x1a27 ./Drivers/STM32G0xx_HAL_Driver/Src/stm32g0xx_hal_tim_ex.o
 .debug_info    0x000000000000d959     0x49ef ./Drivers/STM32G0xx_HAL_Driver/Src/stm32g0xx_hal_uart.o
 .debug_info    0x0000000000012348     0x1040 ./Drivers/STM32G0xx_HAL_Driver/Src/stm32g0xx_hal_uart_ex.o

.debug_abbrev   0x0000000000000000     0x2b90
 .debug_abbrev  0x0000000000000000      0x1a5 ./Core/Src/ULP_Effects.o
 .debug_abbrev  0x00000000000001a5       0x87 ./Core/Src/ULP_utilities.o
 .debug_abbrev  0x000000000000022c      0x13f ./Core/Src/ULP_ws2812b.o
 .debug_abbrev  0x000000000000036b      0x111 ./Core/Src/dma.o
 .debug_abbrev  0x000000000000047c      0x14d ./Core/Src/gpio.o
 .debug_abbrev  0x00000000000005c9      0x2a8 ./Core/Src/main.o
 .debug_abbrev  0x0000000000000871       0xdb ./Core/Src/stm32g0xx_hal_msp.o
 .debug_abbrev  0x000000000000094c      0x19a ./Core/Src/stm32g0xx_it.o
 .debug_abbrev  0x0000000000000ae6      0x116 ./Core/Src/system_stm32g0xx.o
 .debug_abbrev  0x0000000000000bfc      0x24b ./Core/Src/tim.o
 .debug_abbrev  0x0000000000000e47      0x22f ./Core/Src/usart.o
 .debug_abbrev  0x0000000000001076       0x12 ./Core/Startup/startup_stm32g071rbtx.o
 .debug_abbrev  0x0000000000001088      0x2a9 ./Drivers/STM32G0xx_HAL_Driver/Src/stm32g0xx_hal.o
 .debug_abbrev  0x0000000000001331      0x29f ./Drivers/STM32G0xx_HAL_Driver/Src/stm32g0xx_hal_cortex.o
 .debug_abbrev  0x00000000000015d0      0x21b ./Drivers/STM32G0xx_HAL_Driver/Src/stm32g0xx_hal_dma.o
 .debug_abbrev  0x00000000000017eb      0x1b9 ./Drivers/STM32G0xx_HAL_Driver/Src/stm32g0xx_hal_gpio.o
 .debug_abbrev  0x00000000000019a4      0x232 ./Drivers/STM32G0xx_HAL_Driver/Src/stm32g0xx_hal_pwr_ex.o
 .debug_abbrev  0x0000000000001bd6      0x2a3 ./Drivers/STM32G0xx_HAL_Driver/Src/stm32g0xx_hal_rcc.o
 .debug_abbrev  0x0000000000001e79      0x21a ./Drivers/STM32G0xx_HAL_Driver/Src/stm32g0xx_hal_rcc_ex.o
 .debug_abbrev  0x0000000000002093      0x286 ./Drivers/STM32G0xx_HAL_Driver/Src/stm32g0xx_hal_tim.o
 .debug_abbrev  0x0000000000002319      0x292 ./Drivers/STM32G0xx_HAL_Driver/Src/stm32g0xx_hal_tim_ex.o
 .debug_abbrev  0x00000000000025ab      0x310 ./Drivers/STM32G0xx_HAL_Driver/Src/stm32g0xx_hal_uart.o
 .debug_abbrev  0x00000000000028bb      0x2d5 ./Drivers/STM32G0xx_HAL_Driver/Src/stm32g0xx_hal_uart_ex.o

.debug_aranges  0x0000000000000000      0xfc0
 .debug_aranges
                0x0000000000000000       0x60 ./Core/Src/ULP_Effects.o
 .debug_aranges
                0x0000000000000060       0x28 ./Core/Src/ULP_utilities.o
 .debug_aranges
                0x0000000000000088       0x50 ./Core/Src/ULP_ws2812b.o
 .debug_aranges
                0x00000000000000d8       0x20 ./Core/Src/dma.o
 .debug_aranges
                0x00000000000000f8       0x20 ./Core/Src/gpio.o
 .debug_aranges
                0x0000000000000118       0x40 ./Core/Src/main.o
 .debug_aranges
                0x0000000000000158       0x20 ./Core/Src/stm32g0xx_hal_msp.o
 .debug_aranges
                0x0000000000000178       0x60 ./Core/Src/stm32g0xx_it.o
 .debug_aranges
                0x00000000000001d8       0x28 ./Core/Src/system_stm32g0xx.o
 .debug_aranges
                0x0000000000000200       0x40 ./Core/Src/tim.o
 .debug_aranges
                0x0000000000000240       0x38 ./Core/Src/usart.o
 .debug_aranges
                0x0000000000000278       0x28 ./Core/Startup/startup_stm32g071rbtx.o
 .debug_aranges
                0x00000000000002a0      0x120 ./Drivers/STM32G0xx_HAL_Driver/Src/stm32g0xx_hal.o
 .debug_aranges
                0x00000000000003c0       0xd8 ./Drivers/STM32G0xx_HAL_Driver/Src/stm32g0xx_hal_cortex.o
 .debug_aranges
                0x0000000000000498       0x90 ./Drivers/STM32G0xx_HAL_Driver/Src/stm32g0xx_hal_dma.o
 .debug_aranges
                0x0000000000000528       0x60 ./Drivers/STM32G0xx_HAL_Driver/Src/stm32g0xx_hal_gpio.o
 .debug_aranges
                0x0000000000000588       0xf0 ./Drivers/STM32G0xx_HAL_Driver/Src/stm32g0xx_hal_pwr_ex.o
 .debug_aranges
                0x0000000000000678       0xa0 ./Drivers/STM32G0xx_HAL_Driver/Src/stm32g0xx_hal_rcc.o
 .debug_aranges
                0x0000000000000718       0x40 ./Drivers/STM32G0xx_HAL_Driver/Src/stm32g0xx_hal_rcc_ex.o
 .debug_aranges
                0x0000000000000758      0x3e0 ./Drivers/STM32G0xx_HAL_Driver/Src/stm32g0xx_hal_tim.o
 .debug_aranges
                0x0000000000000b38      0x198 ./Drivers/STM32G0xx_HAL_Driver/Src/stm32g0xx_hal_tim_ex.o
 .debug_aranges
                0x0000000000000cd0      0x248 ./Drivers/STM32G0xx_HAL_Driver/Src/stm32g0xx_hal_uart.o
 .debug_aranges
                0x0000000000000f18       0xa8 ./Drivers/STM32G0xx_HAL_Driver/Src/stm32g0xx_hal_uart_ex.o

.debug_ranges   0x0000000000000000      0xe88
 .debug_ranges  0x0000000000000000       0x50 ./Core/Src/ULP_Effects.o
 .debug_ranges  0x0000000000000050       0x18 ./Core/Src/ULP_utilities.o
 .debug_ranges  0x0000000000000068       0x40 ./Core/Src/ULP_ws2812b.o
 .debug_ranges  0x00000000000000a8       0x10 ./Core/Src/dma.o
 .debug_ranges  0x00000000000000b8       0x10 ./Core/Src/gpio.o
 .debug_ranges  0x00000000000000c8       0x30 ./Core/Src/main.o
 .debug_ranges  0x00000000000000f8       0x10 ./Core/Src/stm32g0xx_hal_msp.o
 .debug_ranges  0x0000000000000108       0x50 ./Core/Src/stm32g0xx_it.o
 .debug_ranges  0x0000000000000158       0x18 ./Core/Src/system_stm32g0xx.o
 .debug_ranges  0x0000000000000170       0x30 ./Core/Src/tim.o
 .debug_ranges  0x00000000000001a0       0x28 ./Core/Src/usart.o
 .debug_ranges  0x00000000000001c8       0x20 ./Core/Startup/startup_stm32g071rbtx.o
 .debug_ranges  0x00000000000001e8      0x110 ./Drivers/STM32G0xx_HAL_Driver/Src/stm32g0xx_hal.o
 .debug_ranges  0x00000000000002f8       0xc8 ./Drivers/STM32G0xx_HAL_Driver/Src/stm32g0xx_hal_cortex.o
 .debug_ranges  0x00000000000003c0       0x80 ./Drivers/STM32G0xx_HAL_Driver/Src/stm32g0xx_hal_dma.o
 .debug_ranges  0x0000000000000440       0x50 ./Drivers/STM32G0xx_HAL_Driver/Src/stm32g0xx_hal_gpio.o
 .debug_ranges  0x0000000000000490       0xe0 ./Drivers/STM32G0xx_HAL_Driver/Src/stm32g0xx_hal_pwr_ex.o
 .debug_ranges  0x0000000000000570       0x90 ./Drivers/STM32G0xx_HAL_Driver/Src/stm32g0xx_hal_rcc.o
 .debug_ranges  0x0000000000000600       0x30 ./Drivers/STM32G0xx_HAL_Driver/Src/stm32g0xx_hal_rcc_ex.o
 .debug_ranges  0x0000000000000630      0x3d0 ./Drivers/STM32G0xx_HAL_Driver/Src/stm32g0xx_hal_tim.o
 .debug_ranges  0x0000000000000a00      0x188 ./Drivers/STM32G0xx_HAL_Driver/Src/stm32g0xx_hal_tim_ex.o
 .debug_ranges  0x0000000000000b88      0x268 ./Drivers/STM32G0xx_HAL_Driver/Src/stm32g0xx_hal_uart.o
 .debug_ranges  0x0000000000000df0       0x98 ./Drivers/STM32G0xx_HAL_Driver/Src/stm32g0xx_hal_uart_ex.o

.debug_macro    0x0000000000000000    0x18b39
 .debug_macro   0x0000000000000000      0x211 ./Core/Src/ULP_Effects.o
 .debug_macro   0x0000000000000211      0xa4e ./Core/Src/ULP_Effects.o
 .debug_macro   0x0000000000000c5f       0x22 ./Core/Src/ULP_Effects.o
 .debug_macro   0x0000000000000c81       0x8e ./Core/Src/ULP_Effects.o
 .debug_macro   0x0000000000000d0f       0x51 ./Core/Src/ULP_Effects.o
 .debug_macro   0x0000000000000d60      0x103 ./Core/Src/ULP_Effects.o
 .debug_macro   0x0000000000000e63       0x6a ./Core/Src/ULP_Effects.o
 .debug_macro   0x0000000000000ecd      0x1df ./Core/Src/ULP_Effects.o
 .debug_macro   0x00000000000010ac       0x10 ./Core/Src/ULP_Effects.o
 .debug_macro   0x00000000000010bc      0x11d ./Core/Src/ULP_Effects.o
 .debug_macro   0x00000000000011d9       0x2e ./Core/Src/ULP_Effects.o
 .debug_macro   0x0000000000001207       0x28 ./Core/Src/ULP_Effects.o
 .debug_macro   0x000000000000122f       0x1c ./Core/Src/ULP_Effects.o
 .debug_macro   0x000000000000124b       0x22 ./Core/Src/ULP_Effects.o
 .debug_macro   0x000000000000126d       0xd1 ./Core/Src/ULP_Effects.o
 .debug_macro   0x000000000000133e      0x4da ./Core/Src/ULP_Effects.o
 .debug_macro   0x0000000000001818      0x11f ./Core/Src/ULP_Effects.o
 .debug_macro   0x0000000000001937     0xc730 ./Core/Src/ULP_Effects.o
 .debug_macro   0x000000000000e067       0x66 ./Core/Src/ULP_Effects.o
 .debug_macro   0x000000000000e0cd     0x34fd ./Core/Src/ULP_Effects.o
 .debug_macro   0x00000000000115ca      0x174 ./Core/Src/ULP_Effects.o
 .debug_macro   0x000000000001173e       0x5c ./Core/Src/ULP_Effects.o
 .debug_macro   0x000000000001179a      0x56c ./Core/Src/ULP_Effects.o
 .debug_macro   0x0000000000011d06     0x10d5 ./Core/Src/ULP_Effects.o
 .debug_macro   0x0000000000012ddb      0x264 ./Core/Src/ULP_Effects.o
 .debug_macro   0x000000000001303f      0x1cf ./Core/Src/ULP_Effects.o
 .debug_macro   0x000000000001320e      0x1d8 ./Core/Src/ULP_Effects.o
 .debug_macro   0x00000000000133e6      0x426 ./Core/Src/ULP_Effects.o
 .debug_macro   0x000000000001380c      0x280 ./Core/Src/ULP_Effects.o
 .debug_macro   0x0000000000013a8c      0x3a7 ./Core/Src/ULP_Effects.o
 .debug_macro   0x0000000000013e33      0x1b2 ./Core/Src/ULP_Effects.o
 .debug_macro   0x0000000000013fe5       0x43 ./Core/Src/ULP_Effects.o
 .debug_macro   0x0000000000014028      0x1f1 ./Core/Src/ULP_Effects.o
 .debug_macro   0x0000000000014219      0x1d6 ./Core/Src/ULP_Effects.o
 .debug_macro   0x00000000000143ef      0x38a ./Core/Src/ULP_Effects.o
 .debug_macro   0x0000000000014779       0x28 ./Core/Src/ULP_Effects.o
 .debug_macro   0x00000000000147a1       0xe4 ./Core/Src/ULP_Effects.o
 .debug_macro   0x0000000000014885      0x125 ./Core/Src/ULP_Effects.o
 .debug_macro   0x00000000000149aa      0x240 ./Core/Src/ULP_Effects.o
 .debug_macro   0x0000000000014bea      0xac9 ./Core/Src/ULP_Effects.o
 .debug_macro   0x00000000000156b3      0x1a1 ./Core/Src/ULP_Effects.o
 .debug_macro   0x0000000000015854      0x693 ./Core/Src/ULP_Effects.o
 .debug_macro   0x0000000000015ee7       0xa6 ./Core/Src/ULP_Effects.o
 .debug_macro   0x0000000000015f8d      0x4f2 ./Core/Src/ULP_Effects.o
 .debug_macro   0x000000000001647f       0x64 ./Core/Src/ULP_Effects.o
 .debug_macro   0x00000000000164e3       0x6d ./Core/Src/ULP_utilities.o
 .debug_macro   0x0000000000016550       0x7c ./Core/Src/ULP_ws2812b.o
 .debug_macro   0x00000000000165cc      0x1f8 ./Core/Src/dma.o
 .debug_macro   0x00000000000167c4      0x1f8 ./Core/Src/gpio.o
 .debug_macro   0x00000000000169bc      0x245 ./Core/Src/main.o
 .debug_macro   0x0000000000016c01      0x1ee ./Core/Src/stm32g0xx_hal_msp.o
 .debug_macro   0x0000000000016def      0x1f8 ./Core/Src/stm32g0xx_it.o
 .debug_macro   0x0000000000016fe7      0x1df ./Core/Src/system_stm32g0xx.o
 .debug_macro   0x00000000000171c6      0x1f8 ./Core/Src/tim.o
 .debug_macro   0x00000000000173be      0x1f8 ./Core/Src/usart.o
 .debug_macro   0x00000000000175b6      0x203 ./Drivers/STM32G0xx_HAL_Driver/Src/stm32g0xx_hal.o
 .debug_macro   0x00000000000177b9      0x1df ./Drivers/STM32G0xx_HAL_Driver/Src/stm32g0xx_hal_cortex.o
 .debug_macro   0x0000000000017998      0x1df ./Drivers/STM32G0xx_HAL_Driver/Src/stm32g0xx_hal_dma.o
 .debug_macro   0x0000000000017b77      0x1e6 ./Drivers/STM32G0xx_HAL_Driver/Src/stm32g0xx_hal_gpio.o
 .debug_macro   0x0000000000017d5d      0x209 ./Drivers/STM32G0xx_HAL_Driver/Src/stm32g0xx_hal_pwr_ex.o
 .debug_macro   0x0000000000017f66      0x21b ./Drivers/STM32G0xx_HAL_Driver/Src/stm32g0xx_hal_rcc.o
 .debug_macro   0x0000000000018181      0x1f7 ./Drivers/STM32G0xx_HAL_Driver/Src/stm32g0xx_hal_rcc_ex.o
 .debug_macro   0x0000000000018378      0x1e7 ./Drivers/STM32G0xx_HAL_Driver/Src/stm32g0xx_hal_tim.o
 .debug_macro   0x000000000001855f      0x1e5 ./Drivers/STM32G0xx_HAL_Driver/Src/stm32g0xx_hal_tim_ex.o
 .debug_macro   0x0000000000018744      0x20a ./Drivers/STM32G0xx_HAL_Driver/Src/stm32g0xx_hal_uart.o
 .debug_macro   0x000000000001894e      0x1eb ./Drivers/STM32G0xx_HAL_Driver/Src/stm32g0xx_hal_uart_ex.o

.debug_line     0x0000000000000000    0x14462
 .debug_line    0x0000000000000000      0xa04 ./Core/Src/ULP_Effects.o
 .debug_line    0x0000000000000a04      0x3cb ./Core/Src/ULP_utilities.o
 .debug_line    0x0000000000000dcf      0x5d9 ./Core/Src/ULP_ws2812b.o
 .debug_line    0x00000000000013a8      0x706 ./Core/Src/dma.o
 .debug_line    0x0000000000001aae      0x72e ./Core/Src/gpio.o
 .debug_line    0x00000000000021dc      0xb44 ./Core/Src/main.o
 .debug_line    0x0000000000002d20      0x706 ./Core/Src/stm32g0xx_hal_msp.o
 .debug_line    0x0000000000003426      0x7cc ./Core/Src/stm32g0xx_it.o
 .debug_line    0x0000000000003bf2      0x779 ./Core/Src/system_stm32g0xx.o
 .debug_line    0x000000000000436b      0x918 ./Core/Src/tim.o
 .debug_line    0x0000000000004c83      0x865 ./Core/Src/usart.o
 .debug_line    0x00000000000054e8       0x89 ./Core/Startup/startup_stm32g071rbtx.o
 .debug_line    0x0000000000005571      0xaaf ./Drivers/STM32G0xx_HAL_Driver/Src/stm32g0xx_hal.o
 .debug_line    0x0000000000006020      0xb30 ./Drivers/STM32G0xx_HAL_Driver/Src/stm32g0xx_hal_cortex.o
 .debug_line    0x0000000000006b50      0xd50 ./Drivers/STM32G0xx_HAL_Driver/Src/stm32g0xx_hal_dma.o
 .debug_line    0x00000000000078a0      0xb1c ./Drivers/STM32G0xx_HAL_Driver/Src/stm32g0xx_hal_gpio.o
 .debug_line    0x00000000000083bc      0xa94 ./Drivers/STM32G0xx_HAL_Driver/Src/stm32g0xx_hal_pwr_ex.o
 .debug_line    0x0000000000008e50      0xeda ./Drivers/STM32G0xx_HAL_Driver/Src/stm32g0xx_hal_rcc.o
 .debug_line    0x0000000000009d2a      0xceb ./Drivers/STM32G0xx_HAL_Driver/Src/stm32g0xx_hal_rcc_ex.o
 .debug_line    0x000000000000aa15     0x3c06 ./Drivers/STM32G0xx_HAL_Driver/Src/stm32g0xx_hal_tim.o
 .debug_line    0x000000000000e61b     0x1c4d ./Drivers/STM32G0xx_HAL_Driver/Src/stm32g0xx_hal_tim_ex.o
 .debug_line    0x0000000000010268     0x344c ./Drivers/STM32G0xx_HAL_Driver/Src/stm32g0xx_hal_uart.o
 .debug_line    0x00000000000136b4      0xdae ./Drivers/STM32G0xx_HAL_Driver/Src/stm32g0xx_hal_uart_ex.o

.debug_str      0x0000000000000000    0x9d690
 .debug_str     0x0000000000000000    0x98d18 ./Core/Src/ULP_Effects.o
                                      0x9924f (size before relaxing)
 .debug_str     0x0000000000098d18       0x1c ./Core/Src/ULP_utilities.o
                                       0x3b3f (size before relaxing)
 .debug_str     0x0000000000098d34       0x93 ./Core/Src/ULP_ws2812b.o
                                       0x3c4f (size before relaxing)
 .debug_str     0x0000000000098dc7      0x2f4 ./Core/Src/dma.o
                                      0x9936c (size before relaxing)
 .debug_str     0x00000000000990bb       0xde ./Core/Src/gpio.o
                                      0x99218 (size before relaxing)
 .debug_str     0x0000000000099199      0xb77 ./Core/Src/main.o
                                      0x99e2d (size before relaxing)
 .debug_str     0x0000000000099d10       0x2c ./Core/Src/stm32g0xx_hal_msp.o
                                      0x9914d (size before relaxing)
 .debug_str     0x0000000000099d3c      0x14a ./Core/Src/stm32g0xx_it.o
                                      0x996e7 (size before relaxing)
 .debug_str     0x0000000000099e86       0x8e ./Core/Src/system_stm32g0xx.o
                                      0x9902f (size before relaxing)
 .debug_str     0x0000000000099f14      0x442 ./Core/Src/tim.o
                                      0x99c91 (size before relaxing)
 .debug_str     0x000000000009a356       0xcc ./Core/Src/usart.o
                                      0x99bb5 (size before relaxing)
 .debug_str     0x000000000009a422       0x36 ./Core/Startup/startup_stm32g071rbtx.o
                                         0x76 (size before relaxing)
 .debug_str     0x000000000009a458      0x567 ./Drivers/STM32G0xx_HAL_Driver/Src/stm32g0xx_hal.o
                                      0x9982c (size before relaxing)
 .debug_str     0x000000000009a9bf      0x25d ./Drivers/STM32G0xx_HAL_Driver/Src/stm32g0xx_hal_cortex.o
                                      0x994be (size before relaxing)
 .debug_str     0x000000000009ac1c      0x28b ./Drivers/STM32G0xx_HAL_Driver/Src/stm32g0xx_hal_dma.o
                                      0x994c9 (size before relaxing)
 .debug_str     0x000000000009aea7      0x151 ./Drivers/STM32G0xx_HAL_Driver/Src/stm32g0xx_hal_gpio.o
                                      0x99178 (size before relaxing)
 .debug_str     0x000000000009aff8      0x38b ./Drivers/STM32G0xx_HAL_Driver/Src/stm32g0xx_hal_pwr_ex.o
                                      0x994bc (size before relaxing)
 .debug_str     0x000000000009b383      0x357 ./Drivers/STM32G0xx_HAL_Driver/Src/stm32g0xx_hal_rcc.o
                                      0x99652 (size before relaxing)
 .debug_str     0x000000000009b6da      0x185 ./Drivers/STM32G0xx_HAL_Driver/Src/stm32g0xx_hal_rcc_ex.o
                                      0x993f9 (size before relaxing)
 .debug_str     0x000000000009b85f      0xd58 ./Drivers/STM32G0xx_HAL_Driver/Src/stm32g0xx_hal_tim.o
                                      0x9a561 (size before relaxing)
 .debug_str     0x000000000009c5b7      0x506 ./Drivers/STM32G0xx_HAL_Driver/Src/stm32g0xx_hal_tim_ex.o
                                      0x99eff (size before relaxing)
 .debug_str     0x000000000009cabd      0x96f ./Drivers/STM32G0xx_HAL_Driver/Src/stm32g0xx_hal_uart.o
                                      0x99ffa (size before relaxing)
 .debug_str     0x000000000009d42c      0x264 ./Drivers/STM32G0xx_HAL_Driver/Src/stm32g0xx_hal_uart_ex.o
                                      0x998b9 (size before relaxing)

.comment        0x0000000000000000       0x50
 .comment       0x0000000000000000       0x50 ./Core/Src/ULP_Effects.o
                                         0x51 (size before relaxing)
 .comment       0x0000000000000050       0x51 ./Core/Src/ULP_utilities.o
 .comment       0x0000000000000050       0x51 ./Core/Src/ULP_ws2812b.o
 .comment       0x0000000000000050       0x51 ./Core/Src/dma.o
 .comment       0x0000000000000050       0x51 ./Core/Src/gpio.o
 .comment       0x0000000000000050       0x51 ./Core/Src/main.o
 .comment       0x0000000000000050       0x51 ./Core/Src/stm32g0xx_hal_msp.o
 .comment       0x0000000000000050       0x51 ./Core/Src/stm32g0xx_it.o
 .comment       0x0000000000000050       0x51 ./Core/Src/system_stm32g0xx.o
 .comment       0x0000000000000050       0x51 ./Core/Src/tim.o
 .comment       0x0000000000000050       0x51 ./Core/Src/usart.o
 .comment       0x0000000000000050       0x51 ./Drivers/STM32G0xx_HAL_Driver/Src/stm32g0xx_hal.o
 .comment       0x0000000000000050       0x51 ./Drivers/STM32G0xx_HAL_Driver/Src/stm32g0xx_hal_cortex.o
 .comment       0x0000000000000050       0x51 ./Drivers/STM32G0xx_HAL_Driver/Src/stm32g0xx_hal_dma.o
 .comment       0x0000000000000050       0x51 ./Drivers/STM32G0xx_HAL_Driver/Src/stm32g0xx_hal_gpio.o
 .comment       0x0000000000000050       0x51 ./Drivers/STM32G0xx_HAL_Driver/Src/stm32g0xx_hal_pwr_ex.o
 .comment       0x0000000000000050       0x51 ./Drivers/STM32G0xx_HAL_Driver/Src/stm32g0xx_hal_rcc.o
 .comment       0x0000000000000050       0x51 ./Drivers/STM32G0xx_HAL_Driver/Src/stm32g0xx_hal_rcc_ex.o
 .comment       0x0000000000000050       0x51 ./Drivers/STM32G0xx_HAL_Driver/Src/stm32g0xx_hal_tim.o
 .comment       0x0000000000000050       0x51 ./Drivers/STM32G0xx_HAL_Driver/Src/stm32g0xx_hal_tim_ex.o
 .comment       0x0000000000000050       0x51 ./Drivers/STM32G0xx_HAL_Driver/Src/stm32g0xx_hal_uart.o
 .comment       0x0000000000000050       0x51 ./Drivers/STM32G0xx_HAL_Driver/Src/stm32g0xx_hal_uart_ex.o

.debug_frame    0x0000000000000000     0x37a0
 .debug_frame   0x0000000000000000      0x13c ./Core/Src/ULP_Effects.o
 .debug_frame   0x000000000000013c       0x50 ./Core/Src/ULP_utilities.o
 .debug_frame   0x000000000000018c       0xf4 ./Core/Src/ULP_ws2812b.o
 .debug_frame   0x0000000000000280       0x30 ./Core/Src/dma.o
 .debug_frame   0x00000000000002b0       0x30 ./Core/Src/gpio.o
 .debug_frame   0x00000000000002e0       0xbc ./Core/Src/main.o
 .debug_frame   0x000000000000039c       0x30 ./Core/Src/stm32g0xx_hal_msp.o
 .debug_frame   0x00000000000003cc      0x10c ./Core/Src/stm32g0xx_it.o
 .debug_frame   0x00000000000004d8       0x4c ./Core/Src/system_stm32g0xx.o
 .debug_frame   0x0000000000000524       0xb0 ./Core/Src/tim.o
 .debug_frame   0x00000000000005d4       0x88 ./Core/Src/usart.o
 .debug_frame   0x000000000000065c      0x3dc ./Drivers/STM32G0xx_HAL_Driver/Src/stm32g0xx_hal.o
 .debug_frame   0x0000000000000a38      0x2fc ./Drivers/STM32G0xx_HAL_Driver/Src/stm32g0xx_hal_cortex.o
 .debug_frame   0x0000000000000d34      0x1f0 ./Drivers/STM32G0xx_HAL_Driver/Src/stm32g0xx_hal_dma.o
 .debug_frame   0x0000000000000f24      0x130 ./Drivers/STM32G0xx_HAL_Driver/Src/stm32g0xx_hal_gpio.o
 .debug_frame   0x0000000000001054      0x32c ./Drivers/STM32G0xx_HAL_Driver/Src/stm32g0xx_hal_pwr_ex.o
 .debug_frame   0x0000000000001380      0x214 ./Drivers/STM32G0xx_HAL_Driver/Src/stm32g0xx_hal_rcc.o
 .debug_frame   0x0000000000001594       0xb0 ./Drivers/STM32G0xx_HAL_Driver/Src/stm32g0xx_hal_rcc_ex.o
 .debug_frame   0x0000000000001644      0xf40 ./Drivers/STM32G0xx_HAL_Driver/Src/stm32g0xx_hal_tim.o
 .debug_frame   0x0000000000002584      0x620 ./Drivers/STM32G0xx_HAL_Driver/Src/stm32g0xx_hal_tim_ex.o
 .debug_frame   0x0000000000002ba4      0x8d8 ./Drivers/STM32G0xx_HAL_Driver/Src/stm32g0xx_hal_uart.o
 .debug_frame   0x000000000000347c      0x25c ./Drivers/STM32G0xx_HAL_Driver/Src/stm32g0xx_hal_uart_ex.o
 .debug_frame   0x00000000000036d8       0x2c c:/st/stm32cubeide_1.11.0/stm32cubeide/plugins/com.st.stm32cube.ide.mcu.externaltools.gnu-tools-for-stm32.10.3-2021.10.win32_1.0.100.202210260954/tools/bin/../lib/gcc/arm-none-eabi/10.3.1/../../../../arm-none-eabi/lib/thumb/v6-m/nofp\libc_nano.a(lib_a-init.o)
 .debug_frame   0x0000000000003704       0x20 c:/st/stm32cubeide_1.11.0/stm32cubeide/plugins/com.st.stm32cube.ide.mcu.externaltools.gnu-tools-for-stm32.10.3-2021.10.win32_1.0.100.202210260954/tools/bin/../lib/gcc/arm-none-eabi/10.3.1/../../../../arm-none-eabi/lib/thumb/v6-m/nofp\libc_nano.a(lib_a-memset.o)
 .debug_frame   0x0000000000003724       0x20 c:/st/stm32cubeide_1.11.0/stm32cubeide/plugins/com.st.stm32cube.ide.mcu.externaltools.gnu-tools-for-stm32.10.3-2021.10.win32_1.0.100.202210260954/tools/bin/../lib/gcc/arm-none-eabi/10.3.1/thumb/v6-m/nofp\libgcc.a(_udivsi3.o)
 .debug_frame   0x0000000000003744       0x20 c:/st/stm32cubeide_1.11.0/stm32cubeide/plugins/com.st.stm32cube.ide.mcu.externaltools.gnu-tools-for-stm32.10.3-2021.10.win32_1.0.100.202210260954/tools/bin/../lib/gcc/arm-none-eabi/10.3.1/thumb/v6-m/nofp\libgcc.a(_divsi3.o)
 .debug_frame   0x0000000000003764       0x3c c:/st/stm32cubeide_1.11.0/stm32cubeide/plugins/com.st.stm32cube.ide.mcu.externaltools.gnu-tools-for-stm32.10.3-2021.10.win32_1.0.100.202210260954/tools/bin/../lib/gcc/arm-none-eabi/10.3.1/thumb/v6-m/nofp\libgcc.a(_udivmoddi4.o)
