Archive member included to satisfy reference by file (symbol)

C:/ST/STM32CubeIDE_1.14.1/STM32CubeIDE/plugins/com.st.stm32cube.ide.mcu.externaltools.gnu-tools-for-stm32.12.3.rel1.win32_1.0.100.202403111256/tools/bin/../lib/gcc/arm-none-eabi/12.3.1/../../../../arm-none-eabi/lib/thumb/v7e-m+dp/hard\libc_nano.a(libc_a-exit.o)
                              C:/ST/STM32CubeIDE_1.14.1/STM32CubeIDE/plugins/com.st.stm32cube.ide.mcu.externaltools.gnu-tools-for-stm32.12.3.rel1.win32_1.0.100.202403111256/tools/bin/../lib/gcc/arm-none-eabi/12.3.1/../../../../arm-none-eabi/lib/thumb/v7e-m+dp/hard/crt0.o (exit)
C:/ST/STM32CubeIDE_1.14.1/STM32CubeIDE/plugins/com.st.stm32cube.ide.mcu.externaltools.gnu-tools-for-stm32.12.3.rel1.win32_1.0.100.202403111256/tools/bin/../lib/gcc/arm-none-eabi/12.3.1/../../../../arm-none-eabi/lib/thumb/v7e-m+dp/hard\libc_nano.a(libc_a-findfp.o)
                              C:/ST/STM32CubeIDE_1.14.1/STM32CubeIDE/plugins/com.st.stm32cube.ide.mcu.externaltools.gnu-tools-for-stm32.12.3.rel1.win32_1.0.100.202403111256/tools/bin/../lib/gcc/arm-none-eabi/12.3.1/../../../../arm-none-eabi/lib/thumb/v7e-m+dp/hard\libc_nano.a(libc_a-exit.o) (__stdio_exit_handler)
C:/ST/STM32CubeIDE_1.14.1/STM32CubeIDE/plugins/com.st.stm32cube.ide.mcu.externaltools.gnu-tools-for-stm32.12.3.rel1.win32_1.0.100.202403111256/tools/bin/../lib/gcc/arm-none-eabi/12.3.1/../../../../arm-none-eabi/lib/thumb/v7e-m+dp/hard\libc_nano.a(libc_a-fwalk.o)
                              C:/ST/STM32CubeIDE_1.14.1/STM32CubeIDE/plugins/com.st.stm32cube.ide.mcu.externaltools.gnu-tools-for-stm32.12.3.rel1.win32_1.0.100.202403111256/tools/bin/../lib/gcc/arm-none-eabi/12.3.1/../../../../arm-none-eabi/lib/thumb/v7e-m+dp/hard\libc_nano.a(libc_a-findfp.o) (_fwalk_sglue)
C:/ST/STM32CubeIDE_1.14.1/STM32CubeIDE/plugins/com.st.stm32cube.ide.mcu.externaltools.gnu-tools-for-stm32.12.3.rel1.win32_1.0.100.202403111256/tools/bin/../lib/gcc/arm-none-eabi/12.3.1/../../../../arm-none-eabi/lib/thumb/v7e-m+dp/hard\libc_nano.a(libc_a-stdio.o)
                              C:/ST/STM32CubeIDE_1.14.1/STM32CubeIDE/plugins/com.st.stm32cube.ide.mcu.externaltools.gnu-tools-for-stm32.12.3.rel1.win32_1.0.100.202403111256/tools/bin/../lib/gcc/arm-none-eabi/12.3.1/../../../../arm-none-eabi/lib/thumb/v7e-m+dp/hard\libc_nano.a(libc_a-findfp.o) (__sread)
C:/ST/STM32CubeIDE_1.14.1/STM32CubeIDE/plugins/com.st.stm32cube.ide.mcu.externaltools.gnu-tools-for-stm32.12.3.rel1.win32_1.0.100.202403111256/tools/bin/../lib/gcc/arm-none-eabi/12.3.1/../../../../arm-none-eabi/lib/thumb/v7e-m+dp/hard\libc_nano.a(libc_a-memset.o)
                              C:/ST/STM32CubeIDE_1.14.1/STM32CubeIDE/plugins/com.st.stm32cube.ide.mcu.externaltools.gnu-tools-for-stm32.12.3.rel1.win32_1.0.100.202403111256/tools/bin/../lib/gcc/arm-none-eabi/12.3.1/../../../../arm-none-eabi/lib/thumb/v7e-m+dp/hard/crt0.o (memset)
C:/ST/STM32CubeIDE_1.14.1/STM32CubeIDE/plugins/com.st.stm32cube.ide.mcu.externaltools.gnu-tools-for-stm32.12.3.rel1.win32_1.0.100.202403111256/tools/bin/../lib/gcc/arm-none-eabi/12.3.1/../../../../arm-none-eabi/lib/thumb/v7e-m+dp/hard\libc_nano.a(libc_a-closer.o)
                              C:/ST/STM32CubeIDE_1.14.1/STM32CubeIDE/plugins/com.st.stm32cube.ide.mcu.externaltools.gnu-tools-for-stm32.12.3.rel1.win32_1.0.100.202403111256/tools/bin/../lib/gcc/arm-none-eabi/12.3.1/../../../../arm-none-eabi/lib/thumb/v7e-m+dp/hard\libc_nano.a(libc_a-stdio.o) (_close_r)
C:/ST/STM32CubeIDE_1.14.1/STM32CubeIDE/plugins/com.st.stm32cube.ide.mcu.externaltools.gnu-tools-for-stm32.12.3.rel1.win32_1.0.100.202403111256/tools/bin/../lib/gcc/arm-none-eabi/12.3.1/../../../../arm-none-eabi/lib/thumb/v7e-m+dp/hard\libc_nano.a(libc_a-reent.o)
                              C:/ST/STM32CubeIDE_1.14.1/STM32CubeIDE/plugins/com.st.stm32cube.ide.mcu.externaltools.gnu-tools-for-stm32.12.3.rel1.win32_1.0.100.202403111256/tools/bin/../lib/gcc/arm-none-eabi/12.3.1/../../../../arm-none-eabi/lib/thumb/v7e-m+dp/hard\libc_nano.a(libc_a-closer.o) (errno)
C:/ST/STM32CubeIDE_1.14.1/STM32CubeIDE/plugins/com.st.stm32cube.ide.mcu.externaltools.gnu-tools-for-stm32.12.3.rel1.win32_1.0.100.202403111256/tools/bin/../lib/gcc/arm-none-eabi/12.3.1/../../../../arm-none-eabi/lib/thumb/v7e-m+dp/hard\libc_nano.a(libc_a-impure.o)
                              C:/ST/STM32CubeIDE_1.14.1/STM32CubeIDE/plugins/com.st.stm32cube.ide.mcu.externaltools.gnu-tools-for-stm32.12.3.rel1.win32_1.0.100.202403111256/tools/bin/../lib/gcc/arm-none-eabi/12.3.1/../../../../arm-none-eabi/lib/thumb/v7e-m+dp/hard\libc_nano.a(libc_a-reent.o) (_impure_ptr)
C:/ST/STM32CubeIDE_1.14.1/STM32CubeIDE/plugins/com.st.stm32cube.ide.mcu.externaltools.gnu-tools-for-stm32.12.3.rel1.win32_1.0.100.202403111256/tools/bin/../lib/gcc/arm-none-eabi/12.3.1/../../../../arm-none-eabi/lib/thumb/v7e-m+dp/hard\libc_nano.a(libc_a-lseekr.o)
[...]
Memory Configuration

Name             Origin             Length             Attributes
ITCMRAM          0x00000000         0x00010000         xrw
DTCMRAM          0x20000000         0x00020000         xrw
FLASH            0x08000000         0x00100000         xr
RAM_D1           0x24000000         0x00050000         xrw
RAM_D2           0x30000000         0x00008000         xrw
RAM_D3           0x38000000         0x00004000         xrw
*default*        0x00000000         0xffffffff

Linker script and memory map

LOAD C:/ST/STM32CubeIDE_1.14.1/STM32CubeIDE/plugins/com.st.stm32cube.ide.mcu.externaltools.gnu-tools-for-stm32.12.3.rel1.win32_1.0.100.202403111256/tools/bin/../lib/gcc/arm-none-eabi/12.3.1/thumb/v7e-m+dp/hard/crti.o
LOAD C:/ST/STM32CubeIDE_1.14.1/STM32CubeIDE/plugins/com.st.stm32cube.ide.mcu.externaltools.gnu-tools-for-stm32.12.3.rel1.win32_1.0.100.202403111256/tools/bin/../lib/gcc/arm-none-eabi/12.3.1/thumb/v7e-m+dp/hard/crtbegin.o
LOAD C:/ST/STM32CubeIDE_1.14.1/STM32CubeIDE/plugins/com.st.stm32cube.ide.mcu.externaltools.gnu-tools-for-stm32.12.3.rel1.win32_1.0.100.202403111256/tools/bin/../lib/gcc/arm-none-eabi/12.3.1/../../../../arm-none-eabi/lib/thumb/v7e-m+dp/hard/crt0.o
LOAD ./Core/Src/ULP_Effects.o
LOAD ./Core/Src/ULP_strip_effects.o
LOAD ./Core/Src/ULP_utilities.o
LOAD ./Core/Src/ULP_ws2812b.o
LOAD ./Core/Src/dma.o
LOAD ./Core/Src/gpio.o
LOAD ./Core/Src/main.o
LOAD ./Core/Src/stm32h7xx_hal_msp.o
LOAD ./Core/Src/stm32h7xx_it.o
LOAD ./Core/Src/syscalls.o
LOAD ./Core/Src/sysmem.o
LOAD ./Core/Src/system_stm32h7xx.o
LOAD ./Core/Src/tim.o
LOAD ./Core/Startup/startup_stm32h723vgtx.o
LOAD ./Drivers/STM32H7xx_HAL_Driver/Src/stm32h7xx_hal.o
LOAD ./Drivers/STM32H7xx_HAL_Driver/Src/stm32h7xx_hal_cortex.o
LOAD ./Drivers/STM32H7xx_HAL_Driver/Src/stm32h7xx_hal_dma.o
LOAD ./Drivers/STM32H7xx_HAL_Driver/Src/stm32h7xx_hal_dma_ex.o
LOAD ./Drivers/STM32H7xx_HAL_Driver/Src/stm32h7xx_hal_exti.o
LOAD ./Drivers/STM32H7xx_HAL_Driver/Src/stm32h7xx_hal_flash.o
LOAD ./Drivers/STM32H7xx_HAL_Driver/Src/stm32h7xx_hal_flash_ex.o
LOAD ./Drivers/STM32H7xx_HAL_Driver/Src/stm32h7xx_hal_gpio.o
LOAD ./Drivers/STM32H7xx_HAL_Driver/Src/stm32h7xx_hal_hsem.o
LOAD ./Drivers/STM32H7xx_HAL_Driver/Src/stm32h7xx_hal_i2c.o
LOAD ./Drivers/STM32H7xx_HAL_Driver/Src/stm32h7xx_hal_i2c_ex.o
LOAD ./Drivers/STM32H7xx_HAL_Driver/Src/stm32h7xx_hal_mdma.o
LOAD ./Drivers/STM32H7xx_HAL_Driver/Src/stm32h7xx_hal_pcd.o
LOAD ./Drivers/STM32H7xx_HAL_Driver/Src/stm32h7xx_hal_pcd_ex.o
LOAD ./Drivers/STM32H7xx_HAL_Driver/Src/stm32h7xx_hal_pwr.o
LOAD ./Drivers/STM32H7xx_HAL_Driver/Src/stm32h7xx_hal_pwr_ex.o
LOAD ./Drivers/STM32H7xx_HAL_Driver/Src/stm32h7xx_hal_rcc.o
LOAD ./Drivers/STM32H7xx_HAL_Driver/Src/stm32h7xx_hal_rcc_ex.o
LOAD ./Drivers/STM32H7xx_HAL_Driver/Src/stm32h7xx_hal_tim.o
LOAD ./Drivers/STM32H7xx_HAL_Driver/Src/stm32h7xx_hal_tim_ex.o
LOAD ./Drivers/STM32H7xx_HAL_Driver/Src/stm32h7xx_ll_usb.o
LOAD ./Middlewares/ST/STM32_USB_Device_Library/Class/CDC/Src/usbd_cdc.o
LOAD ./Middlewares/ST/STM32_USB_Device_Library/Core/Src/usbd_core.o
LOAD ./Middlewares/ST/STM32_USB_Device_Library/Core/Src/usbd_ctlreq.o
LOAD ./Middlewares/ST/STM32_USB_Device_Library/Core/Src/usbd_ioreq.o
LOAD ./USB_DEVICE/App/usb_device.o
LOAD ./USB_DEVICE/App/usbd_cdc_if.o
LOAD ./USB_DEVICE/App/usbd_desc.o
LOAD ./USB_DEVICE/Target/usbd_conf.o
START GROUP
LOAD C:/ST/STM32CubeIDE_1.14.1/STM32CubeIDE/plugins/com.st.stm32cube.ide.mcu.externaltools.gnu-tools-for-stm32.12.3.rel1.win32_1.0.100.202403111256/tools/bin/../lib/gcc/arm-none-eabi/12.3.1/../../../../arm-none-eabi/lib/thumb/v7e-m+dp/hard\libc_nano.a
LOAD C:/ST/STM32CubeIDE_1.14.1/STM32CubeIDE/plugins/com.st.stm32cube.ide.mcu.externaltools.gnu-tools-for-stm32.12.3.rel1.win32_1.0.100.202403111256/tools/bin/../lib/gcc/arm-none-eabi/12.3.1/../../../../arm-none-eabi/lib/thumb/v7e-m+dp/hard\libm.a
END GROUP
START GROUP
LOAD C:/ST/STM32CubeIDE_1.14.1/STM32CubeIDE/plugins/com.st.stm32cube.ide.mcu.externaltools.gnu-tools-for-stm32.12.3.rel1.win32_1.0.100.202403111256/tools/bin/../lib/gcc/arm-none-eabi/12.3.1/thumb/v7e-m+dp/hard\libgcc.a
LOAD C:/ST/STM32CubeIDE_1.14.1/STM32CubeIDE/plugins/com.st.stm32cube.ide.mcu.externaltools.gnu-tools-for-stm32.12.3.rel1.win32_1.0.100.202403111256/tools/bin/../lib/gcc/arm-none-eabi/12.3.1/../../../../arm-none-eabi/lib/thumb/v7e-m+dp/hard\libc_nano.a
END GROUP
START GROUP
LOAD C:/ST/STM32CubeIDE_1.14.1/STM32CubeIDE/plugins/com.st.stm32cube.ide.mcu.externaltools.gnu-tools-for-stm32.12.3.rel1.win32_1.0.100.202403111256/tools/bin/../lib/gcc/arm-none-eabi/12.3.1/thumb/v7e-m+dp/hard\libgcc.a
LOAD C:/ST/STM32CubeIDE_1.14.1/STM32CubeIDE/plugins/com.st.stm32cube.ide.mcu.externaltools.gnu-tools-for-stm32.12.3.rel1.win32_1.0.100.202403111256/tools/bin/../lib/gcc/arm-none-eabi/12.3.1/../../../../arm-none-eabi/lib/thumb/v7e-m+dp/hard\libc_nano.a
LOAD C:/ST/STM32CubeIDE_1.14.1/STM32CubeIDE/plugins/com.st.stm32cube.ide.mcu.externaltools.gnu-tools-for-stm32.12.3.rel1.win32_1.0.100.202403111256/tools/bin/../lib/gcc/arm-none-eabi/12.3.1/../../../../arm-none-eabi/lib/thumb/v7e-m+dp/hard\libnosys.a
END GROUP
START GROUP
LOAD C:/ST/STM32CubeIDE_1.14.1/STM32CubeIDE/plugins/com.st.stm32cube.ide.mcu.externaltools.gnu-tools-for-stm32.12.3.rel1.win32_1.0.100.202403111256/tools/bin/../lib/gcc/arm-none-eabi/12.3.1/thumb/v7e-m+dp/hard\libgcc.a
LOAD C:/ST/STM32CubeIDE_1.14.1/STM32CubeIDE/plugins/com.st.stm32cube.ide.mcu.externaltools.gnu-tools-for-stm32.12.3.rel1.win32_1.0.100.202403111256/tools/bin/../lib/gcc/arm-none-eabi/12.3.1/../../../../arm-none-eabi/lib/thumb/v7e-m+dp/hard\libc_nano.a
LOAD C:/ST/STM32CubeIDE_1.14.1/STM32CubeIDE/plugins/com.st.stm32cube.ide.mcu.externaltools.gnu-tools-for-stm32.12.3.rel1.win32_1.0.100.202403111256/tools/bin/../lib/gcc/arm-none-eabi/12.3.1/../../../../arm-none-eabi/lib/thumb/v7e-m+dp/hard\libnosys.a
END GROUP
LOAD C:/ST/STM32CubeIDE_1.14.1/STM32CubeIDE/plugins/com.st.stm32cube.ide.mcu.externaltools.gnu-tools-for-stm32.12.3.rel1.win32_1.0.100.202403111256/tools/bin/../lib/gcc/arm-none-eabi/12.3.1/thumb/v7e-m+dp/hard/crtend.o
LOAD C:/ST/STM32CubeIDE_1.14.1/STM32CubeIDE/plugins/com.st.stm32cube.ide.mcu.externaltools.gnu-tools-for-stm32.12.3.rel1.win32_1.0.100.202403111256/tools/bin/../lib/gcc/arm-none-eabi/12.3.1/thumb/v7e-m+dp/hard/crtn.o
                0x24050000                        _estack = (ORIGIN (RAM_D1) + LENGTH (RAM_D1))
                0x00000200                        _Min_Heap_Size = 0x200
                0x00000400                        _Min_Stack_Size = 0x400

.isr_vector     0x08000000      0x2cc
                0x08000000                        . = ALIGN (0x4)
 *(.isr_vector)
 .isr_vector    0x08000000      0x2cc ./Core/Startup/startup_stm32h723vgtx.o
                0x08000000                g_pfnVectors
                0x080002cc                        . = ALIGN (0x4)

.text           0x080002cc     0xcb58
                0x080002cc                        . = ALIGN (0x4)
 *(.text)
 .text          0x080002cc       0x40 C:/ST/STM32CubeIDE_1.14.1/STM32CubeIDE/plugins/com.st.stm32cube.ide.mcu.externaltools.gnu-tools-for-stm32.12.3.rel1.win32_1.0.100.202403111256/tools/bin/../lib/gcc/arm-none-eabi/12.3.1/thumb/v7e-m+dp/hard/crtbegin.o
 *(.text*)
 .text.strip_startup_init
                0x0800030c       0x18 ./Core/Src/ULP_strip_effects.o
                0x0800030c                strip_startup_init
 .text.run_strip_startup_effect
                0x08000324      0x2b0 ./Core/Src/ULP_strip_effects.o
                0x08000324                run_strip_startup_effect
 .text.gradient_function
                0x080005d4       0x78 ./Core/Src/ULP_strip_effects.o
                0x080005d4                gradient_function
 .text.get_gradient
                0x0800064c       0x96 ./Core/Src/ULP_strip_effects.o
                0x0800064c                get_gradient
 .text.move_pixel_right
                0x080006e2       0xb8 ./Core/Src/ULP_strip_effects.o
                0x080006e2                move_pixel_right
 .text.colorPixel
                0x0800079a       0xf4 ./Core/Src/ULP_ws2812b.o
                0x0800079a                colorPixel
 *fill*         0x0800088e        0x2 
 .text.convert_brightness
                0x08000890       0x3c ./Core/Src/ULP_ws2812b.o
                0x08000890                convert_brightness
 .text.color_array_to_pixels
                0x080008cc       0xc0 ./Core/Src/ULP_ws2812b.o
                0x080008cc                color_array_to_pixels
 .text.set_color_strip
                0x0800098c       0x6c ./Core/Src/ULP_ws2812b.o
                0x0800098c                set_color_strip
 .text.clear_led_strip
                0x080009f8       0x24 ./Core/Src/ULP_ws2812b.o
                0x080009f8                clear_led_strip
 .text.buffer_size
                0x08000a1c       0x26 ./Core/Src/ULP_ws2812b.o
                0x08000a1c                buffer_size
 *fill*         0x08000a42        0x2 
 .text.MX_DMA_Init
                0x08000a44       0x40 ./Core/Src/dma.o
                0x08000a44                MX_DMA_Init
 .text.MX_GPIO_Init
                0x08000a84       0xac ./Core/Src/gpio.o
                0x08000a84                MX_GPIO_Init
 .text.HAL_TIM_PWM_PulseFinishedCallback
                0x08000b30       0x24 ./Core/Src/main.o
                0x08000b30                HAL_TIM_PWM_PulseFinishedCallback
 .text.main     0x08000b54      0x114 ./Core/Src/main.o
                0x08000b54                main
 .text.SystemClock_Config
                0x08000c68       0xe4 ./Core/Src/main.o
                0x08000c68                SystemClock_Config
 .text.MPU_Config
                0x08000d4c       0x58 ./Core/Src/main.o
 .text.Error_Handler
                0x08000da4        0xc ./Core/Src/main.o
                0x08000da4                Error_Handler
 .text.HAL_MspInit
                0x08000db0       0x34 ./Core/Src/stm32h7xx_hal_msp.o
                0x08000db0                HAL_MspInit
 .text.NMI_Handler
                0x08000de4        0x8 ./Core/Src/stm32h7xx_it.o
                0x08000de4                NMI_Handler
 .text.HardFault_Handler
                0x08000dec        0x8 ./Core/Src/stm32h7xx_it.o
                0x08000dec                HardFault_Handler
 .text.MemManage_Handler
                0x08000df4        0x8 ./Core/Src/stm32h7xx_it.o
                0x08000df4                MemManage_Handler
 .text.BusFault_Handler
                0x08000dfc        0x8 ./Core/Src/stm32h7xx_it.o
                0x08000dfc                BusFault_Handler
 .text.UsageFault_Handler
                0x08000e04        0x8 ./Core/Src/stm32h7xx_it.o
                0x08000e04                UsageFault_Handler
 .text.SVC_Handler
                0x08000e0c        0xe ./Core/Src/stm32h7xx_it.o
                0x08000e0c                SVC_Handler
 .text.DebugMon_Handler
                0x08000e1a        0xe ./Core/Src/stm32h7xx_it.o
                0x08000e1a                DebugMon_Handler
 .text.PendSV_Handler
                0x08000e28        0xe ./Core/Src/stm32h7xx_it.o
                0x08000e28                PendSV_Handler
 .text.SysTick_Handler
                0x08000e36        0xc ./Core/Src/stm32h7xx_it.o
                0x08000e36                SysTick_Handler
 *fill*         0x08000e42        0x2 
 .text.DMA1_Stream0_IRQHandler
                0x08000e44       0x14 ./Core/Src/stm32h7xx_it.o
                0x08000e44                DMA1_Stream0_IRQHandler
 .text.OTG_HS_IRQHandler
                0x08000e58       0x14 ./Core/Src/stm32h7xx_it.o
                0x08000e58                OTG_HS_IRQHandler
 .text.SystemInit
                0x08000e6c       0xf0 ./Core/Src/system_stm32h7xx.o
                0x08000e6c                SystemInit
 .text.MX_TIM1_Init
                0x08000f5c      0x158 ./Core/Src/tim.o
                0x08000f5c                MX_TIM1_Init
 .text.HAL_TIM_Base_MspInit
                0x080010b4       0xa8 ./Core/Src/tim.o
                0x080010b4                HAL_TIM_Base_MspInit
 .text.HAL_TIM_MspPostInit
                0x0800115c       0x78 ./Core/Src/tim.o
                0x0800115c                HAL_TIM_MspPostInit
 .text.Reset_Handler
                0x080011d4       0x50 ./Core/Startup/startup_stm32h723vgtx.o
                0x080011d4                Reset_Handler
 .text.Default_Handler
                0x08001224        0x2 ./Core/Startup/startup_stm32h723vgtx.o
                0x08001224                RTC_Alarm_IRQHandler
                0x08001224                EXTI2_IRQHandler
                0x08001224                TIM8_CC_IRQHandler
                0x08001224                UART8_IRQHandler
                0x08001224                SPI4_IRQHandler
                0x08001224                FDCAN3_IT0_IRQHandler
                0x08001224                TIM1_CC_IRQHandler
                0x08001224                BDMA_Channel6_IRQHandler
                0x08001224                DMA2_Stream5_IRQHandler
                0x08001224                DMA1_Stream5_IRQHandler
                0x08001224                CORDIC_IRQHandler
                0x08001224                BDMA_Channel1_IRQHandler
                0x08001224                TAMP_STAMP_IRQHandler
                0x08001224                EXTI3_IRQHandler
                0x08001224                LPTIM4_IRQHandler
                0x08001224                TIM8_TRG_COM_TIM14_IRQHandler
                0x08001224                LPTIM2_IRQHandler
                0x08001224                DFSDM1_FLT1_IRQHandler
                0x08001224                DMAMUX2_OVR_IRQHandler
                0x08001224                TIM8_UP_TIM13_IRQHandler
                0x08001224                I2C3_ER_IRQHandler
                0x08001224                DFSDM1_FLT2_IRQHandler
                0x08001224                I2C5_EV_IRQHandler
                0x08001224                USART10_IRQHandler
                0x08001224                MDMA_IRQHandler
                0x08001224                LPTIM3_IRQHandler
                0x08001224                HSEM1_IRQHandler
                0x08001224                EXTI0_IRQHandler
                0x08001224                I2C2_EV_IRQHandler
                0x08001224                DMA1_Stream2_IRQHandler
                0x08001224                FPU_IRQHandler
                0x08001224                OTG_HS_WKUP_IRQHandler
                0x08001224                FDCAN1_IT1_IRQHandler
                0x08001224                LTDC_ER_IRQHandler
                0x08001224                DMA2_Stream2_IRQHandler
                0x08001224                SPI1_IRQHandler
                0x08001224                OCTOSPI1_IRQHandler
                0x08001224                TIM6_DAC_IRQHandler
                0x08001224                DMA2_Stream3_IRQHandler
                0x08001224                OCTOSPI2_IRQHandler
                0x08001224                DFSDM1_FLT3_IRQHandler
                0x08001224                TIM23_IRQHandler
                0x08001224                USART6_IRQHandler
                0x08001224                TIM17_IRQHandler
                0x08001224                USART3_IRQHandler
                0x08001224                BDMA_Channel7_IRQHandler
                0x08001224                LPTIM5_IRQHandler
                0x08001224                UART5_IRQHandler
                0x08001224                ADC3_IRQHandler
                0x08001224                DMA2_Stream0_IRQHandler
                0x08001224                TIM4_IRQHandler
                0x08001224                BDMA_Channel2_IRQHandler
                0x08001224                I2C1_EV_IRQHandler
                0x08001224                DMA1_Stream6_IRQHandler
                0x08001224                DMAMUX1_OVR_IRQHandler
                0x08001224                DMA1_Stream1_IRQHandler
                0x08001224                TIM16_IRQHandler
                0x08001224                UART4_IRQHandler
                0x08001224                BDMA_Channel5_IRQHandler
                0x08001224                TIM3_IRQHandler
                0x08001224                RCC_IRQHandler
                0x08001224                UART9_IRQHandler
                0x08001224                TIM8_BRK_TIM12_IRQHandler
                0x08001224                TIM1_TRG_COM_IRQHandler
                0x08001224                Default_Handler
                0x08001224                ECC_IRQHandler
                0x08001224                FMAC_IRQHandler
                0x08001224                CEC_IRQHandler
                0x08001224                EXTI15_10_IRQHandler
                0x08001224                BDMA_Channel0_IRQHandler
                0x08001224                ADC_IRQHandler
                0x08001224                I2C5_ER_IRQHandler
                0x08001224                DMA1_Stream7_IRQHandler
                0x08001224                SPI5_IRQHandler
                0x08001224                TIM7_IRQHandler
                0x08001224                FDCAN3_IT1_IRQHandler
                0x08001224                SDMMC1_IRQHandler
                0x08001224                TIM5_IRQHandler
                0x08001224                DMA2_Stream7_IRQHandler
                0x08001224                TIM15_IRQHandler
                0x08001224                PVD_AVD_IRQHandler
                0x08001224                I2C3_EV_IRQHandler
                0x08001224                EXTI9_5_IRQHandler
                0x08001224                RTC_WKUP_IRQHandler
                0x08001224                LTDC_IRQHandler
                0x08001224                ETH_WKUP_IRQHandler
                0x08001224                SPDIF_RX_IRQHandler
                0x08001224                SPI2_IRQHandler
                0x08001224                OTG_HS_EP1_IN_IRQHandler
                0x08001224                TIM24_IRQHandler
                0x08001224                CRS_IRQHandler
                0x08001224                EXTI4_IRQHandler
                0x08001224                RNG_IRQHandler
                0x08001224                FDCAN2_IT1_IRQHandler
                0x08001224                ETH_IRQHandler
                0x08001224                TIM1_UP_IRQHandler
                0x08001224                BDMA_Channel4_IRQHandler
                0x08001224                OTG_HS_EP1_OUT_IRQHandler
                0x08001224                WWDG_IRQHandler
                0x08001224                SPI6_IRQHandler
                0x08001224                MDIOS_IRQHandler
                0x08001224                I2C4_EV_IRQHandler
                0x08001224                FDCAN2_IT0_IRQHandler
                0x08001224                LPUART1_IRQHandler
                0x08001224                FDCAN1_IT0_IRQHandler
                0x08001224                TIM2_IRQHandler
                0x08001224                DMA2D_IRQHandler
                0x08001224                TIM1_BRK_IRQHandler
                0x08001224                EXTI1_IRQHandler
                0x08001224                SDMMC2_IRQHandler
                0x08001224                BDMA_Channel3_IRQHandler
                0x08001224                DTS_IRQHandler
                0x08001224                UART7_IRQHandler
                0x08001224                MDIOS_WKUP_IRQHandler
                0x08001224                USART2_IRQHandler
                0x08001224                DFSDM1_FLT0_IRQHandler
                0x08001224                SAI4_IRQHandler
                0x08001224                I2C2_ER_IRQHandler
                0x08001224                DMA2_Stream1_IRQHandler
                0x08001224                FLASH_IRQHandler
                0x08001224                DMA2_Stream4_IRQHandler
                0x08001224                USART1_IRQHandler
                0x08001224                SPI3_IRQHandler
                0x08001224                WAKEUP_PIN_IRQHandler
                0x08001224                DMA1_Stream4_IRQHandler
                0x08001224                I2C1_ER_IRQHandler
                0x08001224                FMC_IRQHandler
                0x08001224                FDCAN_CAL_IRQHandler
                0x08001224                SWPMI1_IRQHandler
                0x08001224                COMP1_IRQHandler
                0x08001224                LPTIM1_IRQHandler
                0x08001224                DCMI_PSSI_IRQHandler
                0x08001224                I2C4_ER_IRQHandler
                0x08001224                DMA2_Stream6_IRQHandler
                0x08001224                SAI1_IRQHandler
                0x08001224                DMA1_Stream3_IRQHandler
 *fill*         0x08001226        0x2 
 .text.HAL_Init
                0x08001228       0x78 ./Drivers/STM32H7xx_HAL_Driver/Src/stm32h7xx_hal.o
                0x08001228                HAL_Init
 .text.HAL_InitTick
                0x080012a0       0x6c ./Drivers/STM32H7xx_HAL_Driver/Src/stm32h7xx_hal.o
                0x080012a0                HAL_InitTick
 .text.HAL_IncTick
                0x0800130c       0x28 ./Drivers/STM32H7xx_HAL_Driver/Src/stm32h7xx_hal.o
                0x0800130c                HAL_IncTick
 .text.HAL_GetTick
                0x08001334       0x18 ./Drivers/STM32H7xx_HAL_Driver/Src/stm32h7xx_hal.o
                0x08001334                HAL_GetTick
 .text.HAL_Delay
                0x0800134c       0x48 ./Drivers/STM32H7xx_HAL_Driver/Src/stm32h7xx_hal.o
                0x0800134c                HAL_Delay
 .text.__NVIC_SetPriorityGrouping
                0x08001394       0x48 ./Drivers/STM32H7xx_HAL_Driver/Src/stm32h7xx_hal_cortex.o
 .text.__NVIC_GetPriorityGrouping
                0x080013dc       0x1c ./Drivers/STM32H7xx_HAL_Driver/Src/stm32h7xx_hal_cortex.o
 .text.__NVIC_EnableIRQ
                0x080013f8       0x3c ./Drivers/STM32H7xx_HAL_Driver/Src/stm32h7xx_hal_cortex.o
 .text.__NVIC_SetPriority
                0x08001434       0x54 ./Drivers/STM32H7xx_HAL_Driver/Src/stm32h7xx_hal_cortex.o
 .text.NVIC_EncodePriority
                0x08001488       0x66 ./Drivers/STM32H7xx_HAL_Driver/Src/stm32h7xx_hal_cortex.o
 *fill*         0x080014ee        0x2 
 .text.SysTick_Config
                0x080014f0       0x44 ./Drivers/STM32H7xx_HAL_Driver/Src/stm32h7xx_hal_cortex.o
 .text.HAL_NVIC_SetPriorityGrouping
                0x08001534       0x16 ./Drivers/STM32H7xx_HAL_Driver/Src/stm32h7xx_hal_cortex.o
                0x08001534                HAL_NVIC_SetPriorityGrouping
 .text.HAL_NVIC_SetPriority
                0x0800154a       0x34 ./Drivers/STM32H7xx_HAL_Driver/Src/stm32h7xx_hal_cortex.o
                0x0800154a                HAL_NVIC_SetPriority
 .text.HAL_NVIC_EnableIRQ
                0x0800157e       0x1c ./Drivers/STM32H7xx_HAL_Driver/Src/stm32h7xx_hal_cortex.o
                0x0800157e                HAL_NVIC_EnableIRQ
 .text.HAL_SYSTICK_Config
                0x0800159a       0x18 ./Drivers/STM32H7xx_HAL_Driver/Src/stm32h7xx_hal_cortex.o
                0x0800159a                HAL_SYSTICK_Config
 *fill*         0x080015b2        0x2 
 .text.HAL_MPU_Disable
                0x080015b4       0x30 ./Drivers/STM32H7xx_HAL_Driver/Src/stm32h7xx_hal_cortex.o
                0x080015b4                HAL_MPU_Disable
 .text.HAL_MPU_Enable
                0x080015e4       0x40 ./Drivers/STM32H7xx_HAL_Driver/Src/stm32h7xx_hal_cortex.o
                0x080015e4                HAL_MPU_Enable
 .text.HAL_MPU_ConfigRegion
                0x08001624       0x80 ./Drivers/STM32H7xx_HAL_Driver/Src/stm32h7xx_hal_cortex.o
                0x08001624                HAL_MPU_ConfigRegion
 .text.HAL_DMA_Init
                0x080016a4      0x6b0 ./Drivers/STM32H7xx_HAL_Driver/Src/stm32h7xx_hal_dma.o
                0x080016a4                HAL_DMA_Init
 .text.HAL_DMA_Start_IT
                0x08001d54      0x4d4 ./Drivers/STM32H7xx_HAL_Driver/Src/stm32h7xx_hal_dma.o
                0x08001d54                HAL_DMA_Start_IT
 .text.HAL_DMA_IRQHandler
                0x08002228      0xe54 ./Drivers/STM32H7xx_HAL_Driver/Src/stm32h7xx_hal_dma.o
                0x08002228                HAL_DMA_IRQHandler
 .text.DMA_SetConfig
                0x0800307c      0x358 ./Drivers/STM32H7xx_HAL_Driver/Src/stm32h7xx_hal_dma.o
 .text.DMA_CalcBaseAndBitshift
                0x080033d4      0x164 ./Drivers/STM32H7xx_HAL_Driver/Src/stm32h7xx_hal_dma.o
 .text.DMA_CheckFifoParam
                0x08003538       0xf8 ./Drivers/STM32H7xx_HAL_Driver/Src/stm32h7xx_hal_dma.o
 .text.DMA_CalcDMAMUXChannelBaseAndMask
                0x08003630      0x134 ./Drivers/STM32H7xx_HAL_Driver/Src/stm32h7xx_hal_dma.o
 .text.DMA_CalcDMAMUXRequestGenBaseAndMask
                0x08003764       0xe8 ./Drivers/STM32H7xx_HAL_Driver/Src/stm32h7xx_hal_dma.o
 .text.HAL_GPIO_Init
                0x0800384c      0x350 ./Drivers/STM32H7xx_HAL_Driver/Src/stm32h7xx_hal_gpio.o
                0x0800384c                HAL_GPIO_Init
 .text.HAL_PCD_Init
                0x08003b9c      0x218 ./Drivers/STM32H7xx_HAL_Driver/Src/stm32h7xx_hal_pcd.o
                0x08003b9c                HAL_PCD_Init
 .text.HAL_PCD_Start
                0x08003db4       0x6a ./Drivers/STM32H7xx_HAL_Driver/Src/stm32h7xx_hal_pcd.o
                0x08003db4                HAL_PCD_Start
 .text.HAL_PCD_IRQHandler
                0x08003e1e      0x99c ./Drivers/STM32H7xx_HAL_Driver/Src/stm32h7xx_hal_pcd.o
                0x08003e1e                HAL_PCD_IRQHandler
 .text.HAL_PCD_SetAddress
                0x080047ba       0x48 ./Drivers/STM32H7xx_HAL_Driver/Src/stm32h7xx_hal_pcd.o
                0x080047ba                HAL_PCD_SetAddress
 .text.HAL_PCD_EP_Open
                0x08004802       0xd0 ./Drivers/STM32H7xx_HAL_Driver/Src/stm32h7xx_hal_pcd.o
                0x08004802                HAL_PCD_EP_Open
 .text.HAL_PCD_EP_Close
                0x080048d2       0x94 ./Drivers/STM32H7xx_HAL_Driver/Src/stm32h7xx_hal_pcd.o
                0x080048d2                HAL_PCD_EP_Close
 .text.HAL_PCD_EP_Receive
                0x08004966       0x76 ./Drivers/STM32H7xx_HAL_Driver/Src/stm32h7xx_hal_pcd.o
                0x08004966                HAL_PCD_EP_Receive
 .text.HAL_PCD_EP_GetRxCount
                0x080049dc       0x30 ./Drivers/STM32H7xx_HAL_Driver/Src/stm32h7xx_hal_pcd.o
                0x080049dc                HAL_PCD_EP_GetRxCount
 .text.HAL_PCD_EP_Transmit
                0x08004a0c       0x74 ./Drivers/STM32H7xx_HAL_Driver/Src/stm32h7xx_hal_pcd.o
                0x08004a0c                HAL_PCD_EP_Transmit
 .text.HAL_PCD_EP_SetStall
                0x08004a80       0xc6 ./Drivers/STM32H7xx_HAL_Driver/Src/stm32h7xx_hal_pcd.o
                0x08004a80                HAL_PCD_EP_SetStall
 .text.HAL_PCD_EP_ClrStall
                0x08004b46       0xac ./Drivers/STM32H7xx_HAL_Driver/Src/stm32h7xx_hal_pcd.o
                0x08004b46                HAL_PCD_EP_ClrStall
 .text.HAL_PCD_EP_Abort
                0x08004bf2       0x62 ./Drivers/STM32H7xx_HAL_Driver/Src/stm32h7xx_hal_pcd.o
                0x08004bf2                HAL_PCD_EP_Abort
 .text.PCD_WriteEmptyTxFifo
                0x08004c54      0x118 ./Drivers/STM32H7xx_HAL_Driver/Src/stm32h7xx_hal_pcd.o
 .text.PCD_EP_OutXfrComplete_int
                0x08004d6c      0x1d0 ./Drivers/STM32H7xx_HAL_Driver/Src/stm32h7xx_hal_pcd.o
 .text.PCD_EP_OutSetupPacket_int
                0x08004f3c       0x8c ./Drivers/STM32H7xx_HAL_Driver/Src/stm32h7xx_hal_pcd.o
 .text.HAL_PCDEx_SetTxFiFo
                0x08004fc8       0x8e ./Drivers/STM32H7xx_HAL_Driver/Src/stm32h7xx_hal_pcd_ex.o
                0x08004fc8                HAL_PCDEx_SetTxFiFo
 .text.HAL_PCDEx_SetRxFiFo
                0x08005056       0x22 ./Drivers/STM32H7xx_HAL_Driver/Src/stm32h7xx_hal_pcd_ex.o
                0x08005056                HAL_PCDEx_SetRxFiFo
 .text.HAL_PCDEx_ActivateLPM
                0x08005078       0x48 ./Drivers/STM32H7xx_HAL_Driver/Src/stm32h7xx_hal_pcd_ex.o
                0x08005078                HAL_PCDEx_ActivateLPM
 .text.HAL_PCDEx_LPM_Callback
                0x080050c0       0x18 ./Drivers/STM32H7xx_HAL_Driver/Src/stm32h7xx_hal_pcd_ex.o
                0x080050c0                HAL_PCDEx_LPM_Callback
 .text.HAL_PWREx_ConfigSupply
                0x080050d8       0x74 ./Drivers/STM32H7xx_HAL_Driver/Src/stm32h7xx_hal_pwr_ex.o
                0x080050d8                HAL_PWREx_ConfigSupply
 .text.HAL_PWREx_EnableUSBVoltageDetector
                0x0800514c       0x20 ./Drivers/STM32H7xx_HAL_Driver/Src/stm32h7xx_hal_pwr_ex.o
                0x0800514c                HAL_PWREx_EnableUSBVoltageDetector
 .text.HAL_RCC_OscConfig
                0x0800516c      0x7b4 ./Drivers/STM32H7xx_HAL_Driver/Src/stm32h7xx_hal_rcc.o
                0x0800516c                HAL_RCC_OscConfig
 .text.HAL_RCC_ClockConfig
                0x08005920      0x36c ./Drivers/STM32H7xx_HAL_Driver/Src/stm32h7xx_hal_rcc.o
                0x08005920                HAL_RCC_ClockConfig
 .text.HAL_RCC_GetSysClockFreq
                0x08005c8c      0x2f4 ./Drivers/STM32H7xx_HAL_Driver/Src/stm32h7xx_hal_rcc.o
                0x08005c8c                HAL_RCC_GetSysClockFreq
 .text.HAL_RCC_GetHCLKFreq
                0x08005f80       0x60 ./Drivers/STM32H7xx_HAL_Driver/Src/stm32h7xx_hal_rcc.o
                0x08005f80                HAL_RCC_GetHCLKFreq
 .text.HAL_RCCEx_PeriphCLKConfig
                0x08005fe0     0x1340 ./Drivers/STM32H7xx_HAL_Driver/Src/stm32h7xx_hal_rcc_ex.o
                0x08005fe0                HAL_RCCEx_PeriphCLKConfig
 .text.RCCEx_PLL2_Config
                0x08007320      0x164 ./Drivers/STM32H7xx_HAL_Driver/Src/stm32h7xx_hal_rcc_ex.o
 .text.RCCEx_PLL3_Config
                0x08007484      0x164 ./Drivers/STM32H7xx_HAL_Driver/Src/stm32h7xx_hal_rcc_ex.o
 .text.HAL_TIM_Base_Init
                0x080075e8       0xae ./Drivers/STM32H7xx_HAL_Driver/Src/stm32h7xx_hal_tim.o
                0x080075e8                HAL_TIM_Base_Init
 .text.HAL_TIM_PWM_Init
                0x08007696       0xae ./Drivers/STM32H7xx_HAL_Driver/Src/stm32h7xx_hal_tim.o
                0x08007696                HAL_TIM_PWM_Init
 .text.HAL_TIM_PWM_MspInit
                0x08007744       0x14 ./Drivers/STM32H7xx_HAL_Driver/Src/stm32h7xx_hal_tim.o
                0x08007744                HAL_TIM_PWM_MspInit
 .text.HAL_TIM_PWM_Stop
                0x08007758      0x12c ./Drivers/STM32H7xx_HAL_Driver/Src/stm32h7xx_hal_tim.o
                0x08007758                HAL_TIM_PWM_Stop
 .text.HAL_TIM_PWM_Start_DMA
                0x08007884      0x468 ./Drivers/STM32H7xx_HAL_Driver/Src/stm32h7xx_hal_tim.o
                0x08007884                HAL_TIM_PWM_Start_DMA
 .text.HAL_TIM_PWM_ConfigChannel
                0x08007cec      0x228 ./Drivers/STM32H7xx_HAL_Driver/Src/stm32h7xx_hal_tim.o
                0x08007cec                HAL_TIM_PWM_ConfigChannel
 .text.HAL_TIM_ConfigClockSource
                0x08007f14      0x1f0 ./Drivers/STM32H7xx_HAL_Driver/Src/stm32h7xx_hal_tim.o
                0x08007f14                HAL_TIM_ConfigClockSource
 .text.HAL_TIM_PWM_PulseFinishedHalfCpltCallback
                0x08008104       0x14 ./Drivers/STM32H7xx_HAL_Driver/Src/stm32h7xx_hal_tim.o
                0x08008104                HAL_TIM_PWM_PulseFinishedHalfCpltCallback
 .text.HAL_TIM_ErrorCallback
                0x08008118       0x14 ./Drivers/STM32H7xx_HAL_Driver/Src/stm32h7xx_hal_tim.o
                0x08008118                HAL_TIM_ErrorCallback
 .text.TIM_DMAError
                0x0800812c       0x92 ./Drivers/STM32H7xx_HAL_Driver/Src/stm32h7xx_hal_tim.o
                0x0800812c                TIM_DMAError
 .text.TIM_DMADelayPulseCplt
                0x080081be       0xa8 ./Drivers/STM32H7xx_HAL_Driver/Src/stm32h7xx_hal_tim.o
 .text.TIM_DMADelayPulseHalfCplt
                0x08008266       0x68 ./Drivers/STM32H7xx_HAL_Driver/Src/stm32h7xx_hal_tim.o
                0x08008266                TIM_DMADelayPulseHalfCplt
 *fill*         0x080082ce        0x2 
 .text.TIM_Base_SetConfig
                0x080082d0      0x164 ./Drivers/STM32H7xx_HAL_Driver/Src/stm32h7xx_hal_tim.o
                0x080082d0                TIM_Base_SetConfig
 .text.TIM_OC1_SetConfig
                0x08008434      0x120 ./Drivers/STM32H7xx_HAL_Driver/Src/stm32h7xx_hal_tim.o
 .text.TIM_OC2_SetConfig
                0x08008554      0x114 ./Drivers/STM32H7xx_HAL_Driver/Src/stm32h7xx_hal_tim.o
                0x08008554                TIM_OC2_SetConfig
 .text.TIM_OC3_SetConfig
                0x08008668      0x110 ./Drivers/STM32H7xx_HAL_Driver/Src/stm32h7xx_hal_tim.o
 .text.TIM_OC4_SetConfig
                0x08008778       0xd4 ./Drivers/STM32H7xx_HAL_Driver/Src/stm32h7xx_hal_tim.o
 .text.TIM_OC5_SetConfig
                0x0800884c       0xc8 ./Drivers/STM32H7xx_HAL_Driver/Src/stm32h7xx_hal_tim.o
 .text.TIM_OC6_SetConfig
                0x08008914       0xcc ./Drivers/STM32H7xx_HAL_Driver/Src/stm32h7xx_hal_tim.o
 .text.TIM_TI1_ConfigInputStage
                0x080089e0       0x5e ./Drivers/STM32H7xx_HAL_Driver/Src/stm32h7xx_hal_tim.o
 .text.TIM_TI2_ConfigInputStage
                0x08008a3e       0x60 ./Drivers/STM32H7xx_HAL_Driver/Src/stm32h7xx_hal_tim.o
 *fill*         0x08008a9e        0x2 
 .text.TIM_ITRx_SetConfig
                0x08008aa0       0x3c ./Drivers/STM32H7xx_HAL_Driver/Src/stm32h7xx_hal_tim.o
 .text.TIM_ETR_SetConfig
                0x08008adc       0x40 ./Drivers/STM32H7xx_HAL_Driver/Src/stm32h7xx_hal_tim.o
                0x08008adc                TIM_ETR_SetConfig
 .text.TIM_CCxChannelCmd
                0x08008b1c       0x4a ./Drivers/STM32H7xx_HAL_Driver/Src/stm32h7xx_hal_tim.o
                0x08008b1c                TIM_CCxChannelCmd
 *fill*         0x08008b66        0x2 
 .text.HAL_TIMEx_MasterConfigSynchronization
                0x08008b68      0x138 ./Drivers/STM32H7xx_HAL_Driver/Src/stm32h7xx_hal_tim_ex.o
                0x08008b68                HAL_TIMEx_MasterConfigSynchronization
 .text.HAL_TIMEx_ConfigBreakDeadTime
                0x08008ca0      0x118 ./Drivers/STM32H7xx_HAL_Driver/Src/stm32h7xx_hal_tim_ex.o
                0x08008ca0                HAL_TIMEx_ConfigBreakDeadTime
 .text.USB_CoreInit
                0x08008db8       0xe4 ./Drivers/STM32H7xx_HAL_Driver/Src/stm32h7xx_ll_usb.o
                0x08008db8                USB_CoreInit
 .text.USB_SetTurnaroundTime
                0x08008e9c      0x144 ./Drivers/STM32H7xx_HAL_Driver/Src/stm32h7xx_ll_usb.o
                0x08008e9c                USB_SetTurnaroundTime
 .text.USB_EnableGlobalInt
                0x08008fe0       0x22 ./Drivers/STM32H7xx_HAL_Driver/Src/stm32h7xx_ll_usb.o
                0x08008fe0                USB_EnableGlobalInt
 .text.USB_DisableGlobalInt
                0x08009002       0x22 ./Drivers/STM32H7xx_HAL_Driver/Src/stm32h7xx_ll_usb.o
                0x08009002                USB_DisableGlobalInt
 .text.USB_SetCurrentMode
                0x08009024       0x98 ./Drivers/STM32H7xx_HAL_Driver/Src/stm32h7xx_ll_usb.o
                0x08009024                USB_SetCurrentMode
 .text.USB_DevInit
                0x080090bc      0x2bc ./Drivers/STM32H7xx_HAL_Driver/Src/stm32h7xx_ll_usb.o
                0x080090bc                USB_DevInit
 .text.USB_FlushTxFifo
                0x08009378       0x64 ./Drivers/STM32H7xx_HAL_Driver/Src/stm32h7xx_ll_usb.o
                0x08009378                USB_FlushTxFifo
 .text.USB_FlushRxFifo
                0x080093dc       0x5c ./Drivers/STM32H7xx_HAL_Driver/Src/stm32h7xx_ll_usb.o
                0x080093dc                USB_FlushRxFifo
 .text.USB_SetDevSpeed
                0x08009438       0x32 ./Drivers/STM32H7xx_HAL_Driver/Src/stm32h7xx_ll_usb.o
                0x08009438                USB_SetDevSpeed
 .text.USB_GetDevSpeed
                0x0800946a       0x4a ./Drivers/STM32H7xx_HAL_Driver/Src/stm32h7xx_ll_usb.o
                0x0800946a                USB_GetDevSpeed
 .text.USB_ActivateEndpoint
                0x080094b4      0x110 ./Drivers/STM32H7xx_HAL_Driver/Src/stm32h7xx_ll_usb.o
                0x080094b4                USB_ActivateEndpoint
 .text.USB_DeactivateEndpoint
                0x080095c4      0x1b8 ./Drivers/STM32H7xx_HAL_Driver/Src/stm32h7xx_ll_usb.o
                0x080095c4                USB_DeactivateEndpoint
 .text.USB_EPStartXfer
                0x0800977c      0x540 ./Drivers/STM32H7xx_HAL_Driver/Src/stm32h7xx_ll_usb.o
                0x0800977c                USB_EPStartXfer
 .text.USB_EPStopXfer
                0x08009cbc      0x154 ./Drivers/STM32H7xx_HAL_Driver/Src/stm32h7xx_ll_usb.o
                0x08009cbc                USB_EPStopXfer
 .text.USB_WritePacket
                0x08009e10       0x7c ./Drivers/STM32H7xx_HAL_Driver/Src/stm32h7xx_ll_usb.o
                0x08009e10                USB_WritePacket
 .text.USB_ReadPacket
                0x08009e8c       0xb0 ./Drivers/STM32H7xx_HAL_Driver/Src/stm32h7xx_ll_usb.o
                0x08009e8c                USB_ReadPacket
 .text.USB_EPSetStall
                0x08009f3c       0xdc ./Drivers/STM32H7xx_HAL_Driver/Src/stm32h7xx_ll_usb.o
                0x08009f3c                USB_EPSetStall
 .text.USB_EPClearStall
                0x0800a018       0xcc ./Drivers/STM32H7xx_HAL_Driver/Src/stm32h7xx_ll_usb.o
                0x0800a018                USB_EPClearStall
 .text.USB_SetDevAddress
                0x0800a0e4       0x4c ./Drivers/STM32H7xx_HAL_Driver/Src/stm32h7xx_ll_usb.o
                0x0800a0e4                USB_SetDevAddress
 .text.USB_DevConnect
                0x0800a130       0x42 ./Drivers/STM32H7xx_HAL_Driver/Src/stm32h7xx_ll_usb.o
                0x0800a130                USB_DevConnect
 .text.USB_DevDisconnect
                0x0800a172       0x42 ./Drivers/STM32H7xx_HAL_Driver/Src/stm32h7xx_ll_usb.o
                0x0800a172                USB_DevDisconnect
 .text.USB_ReadInterrupts
                0x0800a1b4       0x26 ./Drivers/STM32H7xx_HAL_Driver/Src/stm32h7xx_ll_usb.o
                0x0800a1b4                USB_ReadInterrupts
 .text.USB_ReadDevAllOutEpInterrupt
                0x0800a1da       0x34 ./Drivers/STM32H7xx_HAL_Driver/Src/stm32h7xx_ll_usb.o
                0x0800a1da                USB_ReadDevAllOutEpInterrupt
 .text.USB_ReadDevAllInEpInterrupt
                0x0800a20e       0x34 ./Drivers/STM32H7xx_HAL_Driver/Src/stm32h7xx_ll_usb.o
                0x0800a20e                USB_ReadDevAllInEpInterrupt
 .text.USB_ReadDevOutEPInterrupt
                0x0800a242       0x3c ./Drivers/STM32H7xx_HAL_Driver/Src/stm32h7xx_ll_usb.o
                0x0800a242                USB_ReadDevOutEPInterrupt
 .text.USB_ReadDevInEPInterrupt
                0x0800a27e       0x5c ./Drivers/STM32H7xx_HAL_Driver/Src/stm32h7xx_ll_usb.o
                0x0800a27e                USB_ReadDevInEPInterrupt
 .text.USB_GetMode
                0x0800a2da       0x1c ./Drivers/STM32H7xx_HAL_Driver/Src/stm32h7xx_ll_usb.o
                0x0800a2da                USB_GetMode
 *fill*         0x0800a2f6        0x2 
 .text.USB_ActivateSetup
                0x0800a2f8       0x48 ./Drivers/STM32H7xx_HAL_Driver/Src/stm32h7xx_ll_usb.o
                0x0800a2f8                USB_ActivateSetup
 .text.USB_EP0_OutStart
                0x0800a340       0xbc ./Drivers/STM32H7xx_HAL_Driver/Src/stm32h7xx_ll_usb.o
                0x0800a340                USB_EP0_OutStart
 .text.USB_CoreReset
                0x0800a3fc       0x62 ./Drivers/STM32H7xx_HAL_Driver/Src/stm32h7xx_ll_usb.o
 *fill*         0x0800a45e        0x2 
 .text.USBD_CDC_Init
                0x0800a460      0x1f0 ./Middlewares/ST/STM32_USB_Device_Library/Class/CDC/Src/usbd_cdc.o
 .text.USBD_CDC_DeInit
                0x0800a650      0x104 ./Middlewares/ST/STM32_USB_Device_Library/Class/CDC/Src/usbd_cdc.o
 .text.USBD_CDC_Setup
                0x0800a754      0x1b8 ./Middlewares/ST/STM32_USB_Device_Library/Class/CDC/Src/usbd_cdc.o
 .text.USBD_CDC_DataIn
                0x0800a90c       0xfe ./Middlewares/ST/STM32_USB_Device_Library/Class/CDC/Src/usbd_cdc.o
 .text.USBD_CDC_DataOut
                0x0800aa0a       0x70 ./Middlewares/ST/STM32_USB_Device_Library/Class/CDC/Src/usbd_cdc.o
 .text.USBD_CDC_EP0_RxReady
                0x0800aa7a       0x74 ./Middlewares/ST/STM32_USB_Device_Library/Class/CDC/Src/usbd_cdc.o
 *fill*         0x0800aaee        0x2 
 .text.USBD_CDC_GetFSCfgDesc
                0x0800aaf0       0x70 ./Middlewares/ST/STM32_USB_Device_Library/Class/CDC/Src/usbd_cdc.o
 .text.USBD_CDC_GetHSCfgDesc
                0x0800ab60       0x70 ./Middlewares/ST/STM32_USB_Device_Library/Class/CDC/Src/usbd_cdc.o
 .text.USBD_CDC_GetOtherSpeedCfgDesc
                0x0800abd0       0x70 ./Middlewares/ST/STM32_USB_Device_Library/Class/CDC/Src/usbd_cdc.o
 .text.USBD_CDC_GetDeviceQualifierDescriptor
                0x0800ac40       0x20 ./Middlewares/ST/STM32_USB_Device_Library/Class/CDC/Src/usbd_cdc.o
                0x0800ac40                USBD_CDC_GetDeviceQualifierDescriptor
 .text.USBD_CDC_RegisterInterface
                0x0800ac60       0x34 ./Middlewares/ST/STM32_USB_Device_Library/Class/CDC/Src/usbd_cdc.o
                0x0800ac60                USBD_CDC_RegisterInterface
 .text.USBD_CDC_SetTxBuffer
                0x0800ac94       0x44 ./Middlewares/ST/STM32_USB_Device_Library/Class/CDC/Src/usbd_cdc.o
                0x0800ac94                USBD_CDC_SetTxBuffer
 .text.USBD_CDC_SetRxBuffer
                0x0800acd8       0x3a ./Middlewares/ST/STM32_USB_Device_Library/Class/CDC/Src/usbd_cdc.o
                0x0800acd8                USBD_CDC_SetRxBuffer
 *fill*         0x0800ad12        0x2 
 .text.USBD_CDC_ReceivePacket
                0x0800ad14       0x6c ./Middlewares/ST/STM32_USB_Device_Library/Class/CDC/Src/usbd_cdc.o
                0x0800ad14                USBD_CDC_ReceivePacket
 .text.USBD_Init
                0x0800ad80       0x60 ./Middlewares/ST/STM32_USB_Device_Library/Core/Src/usbd_core.o
                0x0800ad80                USBD_Init
 .text.USBD_RegisterClass
                0x0800ade0       0x6c ./Middlewares/ST/STM32_USB_Device_Library/Core/Src/usbd_core.o
                0x0800ade0                USBD_RegisterClass
 .text.USBD_Start
                0x0800ae4c       0x18 ./Middlewares/ST/STM32_USB_Device_Library/Core/Src/usbd_core.o
                0x0800ae4c                USBD_Start
 .text.USBD_RunTestMode
                0x0800ae64       0x16 ./Middlewares/ST/STM32_USB_Device_Library/Core/Src/usbd_core.o
                0x0800ae64                USBD_RunTestMode
 .text.USBD_SetClassConfig
                0x0800ae7a       0x38 ./Middlewares/ST/STM32_USB_Device_Library/Core/Src/usbd_core.o
                0x0800ae7a                USBD_SetClassConfig
 .text.USBD_ClrClassConfig
                0x0800aeb2       0x34 ./Middlewares/ST/STM32_USB_Device_Library/Core/Src/usbd_core.o
                0x0800aeb2                USBD_ClrClassConfig
 .text.USBD_LL_SetupStage
                0x0800aee6       0xaa ./Middlewares/ST/STM32_USB_Device_Library/Core/Src/usbd_core.o
                0x0800aee6                USBD_LL_SetupStage
 .text.USBD_LL_DataOutStage
                0x0800af90      0x166 ./Middlewares/ST/STM32_USB_Device_Library/Core/Src/usbd_core.o
                0x0800af90                USBD_LL_DataOutStage
 .text.USBD_LL_DataInStage
                0x0800b0f6      0x164 ./Middlewares/ST/STM32_USB_Device_Library/Core/Src/usbd_core.o
                0x0800b0f6                USBD_LL_DataInStage
 .text.USBD_LL_Reset
                0x0800b25a       0xa4 ./Middlewares/ST/STM32_USB_Device_Library/Core/Src/usbd_core.o
                0x0800b25a                USBD_LL_Reset
 .text.USBD_LL_SetSpeed
                0x0800b2fe       0x20 ./Middlewares/ST/STM32_USB_Device_Library/Core/Src/usbd_core.o
                0x0800b2fe                USBD_LL_SetSpeed
 .text.USBD_LL_Suspend
                0x0800b31e       0x38 ./Middlewares/ST/STM32_USB_Device_Library/Core/Src/usbd_core.o
                0x0800b31e                USBD_LL_Suspend
 .text.USBD_LL_Resume
                0x0800b356       0x30 ./Middlewares/ST/STM32_USB_Device_Library/Core/Src/usbd_core.o
                0x0800b356                USBD_LL_Resume
 .text.USBD_LL_SOF
                0x0800b386       0x40 ./Middlewares/ST/STM32_USB_Device_Library/Core/Src/usbd_core.o
                0x0800b386                USBD_LL_SOF
 .text.USBD_LL_IsoINIncomplete
                0x0800b3c6       0x64 ./Middlewares/ST/STM32_USB_Device_Library/Core/Src/usbd_core.o
                0x0800b3c6                USBD_LL_IsoINIncomplete
 .text.USBD_LL_IsoOUTIncomplete
                0x0800b42a       0x64 ./Middlewares/ST/STM32_USB_Device_Library/Core/Src/usbd_core.o
                0x0800b42a                USBD_LL_IsoOUTIncomplete
 .text.USBD_LL_DevConnected
                0x0800b48e       0x16 ./Middlewares/ST/STM32_USB_Device_Library/Core/Src/usbd_core.o
                0x0800b48e                USBD_LL_DevConnected
 .text.USBD_LL_DevDisconnected
                0x0800b4a4       0x46 ./Middlewares/ST/STM32_USB_Device_Library/Core/Src/usbd_core.o
                0x0800b4a4                USBD_LL_DevDisconnected
 .text.USBD_CoreFindIF
                0x0800b4ea       0x1a ./Middlewares/ST/STM32_USB_Device_Library/Core/Src/usbd_core.o
                0x0800b4ea                USBD_CoreFindIF
 .text.USBD_CoreFindEP
                0x0800b504       0x1a ./Middlewares/ST/STM32_USB_Device_Library/Core/Src/usbd_core.o
                0x0800b504                USBD_CoreFindEP
 .text.USBD_GetEpDesc
                0x0800b51e       0x70 ./Middlewares/ST/STM32_USB_Device_Library/Core/Src/usbd_core.o
                0x0800b51e                USBD_GetEpDesc
 .text.USBD_GetNextDesc
                0x0800b58e       0x38 ./Middlewares/ST/STM32_USB_Device_Library/Core/Src/usbd_core.o
                0x0800b58e                USBD_GetNextDesc
 .text.SWAPBYTE
                0x0800b5c6       0x3c ./Middlewares/ST/STM32_USB_Device_Library/Core/Src/usbd_ctlreq.o
 *fill*         0x0800b602        0x2 
 .text.USBD_StdDevReq
                0x0800b604       0xe4 ./Middlewares/ST/STM32_USB_Device_Library/Core/Src/usbd_ctlreq.o
                0x0800b604                USBD_StdDevReq
 .text.USBD_StdItfReq
                0x0800b6e8       0xd8 ./Middlewares/ST/STM32_USB_Device_Library/Core/Src/usbd_ctlreq.o
                0x0800b6e8                USBD_StdItfReq
 .text.USBD_StdEPReq
                0x0800b7c0      0x33a ./Middlewares/ST/STM32_USB_Device_Library/Core/Src/usbd_ctlreq.o
                0x0800b7c0                USBD_StdEPReq
 *fill*         0x0800bafa        0x2 
 .text.USBD_GetDescriptor
                0x0800bafc      0x328 ./Middlewares/ST/STM32_USB_Device_Library/Core/Src/usbd_ctlreq.o
 .text.USBD_SetAddress
                0x0800be24       0x88 ./Middlewares/ST/STM32_USB_Device_Library/Core/Src/usbd_ctlreq.o
 .text.USBD_SetConfig
                0x0800beac      0x154 ./Middlewares/ST/STM32_USB_Device_Library/Core/Src/usbd_ctlreq.o
 .text.USBD_GetConfig
                0x0800c000       0x6c ./Middlewares/ST/STM32_USB_Device_Library/Core/Src/usbd_ctlreq.o
 .text.USBD_GetStatus
                0x0800c06c       0x68 ./Middlewares/ST/STM32_USB_Device_Library/Core/Src/usbd_ctlreq.o
 .text.USBD_SetFeature
                0x0800c0d4       0x52 ./Middlewares/ST/STM32_USB_Device_Library/Core/Src/usbd_ctlreq.o
 .text.USBD_ClrFeature
                0x0800c126       0x44 ./Middlewares/ST/STM32_USB_Device_Library/Core/Src/usbd_ctlreq.o
 .text.USBD_ParseSetupRequest
                0x0800c16a       0x74 ./Middlewares/ST/STM32_USB_Device_Library/Core/Src/usbd_ctlreq.o
                0x0800c16a                USBD_ParseSetupRequest
 .text.USBD_CtlError
                0x0800c1de       0x22 ./Middlewares/ST/STM32_USB_Device_Library/Core/Src/usbd_ctlreq.o
                0x0800c1de                USBD_CtlError
 .text.USBD_GetString
                0x0800c200       0xa4 ./Middlewares/ST/STM32_USB_Device_Library/Core/Src/usbd_ctlreq.o
                0x0800c200                USBD_GetString
 .text.USBD_GetLen
                0x0800c2a4       0x34 ./Middlewares/ST/STM32_USB_Device_Library/Core/Src/usbd_ctlreq.o
 .text.USBD_CtlSendData
                0x0800c2d8       0x36 ./Middlewares/ST/STM32_USB_Device_Library/Core/Src/usbd_ioreq.o
                0x0800c2d8                USBD_CtlSendData
 .text.USBD_CtlContinueSendData
                0x0800c30e       0x22 ./Middlewares/ST/STM32_USB_Device_Library/Core/Src/usbd_ioreq.o
                0x0800c30e                USBD_CtlContinueSendData
 .text.USBD_CtlPrepareRx
                0x0800c330       0x3a ./Middlewares/ST/STM32_USB_Device_Library/Core/Src/usbd_ioreq.o
                0x0800c330                USBD_CtlPrepareRx
 .text.USBD_CtlContinueRx
                0x0800c36a       0x22 ./Middlewares/ST/STM32_USB_Device_Library/Core/Src/usbd_ioreq.o
                0x0800c36a                USBD_CtlContinueRx
 .text.USBD_CtlSendStatus
                0x0800c38c       0x26 ./Middlewares/ST/STM32_USB_Device_Library/Core/Src/usbd_ioreq.o
                0x0800c38c                USBD_CtlSendStatus
 .text.USBD_CtlReceiveStatus
                0x0800c3b2       0x26 ./Middlewares/ST/STM32_USB_Device_Library/Core/Src/usbd_ioreq.o
                0x0800c3b2                USBD_CtlReceiveStatus
 .text.MX_USB_DEVICE_Init
                0x0800c3d8       0x64 ./USB_DEVICE/App/usb_device.o
                0x0800c3d8                MX_USB_DEVICE_Init
 .text.CDC_Init_HS
                0x0800c43c       0x28 ./USB_DEVICE/App/usbd_cdc_if.o
 .text.CDC_DeInit_HS
                0x0800c464       0x10 ./USB_DEVICE/App/usbd_cdc_if.o
 .text.CDC_Control_HS
                0x0800c474       0xbc ./USB_DEVICE/App/usbd_cdc_if.o
 .text.CDC_Receive_HS
                0x0800c530       0x28 ./USB_DEVICE/App/usbd_cdc_if.o
 .text.CDC_TransmitCplt_HS
                0x0800c558       0x22 ./USB_DEVICE/App/usbd_cdc_if.o
 *fill*         0x0800c57a        0x2 
 .text.USBD_HS_DeviceDescriptor
                0x0800c57c       0x24 ./USB_DEVICE/App/usbd_desc.o
                0x0800c57c                USBD_HS_DeviceDescriptor
 .text.USBD_HS_LangIDStrDescriptor
                0x0800c5a0       0x24 ./USB_DEVICE/App/usbd_desc.o
                0x0800c5a0                USBD_HS_LangIDStrDescriptor
 .text.USBD_HS_ProductStrDescriptor
                0x0800c5c4       0x3c ./USB_DEVICE/App/usbd_desc.o
                0x0800c5c4                USBD_HS_ProductStrDescriptor
 .text.USBD_HS_ManufacturerStrDescriptor
                0x0800c600       0x28 ./USB_DEVICE/App/usbd_desc.o
                0x0800c600                USBD_HS_ManufacturerStrDescriptor
 .text.USBD_HS_SerialStrDescriptor
                0x0800c628       0x24 ./USB_DEVICE/App/usbd_desc.o
                0x0800c628                USBD_HS_SerialStrDescriptor
 .text.USBD_HS_ConfigStrDescriptor
                0x0800c64c       0x3c ./USB_DEVICE/App/usbd_desc.o
                0x0800c64c                USBD_HS_ConfigStrDescriptor
 .text.USBD_HS_InterfaceStrDescriptor
                0x0800c688       0x3c ./USB_DEVICE/App/usbd_desc.o
                0x0800c688                USBD_HS_InterfaceStrDescriptor
 .text.Get_SerialNum
                0x0800c6c4       0x58 ./USB_DEVICE/App/usbd_desc.o
 .text.IntToUnicode
                0x0800c71c       0x7e ./USB_DEVICE/App/usbd_desc.o
 *fill*         0x0800c79a        0x2 
 .text.HAL_PCD_MspInit
                0x0800c79c       0x8c ./USB_DEVICE/Target/usbd_conf.o
                0x0800c79c                HAL_PCD_MspInit
 .text.HAL_PCD_SetupStageCallback
                0x0800c828       0x24 ./USB_DEVICE/Target/usbd_conf.o
                0x0800c828                HAL_PCD_SetupStageCallback
 .text.HAL_PCD_DataOutStageCallback
                0x0800c84c       0x36 ./USB_DEVICE/Target/usbd_conf.o
                0x0800c84c                HAL_PCD_DataOutStageCallback
 .text.HAL_PCD_DataInStageCallback
                0x0800c882       0x34 ./USB_DEVICE/Target/usbd_conf.o
                0x0800c882                HAL_PCD_DataInStageCallback
 .text.HAL_PCD_SOFCallback
                0x0800c8b6       0x1c ./USB_DEVICE/Target/usbd_conf.o
                0x0800c8b6                HAL_PCD_SOFCallback
 .text.HAL_PCD_ResetCallback
                0x0800c8d2       0x50 ./USB_DEVICE/Target/usbd_conf.o
                0x0800c8d2                HAL_PCD_ResetCallback
 *fill*         0x0800c922        0x2 
 .text.HAL_PCD_SuspendCallback
                0x0800c924       0x4c ./USB_DEVICE/Target/usbd_conf.o
                0x0800c924                HAL_PCD_SuspendCallback
 .text.HAL_PCD_ResumeCallback
                0x0800c970       0x1c ./USB_DEVICE/Target/usbd_conf.o
                0x0800c970                HAL_PCD_ResumeCallback
 .text.HAL_PCD_ISOOUTIncompleteCallback
                0x0800c98c       0x24 ./USB_DEVICE/Target/usbd_conf.o
                0x0800c98c                HAL_PCD_ISOOUTIncompleteCallback
 .text.HAL_PCD_ISOINIncompleteCallback
                0x0800c9b0       0x24 ./USB_DEVICE/Target/usbd_conf.o
                0x0800c9b0                HAL_PCD_ISOINIncompleteCallback
 .text.HAL_PCD_ConnectCallback
                0x0800c9d4       0x1c ./USB_DEVICE/Target/usbd_conf.o
                0x0800c9d4                HAL_PCD_ConnectCallback
 .text.HAL_PCD_DisconnectCallback
                0x0800c9f0       0x1c ./USB_DEVICE/Target/usbd_conf.o
                0x0800c9f0                HAL_PCD_DisconnectCallback
 .text.USBD_LL_Init
                0x0800ca0c       0xa4 ./USB_DEVICE/Target/usbd_conf.o
                0x0800ca0c                USBD_LL_Init
 .text.USBD_LL_Start
                0x0800cab0       0x36 ./USB_DEVICE/Target/usbd_conf.o
                0x0800cab0                USBD_LL_Start
 .text.USBD_LL_OpenEP
                0x0800cae6       0x4c ./USB_DEVICE/Target/usbd_conf.o
                0x0800cae6                USBD_LL_OpenEP
 .text.USBD_LL_CloseEP
                0x0800cb32       0x3e ./USB_DEVICE/Target/usbd_conf.o
                0x0800cb32                USBD_LL_CloseEP
 .text.USBD_LL_StallEP
                0x0800cb70       0x3e ./USB_DEVICE/Target/usbd_conf.o
                0x0800cb70                USBD_LL_StallEP
 .text.USBD_LL_ClearStallEP
                0x0800cbae       0x3e ./USB_DEVICE/Target/usbd_conf.o
                0x0800cbae                USBD_LL_ClearStallEP
 .text.USBD_LL_IsStallEP
                0x0800cbec       0x58 ./USB_DEVICE/Target/usbd_conf.o
                0x0800cbec                USBD_LL_IsStallEP
 .text.USBD_LL_SetUSBAddress
                0x0800cc44       0x3e ./USB_DEVICE/Target/usbd_conf.o
                0x0800cc44                USBD_LL_SetUSBAddress
 .text.USBD_LL_Transmit
                0x0800cc82       0x42 ./USB_DEVICE/Target/usbd_conf.o
                0x0800cc82                USBD_LL_Transmit
 .text.USBD_LL_PrepareReceive
                0x0800ccc4       0x42 ./USB_DEVICE/Target/usbd_conf.o
                0x0800ccc4                USBD_LL_PrepareReceive
 .text.USBD_LL_GetRxDataSize
                0x0800cd06       0x26 ./USB_DEVICE/Target/usbd_conf.o
                0x0800cd06                USBD_LL_GetRxDataSize
 .text.USBD_static_malloc
                0x0800cd2c       0x1c ./USB_DEVICE/Target/usbd_conf.o
                0x0800cd2c                USBD_static_malloc
 .text.USBD_static_free
                0x0800cd48       0x14 ./USB_DEVICE/Target/usbd_conf.o
                0x0800cd48                USBD_static_free
 .text.USBD_Get_USB_Status
                0x0800cd5c       0x58 ./USB_DEVICE/Target/usbd_conf.o
                0x0800cd5c                USBD_Get_USB_Status
 .text.memset   0x0800cdb4       0x10 C:/ST/STM32CubeIDE_1.14.1/STM32CubeIDE/plugins/com.st.stm32cube.ide.mcu.externaltools.gnu-tools-for-stm32.12.3.rel1.win32_1.0.100.202403111256/tools/bin/../lib/gcc/arm-none-eabi/12.3.1/../../../../arm-none-eabi/lib/thumb/v7e-m+dp/hard\libc_nano.a(libc_a-memset.o)
                0x0800cdb4                memset
 .text.__libc_init_array
                0x0800cdc4       0x48 C:/ST/STM32CubeIDE_1.14.1/STM32CubeIDE/plugins/com.st.stm32cube.ide.mcu.externaltools.gnu-tools-for-stm32.12.3.rel1.win32_1.0.100.202403111256/tools/bin/../lib/gcc/arm-none-eabi/12.3.1/../../../../arm-none-eabi/lib/thumb/v7e-m+dp/hard\libc_nano.a(libc_a-init.o)
                0x0800cdc4                __libc_init_array
 *(.glue_7)
 .glue_7        0x0800ce0c        0x0 linker stubs
 *(.glue_7t)
 .glue_7t       0x0800ce0c        0x0 linker stubs
 *(.eh_frame)
 .eh_frame      0x0800ce0c        0x0 C:/ST/STM32CubeIDE_1.14.1/STM32CubeIDE/plugins/com.st.stm32cube.ide.mcu.externaltools.gnu-tools-for-stm32.12.3.rel1.win32_1.0.100.202403111256/tools/bin/../lib/gcc/arm-none-eabi/12.3.1/thumb/v7e-m+dp/hard/crtbegin.o
 *(.init)
 .init          0x0800ce0c        0x4 C:/ST/STM32CubeIDE_1.14.1/STM32CubeIDE/plugins/com.st.stm32cube.ide.mcu.externaltools.gnu-tools-for-stm32.12.3.rel1.win32_1.0.100.202403111256/tools/bin/../lib/gcc/arm-none-eabi/12.3.1/thumb/v7e-m+dp/hard/crti.o
                0x0800ce0c                _init
 .init          0x0800ce10        0x8 C:/ST/STM32CubeIDE_1.14.1/STM32CubeIDE/plugins/com.st.stm32cube.ide.mcu.externaltools.gnu-tools-for-stm32.12.3.rel1.win32_1.0.100.202403111256/tools/bin/../lib/gcc/arm-none-eabi/12.3.1/thumb/v7e-m+dp/hard/crtn.o
 *(.fini)
 .fini          0x0800ce18        0x4 C:/ST/STM32CubeIDE_1.14.1/STM32CubeIDE/plugins/com.st.stm32cube.ide.mcu.externaltools.gnu-tools-for-stm32.12.3.rel1.win32_1.0.100.202403111256/tools/bin/../lib/gcc/arm-none-eabi/12.3.1/thumb/v7e-m+dp/hard/crti.o
                0x0800ce18                _fini
 .fini          0x0800ce1c        0x8 C:/ST/STM32CubeIDE_1.14.1/STM32CubeIDE/plugins/com.st.stm32cube.ide.mcu.externaltools.gnu-tools-for-stm32.12.3.rel1.win32_1.0.100.202403111256/tools/bin/../lib/gcc/arm-none-eabi/12.3.1/thumb/v7e-m+dp/hard/crtn.o
                0x0800ce24                        . = ALIGN (0x4)
                0x0800ce24                        _etext = .

.vfp11_veneer   0x0800ce24        0x0
 .vfp11_veneer  0x0800ce24        0x0 linker stubs

.v4_bx          0x0800ce24        0x0
 .v4_bx         0x0800ce24        0x0 linker stubs

.iplt           0x0800ce24        0x0
 .iplt          0x0800ce24        0x0 C:/ST/STM32CubeIDE_1.14.1/STM32CubeIDE/plugins/com.st.stm32cube.ide.mcu.externaltools.gnu-tools-for-stm32.12.3.rel1.win32_1.0.100.202403111256/tools/bin/../lib/gcc/arm-none-eabi/12.3.1/thumb/v7e-m+dp/hard/crtbegin.o

.rodata         0x0800ce24       0x58
                0x0800ce24                        . = ALIGN (0x4)
 *(.rodata)
 .rodata        0x0800ce24       0x3e ./USB_DEVICE/App/usbd_desc.o
 *(.rodata*)
 *fill*         0x0800ce62        0x2 
 .rodata.D1CorePrescTable
                0x0800ce64       0x10 ./Core/Src/system_stm32h7xx.o
                0x0800ce64                D1CorePrescTable
 .rodata.flagBitshiftOffset.0
                0x0800ce74        0x8 ./Drivers/STM32H7xx_HAL_Driver/Src/stm32h7xx_hal_dma.o
                0x0800ce7c                        . = ALIGN (0x4)

.ARM.extab
 *(.ARM.extab* .gnu.linkonce.armextab.*)

.ARM            0x0800ce7c        0x0
                0x0800ce7c                        __exidx_start = .
 *(.ARM.exidx*)
                0x0800ce7c                        __exidx_end = .

.preinit_array  0x0800ce7c        0x0
                0x0800ce7c                        PROVIDE (__preinit_array_start = .)
 *(.preinit_array*)
                0x0800ce7c                        PROVIDE (__preinit_array_end = .)

.init_array     0x0800ce7c        0x4
                0x0800ce7c                        PROVIDE (__init_array_start = .)
 *(SORT_BY_NAME(.init_array.*))
 *(.init_array*)
 .init_array    0x0800ce7c        0x4 C:/ST/STM32CubeIDE_1.14.1/STM32CubeIDE/plugins/com.st.stm32cube.ide.mcu.externaltools.gnu-tools-for-stm32.12.3.rel1.win32_1.0.100.202403111256/tools/bin/../lib/gcc/arm-none-eabi/12.3.1/thumb/v7e-m+dp/hard/crtbegin.o
                0x0800ce80                        PROVIDE (__init_array_end = .)

.fini_array     0x0800ce80        0x4
                [!provide]                        PROVIDE (__fini_array_start = .)
 *(SORT_BY_NAME(.fini_array.*))
 *(.fini_array*)
 .fini_array    0x0800ce80        0x4 C:/ST/STM32CubeIDE_1.14.1/STM32CubeIDE/plugins/com.st.stm32cube.ide.mcu.externaltools.gnu-tools-for-stm32.12.3.rel1.win32_1.0.100.202403111256/tools/bin/../lib/gcc/arm-none-eabi/12.3.1/thumb/v7e-m+dp/hard/crtbegin.o
                [!provide]                        PROVIDE (__fini_array_end = .)
                0x0800ce84                        _sidata = LOADADDR (.data)

.rel.dyn        0x0800ce84        0x0
 .rel.iplt      0x0800ce84        0x0 C:/ST/STM32CubeIDE_1.14.1/STM32CubeIDE/plugins/com.st.stm32cube.ide.mcu.externaltools.gnu-tools-for-stm32.12.3.rel1.win32_1.0.100.202403111256/tools/bin/../lib/gcc/arm-none-eabi/12.3.1/thumb/v7e-m+dp/hard/crtbegin.o

.data           0x24000000      0x104 load address 0x0800ce84
                0x24000000                        . = ALIGN (0x4)
                0x24000000                        _sdata = .
 *(.data)
 *(.data*)
 .data.SystemCoreClock
                0x24000000        0x4 ./Core/Src/system_stm32h7xx.o
                0x24000000                SystemCoreClock
 .data.SystemD2Clock
                0x24000004        0x4 ./Core/Src/system_stm32h7xx.o
                0x24000004                SystemD2Clock
 .data.uwTickPrio
                0x24000008        0x4 ./Drivers/STM32H7xx_HAL_Driver/Src/stm32h7xx_hal.o
                0x24000008                uwTickPrio
 .data.uwTickFreq
                0x2400000c        0x1 ./Drivers/STM32H7xx_HAL_Driver/Src/stm32h7xx_hal.o
                0x2400000c                uwTickFreq
 *fill*         0x2400000d        0x3 
 .data.USBD_CDC_DeviceQualifierDesc
                0x24000010        0xa ./Middlewares/ST/STM32_USB_Device_Library/Class/CDC/Src/usbd_cdc.o
 *fill*         0x2400001a        0x2 
 .data.USBD_CDC
                0x2400001c       0x38 ./Middlewares/ST/STM32_USB_Device_Library/Class/CDC/Src/usbd_cdc.o
                0x2400001c                USBD_CDC
 .data.USBD_CDC_CfgDesc
                0x24000054       0x43 ./Middlewares/ST/STM32_USB_Device_Library/Class/CDC/Src/usbd_cdc.o
 .data.CDCInEpAdd
                0x24000097        0x1 ./Middlewares/ST/STM32_USB_Device_Library/Class/CDC/Src/usbd_cdc.o
 .data.CDCOutEpAdd
                0x24000098        0x1 ./Middlewares/ST/STM32_USB_Device_Library/Class/CDC/Src/usbd_cdc.o
 .data.CDCCmdEpAdd
                0x24000099        0x1 ./Middlewares/ST/STM32_USB_Device_Library/Class/CDC/Src/usbd_cdc.o
 *fill*         0x2400009a        0x2 
 .data.USBD_Interface_fops_HS
                0x2400009c       0x14 ./USB_DEVICE/App/usbd_cdc_if.o
                0x2400009c                USBD_Interface_fops_HS
 .data.HS_Desc  0x240000b0       0x20 ./USB_DEVICE/App/usbd_desc.o
                0x240000b0                HS_Desc
 .data.USBD_HS_DeviceDesc
                0x240000d0       0x12 ./USB_DEVICE/App/usbd_desc.o
                0x240000d0                USBD_HS_DeviceDesc
 *fill*         0x240000e2        0x2 
 .data.USBD_LangIDDesc
                0x240000e4        0x4 ./USB_DEVICE/App/usbd_desc.o
                0x240000e4                USBD_LangIDDesc
 .data.USBD_StringSerial
                0x240000e8       0x1a ./USB_DEVICE/App/usbd_desc.o
                0x240000e8                USBD_StringSerial
 *(.RamFunc)
 *(.RamFunc*)
                0x24000104                        . = ALIGN (0x4)
 *fill*         0x24000102        0x2 
                0x24000104                        _edata = .

.igot.plt       0x24000104        0x0 load address 0x0800cf88
 .igot.plt      0x24000104        0x0 C:/ST/STM32CubeIDE_1.14.1/STM32CubeIDE/plugins/com.st.stm32cube.ide.mcu.externaltools.gnu-tools-for-stm32.12.3.rel1.win32_1.0.100.202403111256/tools/bin/../lib/gcc/arm-none-eabi/12.3.1/thumb/v7e-m+dp/hard/crtbegin.o
                0x24000104                        . = ALIGN (0x4)

.bss            0x24000104     0x1ccc load address 0x0800cf88
                0x24000104                        _sbss = .
                0x24000104                        __bss_start__ = _sbss
 *(.bss)
 .bss           0x24000104       0x1c C:/ST/STM32CubeIDE_1.14.1/STM32CubeIDE/plugins/com.st.stm32cube.ide.mcu.externaltools.gnu-tools-for-stm32.12.3.rel1.win32_1.0.100.202403111256/tools/bin/../lib/gcc/arm-none-eabi/12.3.1/thumb/v7e-m+dp/hard/crtbegin.o
 *(.bss*)
 .bss.strip_startup_counter
                0x24000120        0x1 ./Core/Src/ULP_strip_effects.o
                0x24000120                strip_startup_counter
 .bss.dma_flag  0x24000121        0x1 ./Core/Src/main.o
                0x24000121                dma_flag
 *fill*         0x24000122        0x2 
 .bss.htim1     0x24000124       0x4c ./Core/Src/tim.o
                0x24000124                htim1
 .bss.hdma_tim1_ch1
                0x24000170       0x78 ./Core/Src/tim.o
                0x24000170                hdma_tim1_ch1
 .bss.uwTick    0x240001e8        0x4 ./Drivers/STM32H7xx_HAL_Driver/Src/stm32h7xx_hal.o
                0x240001e8                uwTick
 .bss.cfgidx.0  0x240001ec        0x1 ./Middlewares/ST/STM32_USB_Device_Library/Core/Src/usbd_ctlreq.o
 *fill*         0x240001ed        0x3 
 .bss.hUsbDeviceHS
                0x240001f0      0x2dc ./USB_DEVICE/App/usb_device.o
                0x240001f0                hUsbDeviceHS
 .bss.UserRxBufferHS
                0x240004cc      0x800 ./USB_DEVICE/App/usbd_cdc_if.o
                0x240004cc                UserRxBufferHS
 .bss.UserTxBufferHS
                0x24000ccc      0x800 ./USB_DEVICE/App/usbd_cdc_if.o
                0x24000ccc                UserTxBufferHS
 .bss.USBD_StrDesc
                0x240014cc      0x200 ./USB_DEVICE/App/usbd_desc.o
                0x240014cc                USBD_StrDesc
 .bss.hpcd_USB_OTG_HS
                0x240016cc      0x4e4 ./USB_DEVICE/Target/usbd_conf.o
                0x240016cc                hpcd_USB_OTG_HS
 .bss.mem.0     0x24001bb0      0x220 ./USB_DEVICE/Target/usbd_conf.o
 *(COMMON)
                0x24001dd0                        . = ALIGN (0x4)
                0x24001dd0                        _ebss = .
                0x24001dd0                        __bss_end__ = _ebss

._user_heap_stack
                0x24001dd0      0x600 load address 0x0800cf88
                0x24001dd0                        . = ALIGN (0x8)
                [!provide]                        PROVIDE (end = .)
                0x24001dd0                        PROVIDE (_end = .)
                0x24001fd0                        . = (. + _Min_Heap_Size)
 *fill*         0x24001dd0      0x200 
                0x240023d0                        . = (. + _Min_Stack_Size)
 *fill*         0x24001fd0      0x400 
                0x240023d0                        . = ALIGN (0x8)

/DISCARD/
 libc.a(*)
 libm.a(*)
 libgcc.a(*)

.ARM.attributes
                0x00000000       0x2e
 *(.ARM.attributes)
 .ARM.attributes
                0x00000000       0x20 C:/ST/STM32CubeIDE_1.14.1/STM32CubeIDE/plugins/com.st.stm32cube.ide.mcu.externaltools.gnu-tools-for-stm32.12.3.rel1.win32_1.0.100.202403111256/tools/bin/../lib/gcc/arm-none-eabi/12.3.1/thumb/v7e-m+dp/hard/crti.o
 .ARM.attributes
                0x00000020       0x32 C:/ST/STM32CubeIDE_1.14.1/STM32CubeIDE/plugins/com.st.stm32cube.ide.mcu.externaltools.gnu-tools-for-stm32.12.3.rel1.win32_1.0.100.202403111256/tools/bin/../lib/gcc/arm-none-eabi/12.3.1/thumb/v7e-m+dp/hard/crtbegin.o
 .ARM.attributes
                0x00000052       0x32 ./Core/Src/ULP_strip_effects.o
 .ARM.attributes
                0x00000084       0x32 ./Core/Src/ULP_ws2812b.o
 .ARM.attributes
                0x000000b6       0x32 ./Core/Src/dma.o
 .ARM.attributes
                0x000000e8       0x32 ./Core/Src/gpio.o
 .ARM.attributes
                0x0000011a       0x32 ./Core/Src/main.o
 .ARM.attributes
                0x0000014c       0x32 ./Core/Src/stm32h7xx_hal_msp.o
 .ARM.attributes
                0x0000017e       0x32 ./Core/Src/stm32h7xx_it.o
 .ARM.attributes
                0x000001b0       0x32 ./Core/Src/system_stm32h7xx.o
 .ARM.attributes
                0x000001e2       0x32 ./Core/Src/tim.o
 .ARM.attributes
                0x00000214       0x21 ./Core/Startup/startup_stm32h723vgtx.o
 .ARM.attributes
                0x00000235       0x32 ./Drivers/STM32H7xx_HAL_Driver/Src/stm32h7xx_hal.o
 .ARM.attributes
                0x00000267       0x32 ./Drivers/STM32H7xx_HAL_Driver/Src/stm32h7xx_hal_cortex.o
 .ARM.attributes
                0x00000299       0x32 ./Drivers/STM32H7xx_HAL_Driver/Src/stm32h7xx_hal_dma.o
 .ARM.attributes
                0x000002cb       0x32 ./Drivers/STM32H7xx_HAL_Driver/Src/stm32h7xx_hal_gpio.o
 .ARM.attributes
                0x000002fd       0x32 ./Drivers/STM32H7xx_HAL_Driver/Src/stm32h7xx_hal_pcd.o
 .ARM.attributes
                0x0000032f       0x32 ./Drivers/STM32H7xx_HAL_Driver/Src/stm32h7xx_hal_pcd_ex.o
 .ARM.attributes
                0x00000361       0x32 ./Drivers/STM32H7xx_HAL_Driver/Src/stm32h7xx_hal_pwr_ex.o
 .ARM.attributes
                0x00000393       0x32 ./Drivers/STM32H7xx_HAL_Driver/Src/stm32h7xx_hal_rcc.o
 .ARM.attributes
                0x000003c5       0x32 ./Drivers/STM32H7xx_HAL_Driver/Src/stm32h7xx_hal_rcc_ex.o
 .ARM.attributes
                0x000003f7       0x32 ./Drivers/STM32H7xx_HAL_Driver/Src/stm32h7xx_hal_tim.o
 .ARM.attributes
                0x00000429       0x32 ./Drivers/STM32H7xx_HAL_Driver/Src/stm32h7xx_hal_tim_ex.o
 .ARM.attributes
                0x0000045b       0x32 ./Drivers/STM32H7xx_HAL_Driver/Src/stm32h7xx_ll_usb.o
 .ARM.attributes
                0x0000048d       0x32 ./Middlewares/ST/STM32_USB_Device_Library/Class/CDC/Src/usbd_cdc.o
 .ARM.attributes
                0x000004bf       0x32 ./Middlewares/ST/STM32_USB_Device_Library/Core/Src/usbd_core.o
 .ARM.attributes
                0x000004f1       0x32 ./Middlewares/ST/STM32_USB_Device_Library/Core/Src/usbd_ctlreq.o
 .ARM.attributes
                0x00000523       0x32 ./Middlewares/ST/STM32_USB_Device_Library/Core/Src/usbd_ioreq.o
 .ARM.attributes
                0x00000555       0x32 ./USB_DEVICE/App/usb_device.o
 .ARM.attributes
                0x00000587       0x32 ./USB_DEVICE/App/usbd_cdc_if.o
 .ARM.attributes
                0x000005b9       0x32 ./USB_DEVICE/App/usbd_desc.o
 .ARM.attributes
                0x000005eb       0x32 ./USB_DEVICE/Target/usbd_conf.o
 .ARM.attributes
                0x0000061d       0x32 C:/ST/STM32CubeIDE_1.14.1/STM32CubeIDE/plugins/com.st.stm32cube.ide.mcu.externaltools.gnu-tools-for-stm32.12.3.rel1.win32_1.0.100.202403111256/tools/bin/../lib/gcc/arm-none-eabi/12.3.1/../../../../arm-none-eabi/lib/thumb/v7e-m+dp/hard\libc_nano.a(libc_a-memset.o)
 .ARM.attributes
                0x0000064f       0x32 C:/ST/STM32CubeIDE_1.14.1/STM32CubeIDE/plugins/com.st.stm32cube.ide.mcu.externaltools.gnu-tools-for-stm32.12.3.rel1.win32_1.0.100.202403111256/tools/bin/../lib/gcc/arm-none-eabi/12.3.1/../../../../arm-none-eabi/lib/thumb/v7e-m+dp/hard\libc_nano.a(libc_a-init.o)
 .ARM.attributes
                0x00000681       0x20 C:/ST/STM32CubeIDE_1.14.1/STM32CubeIDE/plugins/com.st.stm32cube.ide.mcu.externaltools.gnu-tools-for-stm32.12.3.rel1.win32_1.0.100.202403111256/tools/bin/../lib/gcc/arm-none-eabi/12.3.1/thumb/v7e-m+dp/hard/crtn.o
OUTPUT(STM32-mainMCU.elf elf32-littlearm)
LOAD linker stubs
LOAD C:/ST/STM32CubeIDE_1.14.1/STM32CubeIDE/plugins/com.st.stm32cube.ide.mcu.externaltools.gnu-tools-for-stm32.12.3.rel1.win32_1.0.100.202403111256/tools/bin/../lib/gcc/arm-none-eabi/12.3.1/../../../../arm-none-eabi/lib/thumb/v7e-m+dp/hard\libc.a
LOAD C:/ST/STM32CubeIDE_1.14.1/STM32CubeIDE/plugins/com.st.stm32cube.ide.mcu.externaltools.gnu-tools-for-stm32.12.3.rel1.win32_1.0.100.202403111256/tools/bin/../lib/gcc/arm-none-eabi/12.3.1/../../../../arm-none-eabi/lib/thumb/v7e-m+dp/hard\libm.a
LOAD C:/ST/STM32CubeIDE_1.14.1/STM32CubeIDE/plugins/com.st.stm32cube.ide.mcu.externaltools.gnu-tools-for-stm32.12.3.rel1.win32_1.0.100.202403111256/tools/bin/../lib/gcc/arm-none-eabi/12.3.1/thumb/v7e-m+dp/hard\libgcc.a

.debug_info     0x00000000    0x1a05c
 .debug_info    0x00000000      0x279 ./Core/Src/ULP_strip_effects.o
 .debug_info    0x00000279      0x34c ./Core/Src/ULP_ws2812b.o
 .debug_info    0x000005c5      0x817 ./Core/Src/dma.o
 .debug_info    0x00000ddc      0x4ce ./Core/Src/gpio.o
 .debug_info    0x000012aa      0xddc ./Core/Src/main.o
 .debug_info    0x00002086      0x464 ./Core/Src/stm32h7xx_hal_msp.o
 .debug_info    0x000024ea      0x9b7 ./Core/Src/stm32h7xx_it.o
 .debug_info    0x00002ea1      0xb2e ./Core/Src/system_stm32h7xx.o
 .debug_info    0x000039cf     0x10d6 ./Core/Src/tim.o
 .debug_info    0x00004aa5       0x30 ./Core/Startup/startup_stm32h723vgtx.o
 .debug_info    0x00004ad5     0x1698 ./Drivers/STM32H7xx_HAL_Driver/Src/stm32h7xx_hal.o
 .debug_info    0x0000616d     0x10a0 ./Drivers/STM32H7xx_HAL_Driver/Src/stm32h7xx_hal_cortex.o
 .debug_info    0x0000720d      0xb67 ./Drivers/STM32H7xx_HAL_Driver/Src/stm32h7xx_hal_dma.o
 .debug_info    0x00007d74      0xc5c ./Drivers/STM32H7xx_HAL_Driver/Src/stm32h7xx_hal_gpio.o
 .debug_info    0x000089d0     0x1561 ./Drivers/STM32H7xx_HAL_Driver/Src/stm32h7xx_hal_pcd.o
 .debug_info    0x00009f31      0x8b3 ./Drivers/STM32H7xx_HAL_Driver/Src/stm32h7xx_hal_pcd_ex.o
 .debug_info    0x0000a7e4      0xdc4 ./Drivers/STM32H7xx_HAL_Driver/Src/stm32h7xx_hal_pwr_ex.o
 .debug_info    0x0000b5a8      0xd73 ./Drivers/STM32H7xx_HAL_Driver/Src/stm32h7xx_hal_rcc.o
 .debug_info    0x0000c31b     0x11fc ./Drivers/STM32H7xx_HAL_Driver/Src/stm32h7xx_hal_rcc_ex.o
 .debug_info    0x0000d517     0x2bae ./Drivers/STM32H7xx_HAL_Driver/Src/stm32h7xx_hal_tim.o
 .debug_info    0x000100c5     0x18c1 ./Drivers/STM32H7xx_HAL_Driver/Src/stm32h7xx_hal_tim_ex.o
 .debug_info    0x00011986     0x1a1e ./Drivers/STM32H7xx_HAL_Driver/Src/stm32h7xx_ll_usb.o
 .debug_info    0x000133a4     0x133d ./Middlewares/ST/STM32_USB_Device_Library/Class/CDC/Src/usbd_cdc.o
 .debug_info    0x000146e1      0xe20 ./Middlewares/ST/STM32_USB_Device_Library/Core/Src/usbd_core.o
 .debug_info    0x00015501      0xaf9 ./Middlewares/ST/STM32_USB_Device_Library/Core/Src/usbd_ctlreq.o
 .debug_info    0x00015ffa      0x770 ./Middlewares/ST/STM32_USB_Device_Library/Core/Src/usbd_ioreq.o
 .debug_info    0x0001676a      0x725 ./USB_DEVICE/App/usb_device.o
 .debug_info    0x00016e8f      0x915 ./USB_DEVICE/App/usbd_cdc_if.o
 .debug_info    0x000177a4      0x4c5 ./USB_DEVICE/App/usbd_desc.o
 .debug_info    0x00017c69     0x23f3 ./USB_DEVICE/Target/usbd_conf.o

.debug_abbrev   0x00000000     0x3ede
 .debug_abbrev  0x00000000      0x127 ./Core/Src/ULP_strip_effects.o
 .debug_abbrev  0x00000127      0x127 ./Core/Src/ULP_ws2812b.o
 .debug_abbrev  0x0000024e      0x11e ./Core/Src/dma.o
 .debug_abbrev  0x0000036c       0xe8 ./Core/Src/gpio.o
 .debug_abbrev  0x00000454      0x2d1 ./Core/Src/main.o
 .debug_abbrev  0x00000725       0xdb ./Core/Src/stm32h7xx_hal_msp.o
 .debug_abbrev  0x00000800      0x1d2 ./Core/Src/stm32h7xx_it.o
 .debug_abbrev  0x000009d2      0x13a ./Core/Src/system_stm32h7xx.o
 .debug_abbrev  0x00000b0c      0x230 ./Core/Src/tim.o
 .debug_abbrev  0x00000d3c       0x24 ./Core/Startup/startup_stm32h723vgtx.o
 .debug_abbrev  0x00000d60      0x29e ./Drivers/STM32H7xx_HAL_Driver/Src/stm32h7xx_hal.o
 .debug_abbrev  0x00000ffe      0x339 ./Drivers/STM32H7xx_HAL_Driver/Src/stm32h7xx_hal_cortex.o
 .debug_abbrev  0x00001337      0x248 ./Drivers/STM32H7xx_HAL_Driver/Src/stm32h7xx_hal_dma.o
 .debug_abbrev  0x0000157f      0x1fe ./Drivers/STM32H7xx_HAL_Driver/Src/stm32h7xx_hal_gpio.o
 .debug_abbrev  0x0000177d      0x2dc ./Drivers/STM32H7xx_HAL_Driver/Src/stm32h7xx_hal_pcd.o
 .debug_abbrev  0x00001a59      0x256 ./Drivers/STM32H7xx_HAL_Driver/Src/stm32h7xx_hal_pcd_ex.o
 .debug_abbrev  0x00001caf      0x295 ./Drivers/STM32H7xx_HAL_Driver/Src/stm32h7xx_hal_pwr_ex.o
 .debug_abbrev  0x00001f44      0x2b1 ./Drivers/STM32H7xx_HAL_Driver/Src/stm32h7xx_hal_rcc.o
 .debug_abbrev  0x000021f5      0x269 ./Drivers/STM32H7xx_HAL_Driver/Src/stm32h7xx_hal_rcc_ex.o
 .debug_abbrev  0x0000245e      0x276 ./Drivers/STM32H7xx_HAL_Driver/Src/stm32h7xx_hal_tim.o
 .debug_abbrev  0x000026d4      0x296 ./Drivers/STM32H7xx_HAL_Driver/Src/stm32h7xx_hal_tim_ex.o
 .debug_abbrev  0x0000296a      0x2b3 ./Drivers/STM32H7xx_HAL_Driver/Src/stm32h7xx_ll_usb.o
 .debug_abbrev  0x00002c1d      0x2d2 ./Middlewares/ST/STM32_USB_Device_Library/Class/CDC/Src/usbd_cdc.o
 .debug_abbrev  0x00002eef      0x27c ./Middlewares/ST/STM32_USB_Device_Library/Core/Src/usbd_core.o
 .debug_abbrev  0x0000316b      0x26f ./Middlewares/ST/STM32_USB_Device_Library/Core/Src/usbd_ctlreq.o
 .debug_abbrev  0x000033da      0x19a ./Middlewares/ST/STM32_USB_Device_Library/Core/Src/usbd_ioreq.o
 .debug_abbrev  0x00003574      0x1a8 ./USB_DEVICE/App/usb_device.o
 .debug_abbrev  0x0000371c      0x29d ./USB_DEVICE/App/usbd_cdc_if.o
 .debug_abbrev  0x000039b9      0x1f5 ./USB_DEVICE/App/usbd_desc.o
 .debug_abbrev  0x00003bae      0x330 ./USB_DEVICE/Target/usbd_conf.o

.debug_aranges  0x00000000     0x15c0
 .debug_aranges
                0x00000000       0x40 ./Core/Src/ULP_strip_effects.o
 .debug_aranges
                0x00000040       0x50 ./Core/Src/ULP_ws2812b.o
 .debug_aranges
                0x00000090       0x20 ./Core/Src/dma.o
 .debug_aranges
                0x000000b0       0x20 ./Core/Src/gpio.o
 .debug_aranges
                0x000000d0       0x40 ./Core/Src/main.o
 .debug_aranges
                0x00000110       0x20 ./Core/Src/stm32h7xx_hal_msp.o
 .debug_aranges
                0x00000130       0x70 ./Core/Src/stm32h7xx_it.o
 .debug_aranges
                0x000001a0       0x28 ./Core/Src/system_stm32h7xx.o
 .debug_aranges
                0x000001c8       0x38 ./Core/Src/tim.o
 .debug_aranges
                0x00000200       0x28 ./Core/Startup/startup_stm32h723vgtx.o
 .debug_aranges
                0x00000228      0x1c8 ./Drivers/STM32H7xx_HAL_Driver/Src/stm32h7xx_hal.o
 .debug_aranges
                0x000003f0      0x130 ./Drivers/STM32H7xx_HAL_Driver/Src/stm32h7xx_hal_cortex.o
 .debug_aranges
                0x00000520       0xa0 ./Drivers/STM32H7xx_HAL_Driver/Src/stm32h7xx_hal_dma.o
 .debug_aranges
                0x000005c0       0x58 ./Drivers/STM32H7xx_HAL_Driver/Src/stm32h7xx_hal_gpio.o
 .debug_aranges
                0x00000618      0x140 ./Drivers/STM32H7xx_HAL_Driver/Src/stm32h7xx_hal_pcd.o
 .debug_aranges
                0x00000758       0x60 ./Drivers/STM32H7xx_HAL_Driver/Src/stm32h7xx_hal_pcd_ex.o
 .debug_aranges
                0x000007b8      0x148 ./Drivers/STM32H7xx_HAL_Driver/Src/stm32h7xx_hal_pwr_ex.o
 .debug_aranges
                0x00000900       0x88 ./Drivers/STM32H7xx_HAL_Driver/Src/stm32h7xx_hal_rcc.o
 .debug_aranges
                0x00000988       0xf8 ./Drivers/STM32H7xx_HAL_Driver/Src/stm32h7xx_hal_rcc_ex.o
 .debug_aranges
                0x00000a80      0x3e0 ./Drivers/STM32H7xx_HAL_Driver/Src/stm32h7xx_hal_tim.o
 .debug_aranges
                0x00000e60      0x198 ./Drivers/STM32H7xx_HAL_Driver/Src/stm32h7xx_hal_tim_ex.o
 .debug_aranges
                0x00000ff8      0x1a0 ./Drivers/STM32H7xx_HAL_Driver/Src/stm32h7xx_ll_usb.o
 .debug_aranges
                0x00001198       0x90 ./Middlewares/ST/STM32_USB_Device_Library/Class/CDC/Src/usbd_cdc.o
 .debug_aranges
                0x00001228       0xd8 ./Middlewares/ST/STM32_USB_Device_Library/Core/Src/usbd_core.o
 .debug_aranges
                0x00001300       0x90 ./Middlewares/ST/STM32_USB_Device_Library/Core/Src/usbd_ctlreq.o
 .debug_aranges
                0x00001390       0x50 ./Middlewares/ST/STM32_USB_Device_Library/Core/Src/usbd_ioreq.o
 .debug_aranges
                0x000013e0       0x20 ./USB_DEVICE/App/usb_device.o
 .debug_aranges
                0x00001400       0x48 ./USB_DEVICE/App/usbd_cdc_if.o
 .debug_aranges
                0x00001448       0x68 ./USB_DEVICE/App/usbd_desc.o
 .debug_aranges
                0x000014b0      0x110 ./USB_DEVICE/Target/usbd_conf.o

.debug_rnglists
                0x00000000     0x1089
 .debug_rnglists
                0x00000000       0x2e ./Core/Src/ULP_strip_effects.o
 .debug_rnglists
                0x0000002e       0x39 ./Core/Src/ULP_ws2812b.o
 .debug_rnglists
                0x00000067       0x13 ./Core/Src/dma.o
 .debug_rnglists
                0x0000007a       0x14 ./Core/Src/gpio.o
 .debug_rnglists
                0x0000008e       0x2d ./Core/Src/main.o
 .debug_rnglists
                0x000000bb       0x13 ./Core/Src/stm32h7xx_hal_msp.o
 .debug_rnglists
                0x000000ce       0x4f ./Core/Src/stm32h7xx_it.o
 .debug_rnglists
                0x0000011d       0x1b ./Core/Src/system_stm32h7xx.o
 .debug_rnglists
                0x00000138       0x27 ./Core/Src/tim.o
 .debug_rnglists
                0x0000015f       0x19 ./Core/Startup/startup_stm32h723vgtx.o
 .debug_rnglists
                0x00000178      0x155 ./Drivers/STM32H7xx_HAL_Driver/Src/stm32h7xx_hal.o
 .debug_rnglists
                0x000002cd       0xe0 ./Drivers/STM32H7xx_HAL_Driver/Src/stm32h7xx_hal_cortex.o
 .debug_rnglists
                0x000003ad       0x82 ./Drivers/STM32H7xx_HAL_Driver/Src/stm32h7xx_hal_dma.o
 .debug_rnglists
                0x0000042f       0x3f ./Drivers/STM32H7xx_HAL_Driver/Src/stm32h7xx_hal_gpio.o
 .debug_rnglists
                0x0000046e       0xf4 ./Drivers/STM32H7xx_HAL_Driver/Src/stm32h7xx_hal_pcd.o
 .debug_rnglists
                0x00000562       0x45 ./Drivers/STM32H7xx_HAL_Driver/Src/stm32h7xx_hal_pcd_ex.o
 .debug_rnglists
                0x000005a7       0xf5 ./Drivers/STM32H7xx_HAL_Driver/Src/stm32h7xx_hal_pwr_ex.o
 .debug_rnglists
                0x0000069c       0x68 ./Drivers/STM32H7xx_HAL_Driver/Src/stm32h7xx_hal_rcc.o
 .debug_rnglists
                0x00000704       0xc0 ./Drivers/STM32H7xx_HAL_Driver/Src/stm32h7xx_hal_rcc_ex.o
 .debug_rnglists
                0x000007c4      0x328 ./Drivers/STM32H7xx_HAL_Driver/Src/stm32h7xx_hal_tim.o
 .debug_rnglists
                0x00000aec      0x14d ./Drivers/STM32H7xx_HAL_Driver/Src/stm32h7xx_hal_tim_ex.o
 .debug_rnglists
                0x00000c39      0x147 ./Drivers/STM32H7xx_HAL_Driver/Src/stm32h7xx_ll_usb.o
 .debug_rnglists
                0x00000d80       0x6c ./Middlewares/ST/STM32_USB_Device_Library/Class/CDC/Src/usbd_cdc.o
 .debug_rnglists
                0x00000dec       0xa1 ./Middlewares/ST/STM32_USB_Device_Library/Core/Src/usbd_core.o
 .debug_rnglists
                0x00000e8d       0x6e ./Middlewares/ST/STM32_USB_Device_Library/Core/Src/usbd_ctlreq.o
 .debug_rnglists
                0x00000efb       0x37 ./Middlewares/ST/STM32_USB_Device_Library/Core/Src/usbd_ioreq.o
 .debug_rnglists
                0x00000f32       0x13 ./USB_DEVICE/App/usb_device.o
 .debug_rnglists
                0x00000f45       0x32 ./USB_DEVICE/App/usbd_cdc_if.o
 .debug_rnglists
                0x00000f77       0x49 ./USB_DEVICE/App/usbd_desc.o
 .debug_rnglists
                0x00000fc0       0xc9 ./USB_DEVICE/Target/usbd_conf.o

.debug_macro    0x00000000     0x5ea6
 .debug_macro   0x00000000       0x6d ./Core/Src/ULP_strip_effects.o
 .debug_macro   0x0000006d       0x7c ./Core/Src/ULP_ws2812b.o
 .debug_macro   0x000000e9      0x2cc ./Core/Src/dma.o
 .debug_macro   0x000003b5      0x2cc ./Core/Src/gpio.o
 .debug_macro   0x00000681      0x3cb ./Core/Src/main.o
 .debug_macro   0x00000a4c       0x1c ./Core/Src/main.o
 .debug_macro   0x00000a68       0x35 ./Core/Src/main.o
 .debug_macro   0x00000a9d       0x10 ./Core/Src/main.o
 .debug_macro   0x00000aad       0x1c ./Core/Src/main.o
 .debug_macro   0x00000ac9       0x16 ./Core/Src/main.o
 .debug_macro   0x00000adf      0x146 ./Core/Src/main.o
 .debug_macro   0x00000c25       0x16 ./Core/Src/main.o
 .debug_macro   0x00000c3b       0x16 ./Core/Src/main.o
 .debug_macro   0x00000c51       0x29 ./Core/Src/main.o
 .debug_macro   0x00000c7a       0x16 ./Core/Src/main.o
 .debug_macro   0x00000c90       0x20 ./Core/Src/main.o
 .debug_macro   0x00000cb0       0x65 ./Core/Src/main.o
 .debug_macro   0x00000d15      0x20f ./Core/Src/main.o
 .debug_macro   0x00000f24      0x2c2 ./Core/Src/stm32h7xx_hal_msp.o
 .debug_macro   0x000011e6      0x2cc ./Core/Src/stm32h7xx_it.o
 .debug_macro   0x000014b2      0x2b8 ./Core/Src/system_stm32h7xx.o
 .debug_macro   0x0000176a      0x2cc ./Core/Src/tim.o
 .debug_macro   0x00001a36      0x2e2 ./Drivers/STM32H7xx_HAL_Driver/Src/stm32h7xx_hal.o
 .debug_macro   0x00001d18      0x2b8 ./Drivers/STM32H7xx_HAL_Driver/Src/stm32h7xx_hal_cortex.o
 .debug_macro   0x00001fd0      0x30c ./Drivers/STM32H7xx_HAL_Driver/Src/stm32h7xx_hal_dma.o
 .debug_macro   0x000022dc      0x2bf ./Drivers/STM32H7xx_HAL_Driver/Src/stm32h7xx_hal_gpio.o
 .debug_macro   0x0000259b      0x2c4 ./Drivers/STM32H7xx_HAL_Driver/Src/stm32h7xx_hal_pcd.o
 .debug_macro   0x0000285f      0x2b8 ./Drivers/STM32H7xx_HAL_Driver/Src/stm32h7xx_hal_pcd_ex.o
 .debug_macro   0x00002b17      0x2f1 ./Drivers/STM32H7xx_HAL_Driver/Src/stm32h7xx_hal_pwr_ex.o
 .debug_macro   0x00002e08      0x2dc ./Drivers/STM32H7xx_HAL_Driver/Src/stm32h7xx_hal_rcc.o
 .debug_macro   0x000030e4      0x2d6 ./Drivers/STM32H7xx_HAL_Driver/Src/stm32h7xx_hal_rcc_ex.o
 .debug_macro   0x000033ba      0x2b9 ./Drivers/STM32H7xx_HAL_Driver/Src/stm32h7xx_hal_tim.o
 .debug_macro   0x00003673      0x2be ./Drivers/STM32H7xx_HAL_Driver/Src/stm32h7xx_hal_tim_ex.o
 .debug_macro   0x00003931      0x2b8 ./Drivers/STM32H7xx_HAL_Driver/Src/stm32h7xx_ll_usb.o
 .debug_macro   0x00003be9      0x3b9 ./Middlewares/ST/STM32_USB_Device_Library/Class/CDC/Src/usbd_cdc.o
 .debug_macro   0x00003fa2       0x16 ./Middlewares/ST/STM32_USB_Device_Library/Class/CDC/Src/usbd_cdc.o
 .debug_macro   0x00003fb8       0x9e ./Middlewares/ST/STM32_USB_Device_Library/Class/CDC/Src/usbd_cdc.o
 .debug_macro   0x00004056      0x10b ./Middlewares/ST/STM32_USB_Device_Library/Class/CDC/Src/usbd_cdc.o
 .debug_macro   0x00004161       0x16 ./Middlewares/ST/STM32_USB_Device_Library/Class/CDC/Src/usbd_cdc.o
 .debug_macro   0x00004177       0x95 ./Middlewares/ST/STM32_USB_Device_Library/Class/CDC/Src/usbd_cdc.o
 .debug_macro   0x0000420c      0x3a0 ./Middlewares/ST/STM32_USB_Device_Library/Core/Src/usbd_core.o
 .debug_macro   0x000045ac      0x215 ./Middlewares/ST/STM32_USB_Device_Library/Core/Src/usbd_core.o
 .debug_macro   0x000047c1      0x3aa ./Middlewares/ST/STM32_USB_Device_Library/Core/Src/usbd_ctlreq.o
 .debug_macro   0x00004b6b      0x3a6 ./Middlewares/ST/STM32_USB_Device_Library/Core/Src/usbd_ioreq.o
 .debug_macro   0x00004f11      0x3d3 ./USB_DEVICE/App/usb_device.o
 .debug_macro   0x000052e4       0x22 ./USB_DEVICE/App/usb_device.o
 .debug_macro   0x00005306       0x16 ./USB_DEVICE/App/usb_device.o
 .debug_macro   0x0000531c      0x3c4 ./USB_DEVICE/App/usbd_cdc_if.o
 .debug_macro   0x000056e0       0x10 ./USB_DEVICE/App/usbd_cdc_if.o
 .debug_macro   0x000056f0      0x3e3 ./USB_DEVICE/App/usbd_desc.o
 .debug_macro   0x00005ad3       0x1c ./USB_DEVICE/App/usbd_desc.o
 .debug_macro   0x00005aef      0x3b7 ./USB_DEVICE/Target/usbd_conf.o

.debug_line     0x00000000    0x1f2e4
 .debug_line    0x00000000      0x692 ./Core/Src/ULP_strip_effects.o
 .debug_line    0x00000692      0x663 ./Core/Src/ULP_ws2812b.o
 .debug_line    0x00000cf5      0x8f4 ./Core/Src/dma.o
 .debug_line    0x000015e9      0x8f8 ./Core/Src/gpio.o
 .debug_line    0x00001ee1      0xb79 ./Core/Src/main.o
 .debug_line    0x00002a5a      0x8f7 ./Core/Src/stm32h7xx_hal_msp.o
 .debug_line    0x00003351      0x9eb ./Core/Src/stm32h7xx_it.o
 .debug_line    0x00003d3c      0xaa9 ./Core/Src/system_stm32h7xx.o
 .debug_line    0x000047e5      0xa15 ./Core/Src/tim.o
 .debug_line    0x000051fa       0x7a ./Core/Startup/startup_stm32h723vgtx.o
 .debug_line    0x00005274      0xf3a ./Drivers/STM32H7xx_HAL_Driver/Src/stm32h7xx_hal.o
 .debug_line    0x000061ae      0xed8 ./Drivers/STM32H7xx_HAL_Driver/Src/stm32h7xx_hal_cortex.o
 .debug_line    0x00007086     0x280f ./Drivers/STM32H7xx_HAL_Driver/Src/stm32h7xx_hal_dma.o
 .debug_line    0x00009895      0xd6d ./Drivers/STM32H7xx_HAL_Driver/Src/stm32h7xx_hal_gpio.o
 .debug_line    0x0000a602     0x16c4 ./Drivers/STM32H7xx_HAL_Driver/Src/stm32h7xx_hal_pcd.o
 .debug_line    0x0000bcc6      0xb06 ./Drivers/STM32H7xx_HAL_Driver/Src/stm32h7xx_hal_pcd_ex.o
 .debug_line    0x0000c7cc      0xf27 ./Drivers/STM32H7xx_HAL_Driver/Src/stm32h7xx_hal_pwr_ex.o
 .debug_line    0x0000d6f3     0x13d0 ./Drivers/STM32H7xx_HAL_Driver/Src/stm32h7xx_hal_rcc.o
 .debug_line    0x0000eac3     0x1c9f ./Drivers/STM32H7xx_HAL_Driver/Src/stm32h7xx_hal_rcc_ex.o
 .debug_line    0x00010762     0x40cb ./Drivers/STM32H7xx_HAL_Driver/Src/stm32h7xx_hal_tim.o
 .debug_line    0x0001482d     0x1f9d ./Drivers/STM32H7xx_HAL_Driver/Src/stm32h7xx_hal_tim_ex.o
 .debug_line    0x000167ca     0x1f8a ./Drivers/STM32H7xx_HAL_Driver/Src/stm32h7xx_ll_usb.o
 .debug_line    0x00018754      0xf4d ./Middlewares/ST/STM32_USB_Device_Library/Class/CDC/Src/usbd_cdc.o
 .debug_line    0x000196a1      0xfc7 ./Middlewares/ST/STM32_USB_Device_Library/Core/Src/usbd_core.o
 .debug_line    0x0001a668     0x11f4 ./Middlewares/ST/STM32_USB_Device_Library/Core/Src/usbd_ctlreq.o
 .debug_line    0x0001b85c      0xae1 ./Middlewares/ST/STM32_USB_Device_Library/Core/Src/usbd_ioreq.o
 .debug_line    0x0001c33d      0xaa0 ./USB_DEVICE/App/usb_device.o
 .debug_line    0x0001cddd      0xb00 ./USB_DEVICE/App/usbd_cdc_if.o
 .debug_line    0x0001d8dd      0xb81 ./USB_DEVICE/App/usbd_desc.o
 .debug_line    0x0001e45e      0xe86 ./USB_DEVICE/Target/usbd_conf.o

.debug_str      0x00000000   0x148cbe
 .debug_str     0x00000000     0x3cd7 ./Core/Src/ULP_strip_effects.o
                               0x3e4c (size before relaxing)
 .debug_str     0x00003cd7      0x124 ./Core/Src/ULP_ws2812b.o
                               0x3ea6 (size before relaxing)
 .debug_str     0x00003dfb   0x13cbef ./Core/Src/dma.o
                             0x140caa (size before relaxing)
 .debug_str     0x001409ea       0x2c ./Core/Src/gpio.o
                             0x14049d (size before relaxing)
 .debug_str     0x00140a16     0x1acb ./Core/Src/main.o
                             0x141f9a (size before relaxing)
 .debug_str     0x001424e1       0x2c ./Core/Src/stm32h7xx_hal_msp.o
                             0x14049d (size before relaxing)
 .debug_str     0x0014250d      0x4e4 ./Core/Src/stm32h7xx_it.o
                             0x140a77 (size before relaxing)
 .debug_str     0x001429f1      0x2ae ./Core/Src/system_stm32h7xx.o
                             0x14073e (size before relaxing)
 .debug_str     0x00142c9f      0x38c ./Core/Src/tim.o
                             0x140ef8 (size before relaxing)
 .debug_str     0x0014302b       0x44 ./Core/Startup/startup_stm32h723vgtx.o
                                 0x84 (size before relaxing)
 .debug_str     0x0014306f      0x9ae ./Drivers/STM32H7xx_HAL_Driver/Src/stm32h7xx_hal.o
                             0x1417c8 (size before relaxing)
 .debug_str     0x00143a1d      0x2cd ./Drivers/STM32H7xx_HAL_Driver/Src/stm32h7xx_hal_cortex.o
                             0x1410e2 (size before relaxing)
 .debug_str     0x00143cea      0x8b7 ./Drivers/STM32H7xx_HAL_Driver/Src/stm32h7xx_hal_dma.o
                             0x140ef3 (size before relaxing)
 .debug_str     0x001445a1      0x138 ./Drivers/STM32H7xx_HAL_Driver/Src/stm32h7xx_hal_gpio.o
                             0x140789 (size before relaxing)
 .debug_str     0x001446d9      0x83a ./Drivers/STM32H7xx_HAL_Driver/Src/stm32h7xx_hal_pcd.o
                             0x140f3b (size before relaxing)
 .debug_str     0x00144f13      0x174 ./Drivers/STM32H7xx_HAL_Driver/Src/stm32h7xx_hal_pcd_ex.o
                             0x1408d9 (size before relaxing)
 .debug_str     0x00145087      0x5ee ./Drivers/STM32H7xx_HAL_Driver/Src/stm32h7xx_hal_pwr_ex.o
                             0x140b91 (size before relaxing)
 .debug_str     0x00145675      0x21a ./Drivers/STM32H7xx_HAL_Driver/Src/stm32h7xx_hal_rcc.o
                             0x140b0c (size before relaxing)
 .debug_str     0x0014588f      0x92e ./Drivers/STM32H7xx_HAL_Driver/Src/stm32h7xx_hal_rcc_ex.o
                             0x141024 (size before relaxing)
 .debug_str     0x001461bd      0xd5a ./Drivers/STM32H7xx_HAL_Driver/Src/stm32h7xx_hal_tim.o
                             0x14190a (size before relaxing)
 .debug_str     0x00146f17      0x50c ./Drivers/STM32H7xx_HAL_Driver/Src/stm32h7xx_hal_tim_ex.o
                             0x1412b7 (size before relaxing)
 .debug_str     0x00147423      0x4b9 ./Drivers/STM32H7xx_HAL_Driver/Src/stm32h7xx_ll_usb.o
                             0x140e35 (size before relaxing)
 .debug_str     0x001478dc      0xa44 ./Middlewares/ST/STM32_USB_Device_Library/Class/CDC/Src/usbd_cdc.o
                             0x142383 (size before relaxing)
 .debug_str     0x00148320      0x35c ./Middlewares/ST/STM32_USB_Device_Library/Core/Src/usbd_core.o
                             0x141c91 (size before relaxing)
 .debug_str     0x0014867c      0x139 ./Middlewares/ST/STM32_USB_Device_Library/Core/Src/usbd_ctlreq.o
                             0x141abc (size before relaxing)
 .debug_str     0x001487b5       0x51 ./Middlewares/ST/STM32_USB_Device_Library/Core/Src/usbd_ioreq.o
                             0x141991 (size before relaxing)
 .debug_str     0x00148806      0x105 ./USB_DEVICE/App/usb_device.o
                             0x141d67 (size before relaxing)
 .debug_str     0x0014890b       0x9a ./USB_DEVICE/App/usbd_cdc_if.o
                             0x141d84 (size before relaxing)
 .debug_str     0x001489a5      0x292 ./USB_DEVICE/App/usbd_desc.o
                             0x1418b5 (size before relaxing)
 .debug_str     0x00148c37       0x87 ./USB_DEVICE/Target/usbd_conf.o
                             0x143394 (size before relaxing)

.comment        0x00000000       0x43
 .comment       0x00000000       0x43 ./Core/Src/ULP_strip_effects.o
                                 0x44 (size before relaxing)
 .comment       0x00000043       0x44 ./Core/Src/ULP_ws2812b.o
 .comment       0x00000043       0x44 ./Core/Src/dma.o
 .comment       0x00000043       0x44 ./Core/Src/gpio.o
 .comment       0x00000043       0x44 ./Core/Src/main.o
 .comment       0x00000043       0x44 ./Core/Src/stm32h7xx_hal_msp.o
 .comment       0x00000043       0x44 ./Core/Src/stm32h7xx_it.o
 .comment       0x00000043       0x44 ./Core/Src/system_stm32h7xx.o
 .comment       0x00000043       0x44 ./Core/Src/tim.o
 .comment       0x00000043       0x44 ./Drivers/STM32H7xx_HAL_Driver/Src/stm32h7xx_hal.o
 .comment       0x00000043       0x44 ./Drivers/STM32H7xx_HAL_Driver/Src/stm32h7xx_hal_cortex.o