00:51:21 **** Incremental Build of configuration Debug for project STM32-mainMCU ****
make -j20 all 
arm-none-eabi-gcc "../Core/Src/ULP_strip_effects.c" -mcpu=cortex-m7 -std=gnu11 -g3 -DDEBUG -DUSE_HAL_DRIVER -DSTM32H723xx -c -I../Core/Inc -I../Drivers/STM32H7xx_HAL_Driver/Inc -I../Drivers/STM32H7xx_HAL_Driver/Inc/Legacy -I../Drivers/CMSIS/Device/ST/STM32H7xx/Include -I../Drivers/CMSIS/Include -I../USB_DEVICE/App -I../USB_DEVICE/Target -I../Middlewares/ST/STM32_USB_Device_Library/Core/Inc -I../Middlewares/ST/STM32_USB_Device_Library/Class/CDC/Inc -O0 -ffunction-sections -fdata-sections -Wall -fstack-usage -fcyclomatic-complexity -MMD -MP -MF"Core/Src/ULP_strip_effects.d" -MT"Core/Src/ULP_strip_effects.o" --specs=nano.specs -mfpu=fpv5-d16 -mfloat-abi=hard -mthumb -o "Core/Src/ULP_strip_effects.o"
arm-none-eabi-gcc -o "STM32-mainMCU.elf" @"objects.list"   -mcpu=cortex-m7 -T"C:\Users\micha\Desktop\ULP\ULP-Portable-3.0\STM32-mainMCU\STM32H723VGTX_FLASH.ld" --specs=nosys.specs -Wl,-Map="STM32-mainMCU.map" -Wl,--gc-sections -static --specs=nano.specs -mfpu=fpv5-d16 -mfloat-abi=hard -mthumb -Wl,--start-group -lc -lm -Wl,--end-group
Finished building target: STM32-mainMCU.elf
 
arm-none-eabi-size  STM32-mainMCU.elf 
arm-none-eabi-objdump -h -S STM32-mainMCU.elf  > "STM32-mainMCU.list"
   text	   data	    bss	    dec	    hex	filename
  52664	    260	   8908	  61832	   f188	STM32-mainMCU.elf
Finished building: default.size.stdout
 
Finished building: STM32-mainMCU.list
 
00:51:27 **** Incremental Build of configuration Debug for project STM32-mainMCU ****
make -j20 all 
arm-none-eabi-size  STM32-mainMCU.elf 
   text	   data	    bss	    dec	    hex	filename
  52664	    260	   8908	  61832	   f188	STM32-mainMCU.elf
Finished building: default.size.stdout
 
00:52:00 **** Incremental Build of configuration Debug for project STM32-mainMCU ****
make -j20 all 
arm-none-eabi-gcc "../Core/Src/main.c" -mcpu=cortex-m7 -std=gnu11 -g3 -DDEBUG -DUSE_HAL_DRIVER -DSTM32H723xx -c -I../Core/Inc -I../Drivers/STM32H7xx_HAL_Driver/Inc -I../Drivers/STM32H7xx_HAL_Driver/Inc/Legacy -I../Drivers/CMSIS/Device/ST/STM32H7xx/Include -I../Drivers/CMSIS/Include -I../USB_DEVICE/App -I../USB_DEVICE/Target -I../Middlewares/ST/STM32_USB_Device_Library/Core/Inc -I../Middlewares/ST/STM32_USB_Device_Library/Class/CDC/Inc -O0 -ffunction-sections -fdata-sections -Wall -fstack-usage -fcyclomatic-complexity -MMD -MP -MF"Core/Src/main.d" -MT"Core/Src/main.o" --specs=nano.specs -mfpu=fpv5-d16 -mfloat-abi=hard -mthumb -o "Core/Src/main.o"
arm-none-eabi-gcc -o "STM32-mainMCU.elf" @"objects.list"   -mcpu=cortex-m7 -T"C:\Users\micha\Desktop\ULP\ULP-Portable-3.0\STM32-mainMCU\STM32H723VGTX_FLASH.ld" --specs=nosys.specs -Wl,-Map="STM32-mainMCU.map" -Wl,--gc-sections -static --specs=nano.specs -mfpu=fpv5-d16 -mfloat-abi=hard -mthumb -Wl,--start-group -lc -lm -Wl,--end-group
Finished building target: STM32-mainMCU.elf
 
arm-none-eabi-size  STM32-mainMCU.elf 
arm-none-eabi-objdump -h -S STM32-mainMCU.elf  > "STM32-mainMCU.list"
   text	   data	    bss	    dec	    hex	filename
  52664	    260	   8908	  61832	   f188	STM32-mainMCU.elf
Finished building: default.size.stdout
 
Finished building: STM32-mainMCU.list
 
00:54:00 **** Incremental Build of configuration Debug for project STM32-mainMCU ****
make -j20 all 
arm-none-eabi-gcc "../Core/Src/ULP_strip_effects.c" -mcpu=cortex-m7 -std=gnu11 -g3 -DDEBUG -DUSE_HAL_DRIVER -DSTM32H723xx -c -I../Core/Inc -I../Drivers/STM32H7xx_HAL_Driver/Inc -I../Drivers/STM32H7xx_HAL_Driver/Inc/Legacy -I../Drivers/CMSIS/Device/ST/STM32H7xx/Include -I../Drivers/CMSIS/Include -I../USB_DEVICE/App -I../USB_DEVICE/Target -I../Middlewares/ST/STM32_USB_Device_Library/Core/Inc -I../Middlewares/ST/STM32_USB_Device_Library/Class/CDC/Inc -O0 -ffunction-sections -fdata-sections -Wall -fstack-usage -fcyclomatic-complexity -MMD -MP -MF"Core/Src/ULP_strip_effects.d" -MT"Core/Src/ULP_strip_effects.o" --specs=nano.specs -mfpu=fpv5-d16 -mfloat-abi=hard -mthumb -o "Core/Src/ULP_strip_effects.o"
arm-none-eabi-gcc -o "STM32-mainMCU.elf" @"objects.list"   -mcpu=cortex-m7 -T"C:\Users\micha\Desktop\ULP\ULP-Portable-3.0\STM32-mainMCU\STM32H723VGTX_FLASH.ld" --specs=nosys.specs -Wl,-Map="STM32-mainMCU.map" -Wl,--gc-sections -static --specs=nano.specs -mfpu=fpv5-d16 -mfloat-abi=hard -mthumb -Wl,--start-group -lc -lm -Wl,--end-group
Finished building target: STM32-mainMCU.elf
 
arm-none-eabi-size  STM32-mainMCU.elf 
arm-none-eabi-objdump -h -S STM32-mainMCU.elf  > "STM32-mainMCU.list"
   text	   data	    bss	    dec	    hex	filename
  52660	    260	   8908	  61828	   f184	STM32-mainMCU.elf
Finished building: default.size.stdout
 
Finished building: STM32-mainMCU.list
 
00:54:48 **** Incremental Build of configuration Debug for project STM32-mainMCU ****
make -j20 all 
arm-none-eabi-gcc "../Core/Src/main.c" -mcpu=cortex-m7 -std=gnu11 -g3 -DDEBUG -DUSE_HAL_DRIVER -DSTM32H723xx -c -I../Core/Inc -I../Drivers/STM32H7xx_HAL_Driver/Inc -I../Drivers/STM32H7xx_HAL_Driver/Inc/Legacy -I../Drivers/CMSIS/Device/ST/STM32H7xx/Include -I../Drivers/CMSIS/Include -I../USB_DEVICE/App -I../USB_DEVICE/Target -I../Middlewares/ST/STM32_USB_Device_Library/Core/Inc -I../Middlewares/ST/STM32_USB_Device_Library/Class/CDC/Inc -O0 -ffunction-sections -fdata-sections -Wall -fstack-usage -fcyclomatic-complexity -MMD -MP -MF"Core/Src/main.d" -MT"Core/Src/main.o" --specs=nano.specs -mfpu=fpv5-d16 -mfloat-abi=hard -mthumb -o "Core/Src/main.o"
arm-none-eabi-gcc -o "STM32-mainMCU.elf" @"objects.list"   -mcpu=cortex-m7 -T"C:\Users\micha\Desktop\ULP\ULP-Portable-3.0\STM32-mainMCU\STM32H723VGTX_FLASH.ld" --specs=nosys.specs -Wl,-Map="STM32-mainMCU.map" -Wl,--gc-sections -static --specs=nano.specs -mfpu=fpv5-d16 -mfloat-abi=hard -mthumb -Wl,--start-group -lc -lm -Wl,--end-group
Finished building target: STM32-mainMCU.elf
 
arm-none-eabi-size  STM32-mainMCU.elf 
arm-none-eabi-objdump -h -S STM32-mainMCU.elf  > "STM32-mainMCU.list"
   text	   data	    bss	    dec	    hex	filename
  52660	    260	   8908	  61828	   f184	STM32-mainMCU.elf
Finished building: default.size.stdout
 
Finished building: STM32-mainMCU.list
 
01:01:46 **** Incremental Build of configuration Debug for project STM32-mainMCU ****
make -j20 all 
arm-none-eabi-gcc "../Core/Src/ULP_strip_effects.c" -mcpu=cortex-m7 -std=gnu11 -g3 -DDEBUG -DUSE_HAL_DRIVER -DSTM32H723xx -c -I../Core/Inc -I../Drivers/STM32H7xx_HAL_Driver/Inc -I../Drivers/STM32H7xx_HAL_Driver/Inc/Legacy -I../Drivers/CMSIS/Device/ST/STM32H7xx/Include -I../Drivers/CMSIS/Include -I../USB_DEVICE/App -I../USB_DEVICE/Target -I../Middlewares/ST/STM32_USB_Device_Library/Core/Inc -I../Middlewares/ST/STM32_USB_Device_Library/Class/CDC/Inc -O0 -ffunction-sections -fdata-sections -Wall -fstack-usage -fcyclomatic-complexity -MMD -MP -MF"Core/Src/ULP_strip_effects.d" -MT"Core/Src/ULP_strip_effects.o" --specs=nano.specs -mfpu=fpv5-d16 -mfloat-abi=hard -mthumb -o "Core/Src/ULP_strip_effects.o"
arm-none-eabi-gcc "../Core/Src/main.c" -mcpu=cortex-m7 -std=gnu11 -g3 -DDEBUG -DUSE_HAL_DRIVER -DSTM32H723xx -c -I../Core/Inc -I../Drivers/STM32H7xx_HAL_Driver/Inc -I../Drivers/STM32H7xx_HAL_Driver/Inc/Legacy -I../Drivers/CMSIS/Device/ST/STM32H7xx/Include -I../Drivers/CMSIS/Include -I../USB_DEVICE/App -I../USB_DEVICE/Target -I../Middlewares/ST/STM32_USB_Device_Library/Core/Inc -I../Middlewares/ST/STM32_USB_Device_Library/Class/CDC/Inc -O0 -ffunction-sections -fdata-sections -Wall -fstack-usage -fcyclomatic-complexity -MMD -MP -MF"Core/Src/main.d" -MT"Core/Src/main.o" --specs=nano.specs -mfpu=fpv5-d16 -mfloat-abi=hard -mthumb -o "Core/Src/main.o"
arm-none-eabi-gcc -o "STM32-mainMCU.elf" @"objects.list"   -mcpu=cortex-m7 -T"C:\Users\micha\Desktop\ULP\ULP-Portable-3.0\STM32-mainMCU\STM32H723VGTX_FLASH.ld" --specs=nosys.specs -Wl,-Map="STM32-mainMCU.map" -Wl,--gc-sections -static --specs=nano.specs -mfpu=fpv5-d16 -mfloat-abi=hard -mthumb -Wl,--start-group -lc -lm -Wl,--end-group
Finished building target: STM32-mainMCU.elf
 
arm-none-eabi-size  STM32-mainMCU.elf 
arm-none-eabi-objdump -h -S STM32-mainMCU.elf  > "STM32-mainMCU.list"
   text	   data	    bss	    dec	    hex	filename
  52660	    260	   8908	  61828	   f184	STM32-mainMCU.elf
Finished building: default.size.stdout
 
Finished building: STM32-mainMCU.list
 
01:05:38 **** Incremental Build of configuration Debug for project STM32-mainMCU ****
make -j20 all 
arm-none-eabi-gcc "../Core/Src/ULP_strip_effects.c" -mcpu=cortex-m7 -std=gnu11 -g3 -DDEBUG -DUSE_HAL_DRIVER -DSTM32H723xx -c -I../Core/Inc -I../Drivers/STM32H7xx_HAL_Driver/Inc -I../Drivers/STM32H7xx_HAL_Driver/Inc/Legacy -I../Drivers/CMSIS/Device/ST/STM32H7xx/Include -I../Drivers/CMSIS/Include -I../USB_DEVICE/App -I../USB_DEVICE/Target -I../Middlewares/ST/STM32_USB_Device_Library/Core/Inc -I../Middlewares/ST/STM32_USB_Device_Library/Class/CDC/Inc -O0 -ffunction-sections -fdata-sections -Wall -fstack-usage -fcyclomatic-complexity -MMD -MP -MF"Core/Src/ULP_strip_effects.d" -MT"Core/Src/ULP_strip_effects.o" --specs=nano.specs -mfpu=fpv5-d16 -mfloat-abi=hard -mthumb -o "Core/Src/ULP_strip_effects.o"
../Core/Src/ULP_strip_effects.c: In function 'gradient_function':
../Core/Src/ULP_strip_effects.c:106:26: error: 'data' undeclared (first use in this function)
  106 |         return (uint8_t)(data / 100);
      |                          ^~~~
../Core/Src/ULP_strip_effects.c:106:26: note: each undeclared identifier is reported only once for each function it appears in
../Core/Src/ULP_strip_effects.c:107:1: warning: control reaches end of non-void function [-Wreturn-type]
  107 | }
      | ^
make: *** [Core/Src/subdir.mk:55: Core/Src/ULP_strip_effects.o] Error 1
"make -j20 all" terminated with exit code 2. Build might be incomplete.
01:06:04 **** Incremental Build of configuration Debug for project STM32-mainMCU ****
make -j20 all 
arm-none-eabi-gcc "../Core/Src/ULP_strip_effects.c" -mcpu=cortex-m7 -std=gnu11 -g3 -DDEBUG -DUSE_HAL_DRIVER -DSTM32H723xx -c -I../Core/Inc -I../Drivers/STM32H7xx_HAL_Driver/Inc -I../Drivers/STM32H7xx_HAL_Driver/Inc/Legacy -I../Drivers/CMSIS/Device/ST/STM32H7xx/Include -I../Drivers/CMSIS/Include -I../USB_DEVICE/App -I../USB_DEVICE/Target -I../Middlewares/ST/STM32_USB_Device_Library/Core/Inc -I../Middlewares/ST/STM32_USB_Device_Library/Class/CDC/Inc -O0 -ffunction-sections -fdata-sections -Wall -fstack-usage -fcyclomatic-complexity -MMD -MP -MF"Core/Src/ULP_strip_effects.d" -MT"Core/Src/ULP_strip_effects.o" --specs=nano.specs -mfpu=fpv5-d16 -mfloat-abi=hard -mthumb -o "Core/Src/ULP_strip_effects.o"
arm-none-eabi-gcc -o "STM32-mainMCU.elf" @"objects.list"   -mcpu=cortex-m7 -T"C:\Users\micha\Desktop\ULP\ULP-Portable-3.0\STM32-mainMCU\STM32H723VGTX_FLASH.ld" --specs=nosys.specs -Wl,-Map="STM32-mainMCU.map" -Wl,--gc-sections -static --specs=nano.specs -mfpu=fpv5-d16 -mfloat-abi=hard -mthumb -Wl,--start-group -lc -lm -Wl,--end-group
Finished building target: STM32-mainMCU.elf
 
arm-none-eabi-size  STM32-mainMCU.elf 
arm-none-eabi-objdump -h -S STM32-mainMCU.elf  > "STM32-mainMCU.list"
   text	   data	    bss	    dec	    hex	filename
  52692	    260	   8908	  61860	   f1a4	STM32-mainMCU.elf
Finished building: default.size.stdout
 
Finished building: STM32-mainMCU.list
 
01:06:39 **** Incremental Build of configuration Debug for project STM32-mainMCU ****
make -j20 all 
arm-none-eabi-gcc "../Core/Src/main.c" -mcpu=cortex-m7 -std=gnu11 -g3 -DDEBUG -DUSE_HAL_DRIVER -DSTM32H723xx -c -I../Core/Inc -I../Drivers/STM32H7xx_HAL_Driver/Inc -I../Drivers/STM32H7xx_HAL_Driver/Inc/Legacy -I../Drivers/CMSIS/Device/ST/STM32H7xx/Include -I../Drivers/CMSIS/Include -I../USB_DEVICE/App -I../USB_DEVICE/Target -I../Middlewares/ST/STM32_USB_Device_Library/Core/Inc -I../Middlewares/ST/STM32_USB_Device_Library/Class/CDC/Inc -O0 -ffunction-sections -fdata-sections -Wall -fstack-usage -fcyclomatic-complexity -MMD -MP -MF"Core/Src/main.d" -MT"Core/Src/main.o" --specs=nano.specs -mfpu=fpv5-d16 -mfloat-abi=hard -mthumb -o "Core/Src/main.o"
arm-none-eabi-gcc -o "STM32-mainMCU.elf" @"objects.list"   -mcpu=cortex-m7 -T"C:\Users\micha\Desktop\ULP\ULP-Portable-3.0\STM32-mainMCU\STM32H723VGTX_FLASH.ld" --specs=nosys.specs -Wl,-Map="STM32-mainMCU.map" -Wl,--gc-sections -static --specs=nano.specs -mfpu=fpv5-d16 -mfloat-abi=hard -mthumb -Wl,--start-group -lc -lm -Wl,--end-group
Finished building target: STM32-mainMCU.elf
 
arm-none-eabi-size  STM32-mainMCU.elf 
arm-none-eabi-objdump -h -S STM32-mainMCU.elf  > "STM32-mainMCU.list"
   text	   data	    bss	    dec	    hex	filename
  52692	    260	   8908	  61860	   f1a4	STM32-mainMCU.elf
Finished building: default.size.stdout
 
Finished building: STM32-mainMCU.list
 
01:10:07 **** Incremental Build of configuration Debug for project STM32-mainMCU ****
make -j20 all 
arm-none-eabi-gcc "../Core/Src/ULP_strip_effects.c" -mcpu=cortex-m7 -std=gnu11 -g3 -DDEBUG -DUSE_HAL_DRIVER -DSTM32H723xx -c -I../Core/Inc -I../Drivers/STM32H7xx_HAL_Driver/Inc -I../Drivers/STM32H7xx_HAL_Driver/Inc/Legacy -I../Drivers/CMSIS/Device/ST/STM32H7xx/Include -I../Drivers/CMSIS/Include -I../USB_DEVICE/App -I../USB_DEVICE/Target -I../Middlewares/ST/STM32_USB_Device_Library/Core/Inc -I../Middlewares/ST/STM32_USB_Device_Library/Class/CDC/Inc -O0 -ffunction-sections -fdata-sections -Wall -fstack-usage -fcyclomatic-complexity -MMD -MP -MF"Core/Src/ULP_strip_effects.d" -MT"Core/Src/ULP_strip_effects.o" --specs=nano.specs -mfpu=fpv5-d16 -mfloat-abi=hard -mthumb -o "Core/Src/ULP_strip_effects.o"
../Core/Src/ULP_strip_effects.c: In function 'gradient_function':
../Core/Src/ULP_strip_effects.c:105:26: error: 'data' undeclared (first use in this function)
  105 |         return (uint8_t)(data / 100);
      |                          ^~~~
../Core/Src/ULP_strip_effects.c:105:26: note: each undeclared identifier is reported only once for each function it appears in
../Core/Src/ULP_strip_effects.c:106:1: warning: control reaches end of non-void function [-Wreturn-type]
  106 | }
      | ^
make: *** [Core/Src/subdir.mk:55: Core/Src/ULP_strip_effects.o] Error 1
"make -j20 all" terminated with exit code 2. Build might be incomplete.
01:10:24 **** Incremental Build of configuration Debug for project STM32-mainMCU ****
make -j20 all 
arm-none-eabi-gcc "../Core/Src/ULP_strip_effects.c" -mcpu=cortex-m7 -std=gnu11 -g3 -DDEBUG -DUSE_HAL_DRIVER -DSTM32H723xx -c -I../Core/Inc -I../Drivers/STM32H7xx_HAL_Driver/Inc -I../Drivers/STM32H7xx_HAL_Driver/Inc/Legacy -I../Drivers/CMSIS/Device/ST/STM32H7xx/Include -I../Drivers/CMSIS/Include -I../USB_DEVICE/App -I../USB_DEVICE/Target -I../Middlewares/ST/STM32_USB_Device_Library/Core/Inc -I../Middlewares/ST/STM32_USB_Device_Library/Class/CDC/Inc -O0 -ffunction-sections -fdata-sections -Wall -fstack-usage -fcyclomatic-complexity -MMD -MP -MF"Core/Src/ULP_strip_effects.d" -MT"Core/Src/ULP_strip_effects.o" --specs=nano.specs -mfpu=fpv5-d16 -mfloat-abi=hard -mthumb -o "Core/Src/ULP_strip_effects.o"
arm-none-eabi-gcc -o "STM32-mainMCU.elf" @"objects.list"   -mcpu=cortex-m7 -T"C:\Users\micha\Desktop\ULP\ULP-Portable-3.0\STM32-mainMCU\STM32H723VGTX_FLASH.ld" --specs=nosys.specs -Wl,-Map="STM32-mainMCU.map" -Wl,--gc-sections -static --specs=nano.specs -mfpu=fpv5-d16 -mfloat-abi=hard -mthumb -Wl,--start-group -lc -lm -Wl,--end-group
Finished building target: STM32-mainMCU.elf
 
arm-none-eabi-size  STM32-mainMCU.elf 
arm-none-eabi-objdump -h -S STM32-mainMCU.elf  > "STM32-mainMCU.list"
   text	   data	    bss	    dec	    hex	filename
  52624	    260	   8908	  61792	   f160	STM32-mainMCU.elf
Finished building: default.size.stdout
 
Finished building: STM32-mainMCU.list
 
01:11:26 **** Incremental Build of configuration Debug for project STM32-mainMCU ****
make -j20 all 
arm-none-eabi-gcc "../Core/Src/ULP_strip_effects.c" -mcpu=cortex-m7 -std=gnu11 -g3 -DDEBUG -DUSE_HAL_DRIVER -DSTM32H723xx -c -I../Core/Inc -I../Drivers/STM32H7xx_HAL_Driver/Inc -I../Drivers/STM32H7xx_HAL_Driver/Inc/Legacy -I../Drivers/CMSIS/Device/ST/STM32H7xx/Include -I../Drivers/CMSIS/Include -I../USB_DEVICE/App -I../USB_DEVICE/Target -I../Middlewares/ST/STM32_USB_Device_Library/Core/Inc -I../Middlewares/ST/STM32_USB_Device_Library/Class/CDC/Inc -O0 -ffunction-sections -fdata-sections -Wall -fstack-usage -fcyclomatic-complexity -MMD -MP -MF"Core/Src/ULP_strip_effects.d" -MT"Core/Src/ULP_strip_effects.o" --specs=nano.specs -mfpu=fpv5-d16 -mfloat-abi=hard -mthumb -o "Core/Src/ULP_strip_effects.o"
arm-none-eabi-gcc -o "STM32-mainMCU.elf" @"objects.list"   -mcpu=cortex-m7 -T"C:\Users\micha\Desktop\ULP\ULP-Portable-3.0\STM32-mainMCU\STM32H723VGTX_FLASH.ld" --specs=nosys.specs -Wl,-Map="STM32-mainMCU.map" -Wl,--gc-sections -static --specs=nano.specs -mfpu=fpv5-d16 -mfloat-abi=hard -mthumb -Wl,--start-group -lc -lm -Wl,--end-group
Finished building target: STM32-mainMCU.elf
 
arm-none-eabi-size  STM32-mainMCU.elf 
arm-none-eabi-objdump -h -S STM32-mainMCU.elf  > "STM32-mainMCU.list"
   text	   data	    bss	    dec	    hex	filename
  52612	    260	   8908	  61780	   f154	STM32-mainMCU.elf
Finished building: default.size.stdout
 
Finished building: STM32-mainMCU.list
 
01:12:06 **** Incremental Build of configuration Debug for project STM32-mainMCU ****
make -j20 all 
arm-none-eabi-gcc "../Core/Src/ULP_strip_effects.c" -mcpu=cortex-m7 -std=gnu11 -g3 -DDEBUG -DUSE_HAL_DRIVER -DSTM32H723xx -c -I../Core/Inc -I../Drivers/STM32H7xx_HAL_Driver/Inc -I../Drivers/STM32H7xx_HAL_Driver/Inc/Legacy -I../Drivers/CMSIS/Device/ST/STM32H7xx/Include -I../Drivers/CMSIS/Include -I../USB_DEVICE/App -I../USB_DEVICE/Target -I../Middlewares/ST/STM32_USB_Device_Library/Core/Inc -I../Middlewares/ST/STM32_USB_Device_Library/Class/CDC/Inc -O0 -ffunction-sections -fdata-sections -Wall -fstack-usage -fcyclomatic-complexity -MMD -MP -MF"Core/Src/ULP_strip_effects.d" -MT"Core/Src/ULP_strip_effects.o" --specs=nano.specs -mfpu=fpv5-d16 -mfloat-abi=hard -mthumb -o "Core/Src/ULP_strip_effects.o"
arm-none-eabi-gcc "../Core/Src/main.c" -mcpu=cortex-m7 -std=gnu11 -g3 -DDEBUG -DUSE_HAL_DRIVER -DSTM32H723xx -c -I../Core/Inc -I../Drivers/STM32H7xx_HAL_Driver/Inc -I../Drivers/STM32H7xx_HAL_Driver/Inc/Legacy -I../Drivers/CMSIS/Device/ST/STM32H7xx/Include -I../Drivers/CMSIS/Include -I../USB_DEVICE/App -I../USB_DEVICE/Target -I../Middlewares/ST/STM32_USB_Device_Library/Core/Inc -I../Middlewares/ST/STM32_USB_Device_Library/Class/CDC/Inc -O0 -ffunction-sections -fdata-sections -Wall -fstack-usage -fcyclomatic-complexity -MMD -MP -MF"Core/Src/main.d" -MT"Core/Src/main.o" --specs=nano.specs -mfpu=fpv5-d16 -mfloat-abi=hard -mthumb -o "Core/Src/main.o"
arm-none-eabi-gcc -o "STM32-mainMCU.elf" @"objects.list"   -mcpu=cortex-m7 -T"C:\Users\micha\Desktop\ULP\ULP-Portable-3.0\STM32-mainMCU\STM32H723VGTX_FLASH.ld" --specs=nosys.specs -Wl,-Map="STM32-mainMCU.map" -Wl,--gc-sections -static --specs=nano.specs -mfpu=fpv5-d16 -mfloat-abi=hard -mthumb -Wl,--start-group -lc -lm -Wl,--end-group
Finished building target: STM32-mainMCU.elf
 
arm-none-eabi-size  STM32-mainMCU.elf 
arm-none-eabi-objdump -h -S STM32-mainMCU.elf  > "STM32-mainMCU.list"
   text	   data	    bss	    dec	    hex	filename
  52624	    260	   8908	  61792	   f160	STM32-mainMCU.elf
Finished building: default.size.stdout
 
Finished building: STM32-mainMCU.list
 
01:13:10 **** Incremental Build of configuration Debug for project STM32-mainMCU ****
make -j20 all 
arm-none-eabi-gcc "../Core/Src/ULP_strip_effects.c" -mcpu=cortex-m7 -std=gnu11 -g3 -DDEBUG -DUSE_HAL_DRIVER -DSTM32H723xx -c -I../Core/Inc -I../Drivers/STM32H7xx_HAL_Driver/Inc -I../Drivers/STM32H7xx_HAL_Driver/Inc/Legacy -I../Drivers/CMSIS/Device/ST/STM32H7xx/Include -I../Drivers/CMSIS/Include -I../USB_DEVICE/App -I../USB_DEVICE/Target -I../Middlewares/ST/STM32_USB_Device_Library/Core/Inc -I../Middlewares/ST/STM32_USB_Device_Library/Class/CDC/Inc -O0 -ffunction-sections -fdata-sections -Wall -fstack-usage -fcyclomatic-complexity -MMD -MP -MF"Core/Src/ULP_strip_effects.d" -MT"Core/Src/ULP_strip_effects.o" --specs=nano.specs -mfpu=fpv5-d16 -mfloat-abi=hard -mthumb -o "Core/Src/ULP_strip_effects.o"
arm-none-eabi-gcc -o "STM32-mainMCU.elf" @"objects.list"   -mcpu=cortex-m7 -T"C:\Users\micha\Desktop\ULP\ULP-Portable-3.0\STM32-mainMCU\STM32H723VGTX_FLASH.ld" --specs=nosys.specs -Wl,-Map="STM32-mainMCU.map" -Wl,--gc-sections -static --specs=nano.specs -mfpu=fpv5-d16 -mfloat-abi=hard -mthumb -Wl,--start-group -lc -lm -Wl,--end-group
Finished building target: STM32-mainMCU.elf
 
arm-none-eabi-size  STM32-mainMCU.elf 
arm-none-eabi-objdump -h -S STM32-mainMCU.elf  > "STM32-mainMCU.list"
   text	   data	    bss	    dec	    hex	filename
  52584	    260	   8908	  61752	   f138	STM32-mainMCU.elf
Finished building: default.size.stdout
 
Finished building: STM32-mainMCU.list
 
01:13:50 **** Incremental Build of configuration Debug for project STM32-mainMCU ****
make -j20 all 
arm-none-eabi-gcc "../Core/Src/ULP_strip_effects.c" -mcpu=cortex-m7 -std=gnu11 -g3 -DDEBUG -DUSE_HAL_DRIVER -DSTM32H723xx -c -I../Core/Inc -I../Drivers/STM32H7xx_HAL_Driver/Inc -I../Drivers/STM32H7xx_HAL_Driver/Inc/Legacy -I../Drivers/CMSIS/Device/ST/STM32H7xx/Include -I../Drivers/CMSIS/Include -I../USB_DEVICE/App -I../USB_DEVICE/Target -I../Middlewares/ST/STM32_USB_Device_Library/Core/Inc -I../Middlewares/ST/STM32_USB_Device_Library/Class/CDC/Inc -O0 -ffunction-sections -fdata-sections -Wall -fstack-usage -fcyclomatic-complexity -MMD -MP -MF"Core/Src/ULP_strip_effects.d" -MT"Core/Src/ULP_strip_effects.o" --specs=nano.specs -mfpu=fpv5-d16 -mfloat-abi=hard -mthumb -o "Core/Src/ULP_strip_effects.o"
arm-none-eabi-gcc -o "STM32-mainMCU.elf" @"objects.list"   -mcpu=cortex-m7 -T"C:\Users\micha\Desktop\ULP\ULP-Portable-3.0\STM32-mainMCU\STM32H723VGTX_FLASH.ld" --specs=nosys.specs -Wl,-Map="STM32-mainMCU.map" -Wl,--gc-sections -static --specs=nano.specs -mfpu=fpv5-d16 -mfloat-abi=hard -mthumb -Wl,--start-group -lc -lm -Wl,--end-group
Finished building target: STM32-mainMCU.elf
 
arm-none-eabi-size  STM32-mainMCU.elf 
arm-none-eabi-objdump -h -S STM32-mainMCU.elf  > "STM32-mainMCU.list"
   text	   data	    bss	    dec	    hex	filename
  52624	    260	   8908	  61792	   f160	STM32-mainMCU.elf
Finished building: default.size.stdout
 
Finished building: STM32-mainMCU.list
 
01:14:29 **** Incremental Build of configuration Debug for project STM32-mainMCU ****
make -j20 all 
arm-none-eabi-gcc "../Core/Src/ULP_strip_effects.c" -mcpu=cortex-m7 -std=gnu11 -g3 -DDEBUG -DUSE_HAL_DRIVER -DSTM32H723xx -c -I../Core/Inc -I../Drivers/STM32H7xx_HAL_Driver/Inc -I../Drivers/STM32H7xx_HAL_Driver/Inc/Legacy -I../Drivers/CMSIS/Device/ST/STM32H7xx/Include -I../Drivers/CMSIS/Include -I../USB_DEVICE/App -I../USB_DEVICE/Target -I../Middlewares/ST/STM32_USB_Device_Library/Core/Inc -I../Middlewares/ST/STM32_USB_Device_Library/Class/CDC/Inc -O0 -ffunction-sections -fdata-sections -Wall -fstack-usage -fcyclomatic-complexity -MMD -MP -MF"Core/Src/ULP_strip_effects.d" -MT"Core/Src/ULP_strip_effects.o" --specs=nano.specs -mfpu=fpv5-d16 -mfloat-abi=hard -mthumb -o "Core/Src/ULP_strip_effects.o"
arm-none-eabi-gcc -o "STM32-mainMCU.elf" @"objects.list"   -mcpu=cortex-m7 -T"C:\Users\micha\Desktop\ULP\ULP-Portable-3.0\STM32-mainMCU\STM32H723VGTX_FLASH.ld" --specs=nosys.specs -Wl,-Map="STM32-mainMCU.map" -Wl,--gc-sections -static --specs=nano.specs -mfpu=fpv5-d16 -mfloat-abi=hard -mthumb -Wl,--start-group -lc -lm -Wl,--end-group
Finished building target: STM32-mainMCU.elf
 
arm-none-eabi-size  STM32-mainMCU.elf 
arm-none-eabi-objdump -h -S STM32-mainMCU.elf  > "STM32-mainMCU.list"
   text	   data	    bss	    dec	    hex	filename
  52624	    260	   8908	  61792	   f160	STM32-mainMCU.elf
Finished building: default.size.stdout
 
Finished building: STM32-mainMCU.list
 
01:18:23 **** Incremental Build of configuration Debug for project STM32-mainMCU ****
make -j20 all 
arm-none-eabi-gcc "../Core/Src/ULP_strip_effects.c" -mcpu=cortex-m7 -std=gnu11 -g3 -DDEBUG -DUSE_HAL_DRIVER -DSTM32H723xx -c -I../Core/Inc -I../Drivers/STM32H7xx_HAL_Driver/Inc -I../Drivers/STM32H7xx_HAL_Driver/Inc/Legacy -I../Drivers/CMSIS/Device/ST/STM32H7xx/Include -I../Drivers/CMSIS/Include -I../USB_DEVICE/App -I../USB_DEVICE/Target -I../Middlewares/ST/STM32_USB_Device_Library/Core/Inc -I../Middlewares/ST/STM32_USB_Device_Library/Class/CDC/Inc -O0 -ffunction-sections -fdata-sections -Wall -fstack-usage -fcyclomatic-complexity -MMD -MP -MF"Core/Src/ULP_strip_effects.d" -MT"Core/Src/ULP_strip_effects.o" --specs=nano.specs -mfpu=fpv5-d16 -mfloat-abi=hard -mthumb -o "Core/Src/ULP_strip_effects.o"
arm-none-eabi-gcc "../Core/Src/main.c" -mcpu=cortex-m7 -std=gnu11 -g3 -DDEBUG -DUSE_HAL_DRIVER -DSTM32H723xx -c -I../Core/Inc -I../Drivers/STM32H7xx_HAL_Driver/Inc -I../Drivers/STM32H7xx_HAL_Driver/Inc/Legacy -I../Drivers/CMSIS/Device/ST/STM32H7xx/Include -I../Drivers/CMSIS/Include -I../USB_DEVICE/App -I../USB_DEVICE/Target -I../Middlewares/ST/STM32_USB_Device_Library/Core/Inc -I../Middlewares/ST/STM32_USB_Device_Library/Class/CDC/Inc -O0 -ffunction-sections -fdata-sections -Wall -fstack-usage -fcyclomatic-complexity -MMD -MP -MF"Core/Src/main.d" -MT"Core/Src/main.o" --specs=nano.specs -mfpu=fpv5-d16 -mfloat-abi=hard -mthumb -o "Core/Src/main.o"
arm-none-eabi-gcc -o "STM32-mainMCU.elf" @"objects.list"   -mcpu=cortex-m7 -T"C:\Users\micha\Desktop\ULP\ULP-Portable-3.0\STM32-mainMCU\STM32H723VGTX_FLASH.ld" --specs=nosys.specs -Wl,-Map="STM32-mainMCU.map" -Wl,--gc-sections -static --specs=nano.specs -mfpu=fpv5-d16 -mfloat-abi=hard -mthumb -Wl,--start-group -lc -lm -Wl,--end-group
Finished building target: STM32-mainMCU.elf
 
arm-none-eabi-size  STM32-mainMCU.elf 
arm-none-eabi-objdump -h -S STM32-mainMCU.elf  > "STM32-mainMCU.list"
   text	   data	    bss	    dec	    hex	filename
  52708	    260	   8908	  61876	   f1b4	STM32-mainMCU.elf
Finished building: default.size.stdout
 
Finished building: STM32-mainMCU.list
 
01:18:57 **** Incremental Build of configuration Debug for project STM32-mainMCU ****
make -j20 all 
arm-none-eabi-size  STM32-mainMCU.elf 
   text	   data	    bss	    dec	    hex	filename
  52708	    260	   8908	  61876	   f1b4	STM32-mainMCU.elf
Finished building: default.size.stdout
 
01:22:14 **** Incremental Build of configuration Debug for project STM32-mainMCU ****
make -j20 all 
arm-none-eabi-gcc "../Core/Src/ULP_strip_effects.c" -mcpu=cortex-m7 -std=gnu11 -g3 -DDEBUG -DUSE_HAL_DRIVER -DSTM32H723xx -c -I../Core/Inc -I../Drivers/STM32H7xx_HAL_Driver/Inc -I../Drivers/STM32H7xx_HAL_Driver/Inc/Legacy -I../Drivers/CMSIS/Device/ST/STM32H7xx/Include -I../Drivers/CMSIS/Include -I../USB_DEVICE/App -I../USB_DEVICE/Target -I../Middlewares/ST/STM32_USB_Device_Library/Core/Inc -I../Middlewares/ST/STM32_USB_Device_Library/Class/CDC/Inc -O0 -ffunction-sections -fdata-sections -Wall -fstack-usage -fcyclomatic-complexity -MMD -MP -MF"Core/Src/ULP_strip_effects.d" -MT"Core/Src/ULP_strip_effects.o" --specs=nano.specs -mfpu=fpv5-d16 -mfloat-abi=hard -mthumb -o "Core/Src/ULP_strip_effects.o"
arm-none-eabi-gcc -o "STM32-mainMCU.elf" @"objects.list"   -mcpu=cortex-m7 -T"C:\Users\micha\Desktop\ULP\ULP-Portable-3.0\STM32-mainMCU\STM32H723VGTX_FLASH.ld" --specs=nosys.specs -Wl,-Map="STM32-mainMCU.map" -Wl,--gc-sections -static --specs=nano.specs -mfpu=fpv5-d16 -mfloat-abi=hard -mthumb -Wl,--start-group -lc -lm -Wl,--end-group
Finished building target: STM32-mainMCU.elf
 
arm-none-eabi-size  STM32-mainMCU.elf 
arm-none-eabi-objdump -h -S STM32-mainMCU.elf  > "STM32-mainMCU.list"
   text	   data	    bss	    dec	    hex	filename
  52612	    260	   8908	  61780	   f154	STM32-mainMCU.elf
Finished building: default.size.stdout
 
Finished building: STM32-mainMCU.list
 
01:22:38 **** Incremental Build of configuration Debug for project STM32-mainMCU ****
make -j20 all 
arm-none-eabi-gcc "../Core/Src/main.c" -mcpu=cortex-m7 -std=gnu11 -g3 -DDEBUG -DUSE_HAL_DRIVER -DSTM32H723xx -c -I../Core/Inc -I../Drivers/STM32H7xx_HAL_Driver/Inc -I../Drivers/STM32H7xx_HAL_Driver/Inc/Legacy -I../Drivers/CMSIS/Device/ST/STM32H7xx/Include -I../Drivers/CMSIS/Include -I../USB_DEVICE/App -I../USB_DEVICE/Target -I../Middlewares/ST/STM32_USB_Device_Library/Core/Inc -I../Middlewares/ST/STM32_USB_Device_Library/Class/CDC/Inc -O0 -ffunction-sections -fdata-sections -Wall -fstack-usage -fcyclomatic-complexity -MMD -MP -MF"Core/Src/main.d" -MT"Core/Src/main.o" --specs=nano.specs -mfpu=fpv5-d16 -mfloat-abi=hard -mthumb -o "Core/Src/main.o"
arm-none-eabi-gcc -o "STM32-mainMCU.elf" @"objects.list"   -mcpu=cortex-m7 -T"C:\Users\micha\Desktop\ULP\ULP-Portable-3.0\STM32-mainMCU\STM32H723VGTX_FLASH.ld" --specs=nosys.specs -Wl,-Map="STM32-mainMCU.map" -Wl,--gc-sections -static --specs=nano.specs -mfpu=fpv5-d16 -mfloat-abi=hard -mthumb -Wl,--start-group -lc -lm -Wl,--end-group
Finished building target: STM32-mainMCU.elf
 
arm-none-eabi-size  STM32-mainMCU.elf 
arm-none-eabi-objdump -h -S STM32-mainMCU.elf  > "STM32-mainMCU.list"
   text	   data	    bss	    dec	    hex	filename
  52612	    260	   8908	  61780	   f154	STM32-mainMCU.elf
Finished building: default.size.stdout
 
Finished building: STM32-mainMCU.list
 
01:24:59 **** Incremental Build of configuration Debug for project STM32-mainMCU ****
make -j20 all 
arm-none-eabi-gcc "../Core/Src/main.c" -mcpu=cortex-m7 -std=gnu11 -g3 -DDEBUG -DUSE_HAL_DRIVER -DSTM32H723xx -c -I../Core/Inc -I../Drivers/STM32H7xx_HAL_Driver/Inc -I../Drivers/STM32H7xx_HAL_Driver/Inc/Legacy -I../Drivers/CMSIS/Device/ST/STM32H7xx/Include -I../Drivers/CMSIS/Include -I../USB_DEVICE/App -I../USB_DEVICE/Target -I../Middlewares/ST/STM32_USB_Device_Library/Core/Inc -I../Middlewares/ST/STM32_USB_Device_Library/Class/CDC/Inc -O0 -ffunction-sections -fdata-sections -Wall -fstack-usage -fcyclomatic-complexity -MMD -MP -MF"Core/Src/main.d" -MT"Core/Src/main.o" --specs=nano.specs -mfpu=fpv5-d16 -mfloat-abi=hard -mthumb -o "Core/Src/main.o"
arm-none-eabi-gcc -o "STM32-mainMCU.elf" @"objects.list"   -mcpu=cortex-m7 -T"C:\Users\micha\Desktop\ULP\ULP-Portable-3.0\STM32-mainMCU\STM32H723VGTX_FLASH.ld" --specs=nosys.specs -Wl,-Map="STM32-mainMCU.map" -Wl,--gc-sections -static --specs=nano.specs -mfpu=fpv5-d16 -mfloat-abi=hard -mthumb -Wl,--start-group -lc -lm -Wl,--end-group
Finished building target: STM32-mainMCU.elf
 
arm-none-eabi-size  STM32-mainMCU.elf 
arm-none-eabi-objdump -h -S STM32-mainMCU.elf  > "STM32-mainMCU.list"
   text	   data	    bss	    dec	    hex	filename
  52612	    260	   8908	  61780	   f154	STM32-mainMCU.elf
Finished building: default.size.stdout
 
Finished building: STM32-mainMCU.list
 
01:26:01 **** Incremental Build of configuration Debug for project STM32-mainMCU ****
make -j20 all 
arm-none-eabi-gcc "../Core/Src/main.c" -mcpu=cortex-m7 -std=gnu11 -g3 -DDEBUG -DUSE_HAL_DRIVER -DSTM32H723xx -c -I../Core/Inc -I../Drivers/STM32H7xx_HAL_Driver/Inc -I../Drivers/STM32H7xx_HAL_Driver/Inc/Legacy -I../Drivers/CMSIS/Device/ST/STM32H7xx/Include -I../Drivers/CMSIS/Include -I../USB_DEVICE/App -I../USB_DEVICE/Target -I../Middlewares/ST/STM32_USB_Device_Library/Core/Inc -I../Middlewares/ST/STM32_USB_Device_Library/Class/CDC/Inc -O0 -ffunction-sections -fdata-sections -Wall -fstack-usage -fcyclomatic-complexity -MMD -MP -MF"Core/Src/main.d" -MT"Core/Src/main.o" --specs=nano.specs -mfpu=fpv5-d16 -mfloat-abi=hard -mthumb -o "Core/Src/main.o"
arm-none-eabi-gcc -o "STM32-mainMCU.elf" @"objects.list"   -mcpu=cortex-m7 -T"C:\Users\micha\Desktop\ULP\ULP-Portable-3.0\STM32-mainMCU\STM32H723VGTX_FLASH.ld" --specs=nosys.specs -Wl,-Map="STM32-mainMCU.map" -Wl,--gc-sections -static --specs=nano.specs -mfpu=fpv5-d16 -mfloat-abi=hard -mthumb -Wl,--start-group -lc -lm -Wl,--end-group
Finished building target: STM32-mainMCU.elf
 
arm-none-eabi-size  STM32-mainMCU.elf 
arm-none-eabi-objdump -h -S STM32-mainMCU.elf  > "STM32-mainMCU.list"
   text	   data	    bss	    dec	    hex	filename
  52612	    260	   8908	  61780	   f154	STM32-mainMCU.elf
Finished building: default.size.stdout
 
Finished building: STM32-mainMCU.list
 
01:39:54 **** Incremental Build of configuration Debug for project STM32-mainMCU ****
make -j20 all 
arm-none-eabi-gcc "../Core/Src/ULP_strip_effects.c" -mcpu=cortex-m7 -std=gnu11 -g3 -DDEBUG -DUSE_HAL_DRIVER -DSTM32H723xx -c -I../Core/Inc -I../Drivers/STM32H7xx_HAL_Driver/Inc -I../Drivers/STM32H7xx_HAL_Driver/Inc/Legacy -I../Drivers/CMSIS/Device/ST/STM32H7xx/Include -I../Drivers/CMSIS/Include -I../USB_DEVICE/App -I../USB_DEVICE/Target -I../Middlewares/ST/STM32_USB_Device_Library/Core/Inc -I../Middlewares/ST/STM32_USB_Device_Library/Class/CDC/Inc -O0 -ffunction-sections -fdata-sections -Wall -fstack-usage -fcyclomatic-complexity -MMD -MP -MF"Core/Src/ULP_strip_effects.d" -MT"Core/Src/ULP_strip_effects.o" --specs=nano.specs -mfpu=fpv5-d16 -mfloat-abi=hard -mthumb -o "Core/Src/ULP_strip_effects.o"
arm-none-eabi-gcc "../Core/Src/main.c" -mcpu=cortex-m7 -std=gnu11 -g3 -DDEBUG -DUSE_HAL_DRIVER -DSTM32H723xx -c -I../Core/Inc -I../Drivers/STM32H7xx_HAL_Driver/Inc -I../Drivers/STM32H7xx_HAL_Driver/Inc/Legacy -I../Drivers/CMSIS/Device/ST/STM32H7xx/Include -I../Drivers/CMSIS/Include -I../USB_DEVICE/App -I../USB_DEVICE/Target -I../Middlewares/ST/STM32_USB_Device_Library/Core/Inc -I../Middlewares/ST/STM32_USB_Device_Library/Class/CDC/Inc -O0 -ffunction-sections -fdata-sections -Wall -fstack-usage -fcyclomatic-complexity -MMD -MP -MF"Core/Src/main.d" -MT"Core/Src/main.o" --specs=nano.specs -mfpu=fpv5-d16 -mfloat-abi=hard -mthumb -o "Core/Src/main.o"
arm-none-eabi-gcc -o "STM32-mainMCU.elf" @"objects.list"   -mcpu=cortex-m7 -T"C:\Users\micha\Desktop\ULP\ULP-Portable-3.0\STM32-mainMCU\STM32H723VGTX_FLASH.ld" --specs=nosys.specs -Wl,-Map="STM32-mainMCU.map" -Wl,--gc-sections -static --specs=nano.specs -mfpu=fpv5-d16 -mfloat-abi=hard -mthumb -Wl,--start-group -lc -lm -Wl,--end-group
Finished building target: STM32-mainMCU.elf
 
arm-none-eabi-size  STM32-mainMCU.elf 
arm-none-eabi-objdump -h -S STM32-mainMCU.elf  > "STM32-mainMCU.list"
   text	   data	    bss	    dec	    hex	filename
  52840	    260	   8908	  62008	   f238	STM32-mainMCU.elf
Finished building: default.size.stdout
 
Finished building: STM32-mainMCU.list
 
01:42:01 **** Incremental Build of configuration Debug for project STM32-mainMCU ****
make -j20 all 
arm-none-eabi-gcc "../Core/Src/ULP_strip_effects.c" -mcpu=cortex-m7 -std=gnu11 -g3 -DDEBUG -DUSE_HAL_DRIVER -DSTM32H723xx -c -I../Core/Inc -I../Drivers/STM32H7xx_HAL_Driver/Inc -I../Drivers/STM32H7xx_HAL_Driver/Inc/Legacy -I../Drivers/CMSIS/Device/ST/STM32H7xx/Include -I../Drivers/CMSIS/Include -I../USB_DEVICE/App -I../USB_DEVICE/Target -I../Middlewares/ST/STM32_USB_Device_Library/Core/Inc -I../Middlewares/ST/STM32_USB_Device_Library/Class/CDC/Inc -O0 -ffunction-sections -fdata-sections -Wall -fstack-usage -fcyclomatic-complexity -MMD -MP -MF"Core/Src/ULP_strip_effects.d" -MT"Core/Src/ULP_strip_effects.o" --specs=nano.specs -mfpu=fpv5-d16 -mfloat-abi=hard -mthumb -o "Core/Src/ULP_strip_effects.o"
arm-none-eabi-gcc -o "STM32-mainMCU.elf" @"objects.list"   -mcpu=cortex-m7 -T"C:\Users\micha\Desktop\ULP\ULP-Portable-3.0\STM32-mainMCU\STM32H723VGTX_FLASH.ld" --specs=nosys.specs -Wl,-Map="STM32-mainMCU.map" -Wl,--gc-sections -static --specs=nano.specs -mfpu=fpv5-d16 -mfloat-abi=hard -mthumb -Wl,--start-group -lc -lm -Wl,--end-group
Finished building target: STM32-mainMCU.elf
 
arm-none-eabi-size  STM32-mainMCU.elf 
arm-none-eabi-objdump -h -S STM32-mainMCU.elf  > "STM32-mainMCU.list"
   text	   data	    bss	    dec	    hex	filename
  52840	    260	   8908	  62008	   f238	STM32-mainMCU.elf
Finished building: default.size.stdout
 
Finished building: STM32-mainMCU.list
 
01:42:54 **** Incremental Build of configuration Debug for project STM32-mainMCU ****
make -j20 all 
arm-none-eabi-gcc "../Core/Src/ULP_strip_effects.c" -mcpu=cortex-m7 -std=gnu11 -g3 -DDEBUG -DUSE_HAL_DRIVER -DSTM32H723xx -c -I../Core/Inc -I../Drivers/STM32H7xx_HAL_Driver/Inc -I../Drivers/STM32H7xx_HAL_Driver/Inc/Legacy -I../Drivers/CMSIS/Device/ST/STM32H7xx/Include -I../Drivers/CMSIS/Include -I../USB_DEVICE/App -I../USB_DEVICE/Target -I../Middlewares/ST/STM32_USB_Device_Library/Core/Inc -I../Middlewares/ST/STM32_USB_Device_Library/Class/CDC/Inc -O0 -ffunction-sections -fdata-sections -Wall -fstack-usage -fcyclomatic-complexity -MMD -MP -MF"Core/Src/ULP_strip_effects.d" -MT"Core/Src/ULP_strip_effects.o" --specs=nano.specs -mfpu=fpv5-d16 -mfloat-abi=hard -mthumb -o "Core/Src/ULP_strip_effects.o"
arm-none-eabi-gcc -o "STM32-mainMCU.elf" @"objects.list"   -mcpu=cortex-m7 -T"C:\Users\micha\Desktop\ULP\ULP-Portable-3.0\STM32-mainMCU\STM32H723VGTX_FLASH.ld" --specs=nosys.specs -Wl,-Map="STM32-mainMCU.map" -Wl,--gc-sections -static --specs=nano.specs -mfpu=fpv5-d16 -mfloat-abi=hard -mthumb -Wl,--start-group -lc -lm -Wl,--end-group
Finished building target: STM32-mainMCU.elf
 
arm-none-eabi-size  STM32-mainMCU.elf 
arm-none-eabi-objdump -h -S STM32-mainMCU.elf  > "STM32-mainMCU.list"
   text	   data	    bss	    dec	    hex	filename
  52856	    260	   8908	  62024	   f248	STM32-mainMCU.elf
Finished building: default.size.stdout
 
Finished building: STM32-mainMCU.list
 
01:44:31 **** Incremental Build of configuration Debug for project STM32-mainMCU ****
make -j20 all 
arm-none-eabi-gcc "../Core/Src/ULP_strip_effects.c" -mcpu=cortex-m7 -std=gnu11 -g3 -DDEBUG -DUSE_HAL_DRIVER -DSTM32H723xx -c -I../Core/Inc -I../Drivers/STM32H7xx_HAL_Driver/Inc -I../Drivers/STM32H7xx_HAL_Driver/Inc/Legacy -I../Drivers/CMSIS/Device/ST/STM32H7xx/Include -I../Drivers/CMSIS/Include -I../USB_DEVICE/App -I../USB_DEVICE/Target -I../Middlewares/ST/STM32_USB_Device_Library/Core/Inc -I../Middlewares/ST/STM32_USB_Device_Library/Class/CDC/Inc -O0 -ffunction-sections -fdata-sections -Wall -fstack-usage -fcyclomatic-complexity -MMD -MP -MF"Core/Src/ULP_strip_effects.d" -MT"Core/Src/ULP_strip_effects.o" --specs=nano.specs -mfpu=fpv5-d16 -mfloat-abi=hard -mthumb -o "Core/Src/ULP_strip_effects.o"
arm-none-eabi-gcc -o "STM32-mainMCU.elf" @"objects.list"   -mcpu=cortex-m7 -T"C:\Users\micha\Desktop\ULP\ULP-Portable-3.0\STM32-mainMCU\STM32H723VGTX_FLASH.ld" --specs=nosys.specs -Wl,-Map="STM32-mainMCU.map" -Wl,--gc-sections -static --specs=nano.specs -mfpu=fpv5-d16 -mfloat-abi=hard -mthumb -Wl,--start-group -lc -lm -Wl,--end-group
Finished building target: STM32-mainMCU.elf
 
arm-none-eabi-size  STM32-mainMCU.elf 
arm-none-eabi-objdump -h -S STM32-mainMCU.elf  > "STM32-mainMCU.list"
   text	   data	    bss	    dec	    hex	filename
  52872	    260	   8908	  62040	   f258	STM32-mainMCU.elf
Finished building: default.size.stdout
 
Finished building: STM32-mainMCU.list
 
01:46:37 **** Incremental Build of configuration Debug for project STM32-mainMCU ****
make -j20 all 
arm-none-eabi-gcc "../Core/Src/main.c" -mcpu=cortex-m7 -std=gnu11 -g3 -DDEBUG -DUSE_HAL_DRIVER -DSTM32H723xx -c -I../Core/Inc -I../Drivers/STM32H7xx_HAL_Driver/Inc -I../Drivers/STM32H7xx_HAL_Driver/Inc/Legacy -I../Drivers/CMSIS/Device/ST/STM32H7xx/Include -I../Drivers/CMSIS/Include -I../USB_DEVICE/App -I../USB_DEVICE/Target -I../Middlewares/ST/STM32_USB_Device_Library/Core/Inc -I../Middlewares/ST/STM32_USB_Device_Library/Class/CDC/Inc -O0 -ffunction-sections -fdata-sections -Wall -fstack-usage -fcyclomatic-complexity -MMD -MP -MF"Core/Src/main.d" -MT"Core/Src/main.o" --specs=nano.specs -mfpu=fpv5-d16 -mfloat-abi=hard -mthumb -o "Core/Src/main.o"
arm-none-eabi-gcc -o "STM32-mainMCU.elf" @"objects.list"   -mcpu=cortex-m7 -T"C:\Users\micha\Desktop\ULP\ULP-Portable-3.0\STM32-mainMCU\STM32H723VGTX_FLASH.ld" --specs=nosys.specs -Wl,-Map="STM32-mainMCU.map" -Wl,--gc-sections -static --specs=nano.specs -mfpu=fpv5-d16 -mfloat-abi=hard -mthumb -Wl,--start-group -lc -lm -Wl,--end-group
Finished building target: STM32-mainMCU.elf
 
arm-none-eabi-size  STM32-mainMCU.elf 
arm-none-eabi-objdump -h -S STM32-mainMCU.elf  > "STM32-mainMCU.list"
   text	   data	    bss	    dec	    hex	filename
  52868	    260	   8908	  62036	   f254	STM32-mainMCU.elf
Finished building: default.size.stdout
 
Finished building: STM32-mainMCU.list
 
01:47:21 **** Incremental Build of configuration Debug for project STM32-mainMCU ****
make -j20 all 
arm-none-eabi-gcc "../Core/Src/main.c" -mcpu=cortex-m7 -std=gnu11 -g3 -DDEBUG -DUSE_HAL_DRIVER -DSTM32H723xx -c -I../Core/Inc -I../Drivers/STM32H7xx_HAL_Driver/Inc -I../Drivers/STM32H7xx_HAL_Driver/Inc/Legacy -I../Drivers/CMSIS/Device/ST/STM32H7xx/Include -I../Drivers/CMSIS/Include -I../USB_DEVICE/App -I../USB_DEVICE/Target -I../Middlewares/ST/STM32_USB_Device_Library/Core/Inc -I../Middlewares/ST/STM32_USB_Device_Library/Class/CDC/Inc -O0 -ffunction-sections -fdata-sections -Wall -fstack-usage -fcyclomatic-complexity -MMD -MP -MF"Core/Src/main.d" -MT"Core/Src/main.o" --specs=nano.specs -mfpu=fpv5-d16 -mfloat-abi=hard -mthumb -o "Core/Src/main.o"
arm-none-eabi-gcc -o "STM32-mainMCU.elf" @"objects.list"   -mcpu=cortex-m7 -T"C:\Users\micha\Desktop\ULP\ULP-Portable-3.0\STM32-mainMCU\STM32H723VGTX_FLASH.ld" --specs=nosys.specs -Wl,-Map="STM32-mainMCU.map" -Wl,--gc-sections -static --specs=nano.specs -mfpu=fpv5-d16 -mfloat-abi=hard -mthumb -Wl,--start-group -lc -lm -Wl,--end-group
Finished building target: STM32-mainMCU.elf
 
arm-none-eabi-size  STM32-mainMCU.elf 
arm-none-eabi-objdump -h -S STM32-mainMCU.elf  > "STM32-mainMCU.list"
   text	   data	    bss	    dec	    hex	filename
  52868	    260	   8908	  62036	   f254	STM32-mainMCU.elf
Finished building: default.size.stdout
 
Finished building: STM32-mainMCU.list
 
